<?xml version="1.0"?>
<link_info>
   <banner>TMS320C2000 Linker PC v16.9.1.LTS</banner>
   <copyright>Copyright (c) 1996-2015 Texas Instruments Incorporated</copyright>
   <link_time>0x5a9d671c</link_time>
   <link_errors>0x0</link_errors>
   <output_file>TAPAS_Fandriver.out</output_file>
   <entry_point>
      <name>_c_int00</name>
      <address>0xb01a</address>
   </entry_point>
   <input_file_list>
      <input_file id="fl-5">
         <path>.\</path>
         <kind>object</kind>
         <file>CodeStartBranch.obj</file>
         <name>CodeStartBranch.obj</name>
      </input_file>
      <input_file id="fl-6">
         <path>.\</path>
         <kind>object</kind>
         <file>TAPAS_Fandriver.obj</file>
         <name>TAPAS_Fandriver.obj</name>
      </input_file>
      <input_file id="fl-7">
         <path>.\</path>
         <kind>object</kind>
         <file>adc.obj</file>
         <name>adc.obj</name>
      </input_file>
      <input_file id="fl-8">
         <path>.\</path>
         <kind>object</kind>
         <file>clarke.obj</file>
         <name>clarke.obj</name>
      </input_file>
      <input_file id="fl-9">
         <path>.\</path>
         <kind>object</kind>
         <file>clk.obj</file>
         <name>clk.obj</name>
      </input_file>
      <input_file id="fl-a">
         <path>.\</path>
         <kind>object</kind>
         <file>cpu.obj</file>
         <name>cpu.obj</name>
      </input_file>
      <input_file id="fl-b">
         <path>.\</path>
         <kind>object</kind>
         <file>ctrl.obj</file>
         <name>ctrl.obj</name>
      </input_file>
      <input_file id="fl-c">
         <path>.\</path>
         <kind>object</kind>
         <file>filter_fo.obj</file>
         <name>filter_fo.obj</name>
      </input_file>
      <input_file id="fl-d">
         <path>.\</path>
         <kind>object</kind>
         <file>flash.obj</file>
         <name>flash.obj</name>
      </input_file>
      <input_file id="fl-e">
         <path>.\</path>
         <kind>object</kind>
         <file>gpio.obj</file>
         <name>gpio.obj</name>
      </input_file>
      <input_file id="fl-f">
         <path>.\</path>
         <kind>object</kind>
         <file>hal.obj</file>
         <name>hal.obj</name>
      </input_file>
      <input_file id="fl-10">
         <path>.\</path>
         <kind>object</kind>
         <file>ipark.obj</file>
         <name>ipark.obj</name>
      </input_file>
      <input_file id="fl-11">
         <path>.\</path>
         <kind>object</kind>
         <file>offset.obj</file>
         <name>offset.obj</name>
      </input_file>
      <input_file id="fl-12">
         <path>.\</path>
         <kind>object</kind>
         <file>osc.obj</file>
         <name>osc.obj</name>
      </input_file>
      <input_file id="fl-13">
         <path>.\</path>
         <kind>object</kind>
         <file>park.obj</file>
         <name>park.obj</name>
      </input_file>
      <input_file id="fl-14">
         <path>.\</path>
         <kind>object</kind>
         <file>pid.obj</file>
         <name>pid.obj</name>
      </input_file>
      <input_file id="fl-15">
         <path>.\</path>
         <kind>object</kind>
         <file>pie.obj</file>
         <name>pie.obj</name>
      </input_file>
      <input_file id="fl-16">
         <path>.\</path>
         <kind>object</kind>
         <file>pll.obj</file>
         <name>pll.obj</name>
      </input_file>
      <input_file id="fl-17">
         <path>.\</path>
         <kind>object</kind>
         <file>pwm.obj</file>
         <name>pwm.obj</name>
      </input_file>
      <input_file id="fl-18">
         <path>.\</path>
         <kind>object</kind>
         <file>pwr.obj</file>
         <name>pwr.obj</name>
      </input_file>
      <input_file id="fl-19">
         <path>.\</path>
         <kind>object</kind>
         <file>spi.obj</file>
         <name>spi.obj</name>
      </input_file>
      <input_file id="fl-1a">
         <path>.\</path>
         <kind>object</kind>
         <file>svgen.obj</file>
         <name>svgen.obj</name>
      </input_file>
      <input_file id="fl-1b">
         <path>.\</path>
         <kind>object</kind>
         <file>timer.obj</file>
         <name>timer.obj</name>
      </input_file>
      <input_file id="fl-1c">
         <path>.\</path>
         <kind>object</kind>
         <file>traj.obj</file>
         <name>traj.obj</name>
      </input_file>
      <input_file id="fl-1d">
         <path>.\</path>
         <kind>object</kind>
         <file>usDelay.obj</file>
         <name>usDelay.obj</name>
      </input_file>
      <input_file id="fl-1e">
         <path>.\</path>
         <kind>object</kind>
         <file>user.obj</file>
         <name>user.obj</name>
      </input_file>
      <input_file id="fl-1f">
         <path>.\</path>
         <kind>object</kind>
         <file>wdog.obj</file>
         <name>wdog.obj</name>
      </input_file>
      <input_file id="fl-23">
         <path>C:\ti\ccsv7\tools\compiler\ti-cgt-c2000_16.9.1.LTS\lib\</path>
         <kind>archive</kind>
         <file>rts2800_ml.lib</file>
         <name>fd_mpy28.obj</name>
      </input_file>
      <input_file id="fl-24">
         <path>C:\ti\ccsv7\tools\compiler\ti-cgt-c2000_16.9.1.LTS\lib\</path>
         <kind>archive</kind>
         <file>rts2800_ml.lib</file>
         <name>fd_tol28.obj</name>
      </input_file>
      <input_file id="fl-25">
         <path>C:\ti\ccsv7\tools\compiler\ti-cgt-c2000_16.9.1.LTS\lib\</path>
         <kind>archive</kind>
         <file>rts2800_ml.lib</file>
         <name>fs_add28.obj</name>
      </input_file>
      <input_file id="fl-26">
         <path>C:\ti\ccsv7\tools\compiler\ti-cgt-c2000_16.9.1.LTS\lib\</path>
         <kind>archive</kind>
         <file>rts2800_ml.lib</file>
         <name>fs_cmp28.obj</name>
      </input_file>
      <input_file id="fl-27">
         <path>C:\ti\ccsv7\tools\compiler\ti-cgt-c2000_16.9.1.LTS\lib\</path>
         <kind>archive</kind>
         <file>rts2800_ml.lib</file>
         <name>fs_div28.obj</name>
      </input_file>
      <input_file id="fl-28">
         <path>C:\ti\ccsv7\tools\compiler\ti-cgt-c2000_16.9.1.LTS\lib\</path>
         <kind>archive</kind>
         <file>rts2800_ml.lib</file>
         <name>fs_mpy28.obj</name>
      </input_file>
      <input_file id="fl-29">
         <path>C:\ti\ccsv7\tools\compiler\ti-cgt-c2000_16.9.1.LTS\lib\</path>
         <kind>archive</kind>
         <file>rts2800_ml.lib</file>
         <name>fs_neg28.obj</name>
      </input_file>
      <input_file id="fl-2a">
         <path>C:\ti\ccsv7\tools\compiler\ti-cgt-c2000_16.9.1.LTS\lib\</path>
         <kind>archive</kind>
         <file>rts2800_ml.lib</file>
         <name>fs_tofd28.obj</name>
      </input_file>
      <input_file id="fl-2b">
         <path>C:\ti\ccsv7\tools\compiler\ti-cgt-c2000_16.9.1.LTS\lib\</path>
         <kind>archive</kind>
         <file>rts2800_ml.lib</file>
         <name>fs_toi28.obj</name>
      </input_file>
      <input_file id="fl-2c">
         <path>C:\ti\ccsv7\tools\compiler\ti-cgt-c2000_16.9.1.LTS\lib\</path>
         <kind>archive</kind>
         <file>rts2800_ml.lib</file>
         <name>fs_tou28.obj</name>
      </input_file>
      <input_file id="fl-2d">
         <path>C:\ti\ccsv7\tools\compiler\ti-cgt-c2000_16.9.1.LTS\lib\</path>
         <kind>archive</kind>
         <file>rts2800_ml.lib</file>
         <name>fs_toul28.obj</name>
      </input_file>
      <input_file id="fl-2e">
         <path>C:\ti\ccsv7\tools\compiler\ti-cgt-c2000_16.9.1.LTS\lib\</path>
         <kind>archive</kind>
         <file>rts2800_ml.lib</file>
         <name>i_tofs28.obj</name>
      </input_file>
      <input_file id="fl-2f">
         <path>C:\ti\ccsv7\tools\compiler\ti-cgt-c2000_16.9.1.LTS\lib\</path>
         <kind>archive</kind>
         <file>rts2800_ml.lib</file>
         <name>u_tofs28.obj</name>
      </input_file>
      <input_file id="fl-30">
         <path>C:\ti\ccsv7\tools\compiler\ti-cgt-c2000_16.9.1.LTS\lib\</path>
         <kind>archive</kind>
         <file>rts2800_ml.lib</file>
         <name>ul_tofs28.obj</name>
      </input_file>
      <input_file id="fl-31">
         <path>C:\TAPAS_Fandriver\TAPAS-DSP\ti\motorware\motorware_1_01_00_18\sw\modules\fast\lib\32b\f28x\f2806x\</path>
         <kind>archive</kind>
         <file>2806xRevB_FastSpinROMSymbols.lib</file>
         <name>TMS320x2806x_REVB_boot_rom_out__CTRL_getVersion_tmp.obj</name>
      </input_file>
      <input_file id="fl-32">
         <path>C:\TAPAS_Fandriver\TAPAS-DSP\ti\motorware\motorware_1_01_00_18\sw\modules\fast\lib\32b\f28x\f2806x\</path>
         <kind>archive</kind>
         <file>2806xRevB_FastSpinROMSymbols.lib</file>
         <name>TMS320x2806x_REVB_boot_rom_out__CTRL_initCtrl_tmp.obj</name>
      </input_file>
      <input_file id="fl-33">
         <path>C:\TAPAS_Fandriver\TAPAS-DSP\ti\motorware\motorware_1_01_00_18\sw\modules\fast\lib\32b\f28x\f2806x\</path>
         <kind>archive</kind>
         <file>2806xRevB_FastSpinROMSymbols.lib</file>
         <name>TMS320x2806x_REVB_boot_rom_out__CTRL_runTraj_tmp.obj</name>
      </input_file>
      <input_file id="fl-34">
         <path>C:\TAPAS_Fandriver\TAPAS-DSP\ti\motorware\motorware_1_01_00_18\sw\modules\fast\lib\32b\f28x\f2806x\</path>
         <kind>archive</kind>
         <file>2806xRevB_FastSpinROMSymbols.lib</file>
         <name>TMS320x2806x_REVB_boot_rom_out__CTRL_setEstParams_tmp.obj</name>
      </input_file>
      <input_file id="fl-35">
         <path>C:\TAPAS_Fandriver\TAPAS-DSP\ti\motorware\motorware_1_01_00_18\sw\modules\fast\lib\32b\f28x\f2806x\</path>
         <kind>archive</kind>
         <file>2806xRevB_FastSpinROMSymbols.lib</file>
         <name>TMS320x2806x_REVB_boot_rom_out__CTRL_setUserMotorParams_tmp.obj</name>
      </input_file>
      <input_file id="fl-36">
         <path>C:\TAPAS_Fandriver\TAPAS-DSP\ti\motorware\motorware_1_01_00_18\sw\modules\fast\lib\32b\f28x\f2806x\</path>
         <kind>archive</kind>
         <file>2806xRevB_FastSpinROMSymbols.lib</file>
         <name>TMS320x2806x_REVB_boot_rom_out__CTRL_setupCtrl_tmp.obj</name>
      </input_file>
      <input_file id="fl-37">
         <path>C:\TAPAS_Fandriver\TAPAS-DSP\ti\motorware\motorware_1_01_00_18\sw\modules\fast\lib\32b\f28x\f2806x\</path>
         <kind>archive</kind>
         <file>2806xRevB_FastSpinROMSymbols.lib</file>
         <name>TMS320x2806x_REVB_boot_rom_out__CTRL_setupEstIdleState_tmp.obj</name>
      </input_file>
      <input_file id="fl-38">
         <path>C:\TAPAS_Fandriver\TAPAS-DSP\ti\motorware\motorware_1_01_00_18\sw\modules\fast\lib\32b\f28x\f2806x\</path>
         <kind>archive</kind>
         <file>2806xRevB_FastSpinROMSymbols.lib</file>
         <name>TMS320x2806x_REVB_boot_rom_out__CTRL_setupEstOnLineState_tmp.obj</name>
      </input_file>
      <input_file id="fl-39">
         <path>C:\TAPAS_Fandriver\TAPAS-DSP\ti\motorware\motorware_1_01_00_18\sw\modules\fast\lib\32b\f28x\f2806x\</path>
         <kind>archive</kind>
         <file>2806xRevB_FastSpinROMSymbols.lib</file>
         <name>TMS320x2806x_REVB_boot_rom_out__CTRL_setupTraj_tmp.obj</name>
      </input_file>
      <input_file id="fl-3a">
         <path>C:\TAPAS_Fandriver\TAPAS-DSP\ti\motorware\motorware_1_01_00_18\sw\modules\fast\lib\32b\f28x\f2806x\</path>
         <kind>archive</kind>
         <file>2806xRevB_FastSpinROMSymbols.lib</file>
         <name>TMS320x2806x_REVB_boot_rom_out__EST_doCurrentCtrl_tmp.obj</name>
      </input_file>
      <input_file id="fl-3b">
         <path>C:\TAPAS_Fandriver\TAPAS-DSP\ti\motorware\motorware_1_01_00_18\sw\modules\fast\lib\32b\f28x\f2806x\</path>
         <kind>archive</kind>
         <file>2806xRevB_FastSpinROMSymbols.lib</file>
         <name>TMS320x2806x_REVB_boot_rom_out__EST_doSpeedCtrl_tmp.obj</name>
      </input_file>
      <input_file id="fl-3c">
         <path>C:\TAPAS_Fandriver\TAPAS-DSP\ti\motorware\motorware_1_01_00_18\sw\modules\fast\lib\32b\f28x\f2806x\</path>
         <kind>archive</kind>
         <file>2806xRevB_FastSpinROMSymbols.lib</file>
         <name>TMS320x2806x_REVB_boot_rom_out__EST_getAngle_pu_tmp.obj</name>
      </input_file>
      <input_file id="fl-3d">
         <path>C:\TAPAS_Fandriver\TAPAS-DSP\ti\motorware\motorware_1_01_00_18\sw\modules\fast\lib\32b\f28x\f2806x\</path>
         <kind>archive</kind>
         <file>2806xRevB_FastSpinROMSymbols.lib</file>
         <name>TMS320x2806x_REVB_boot_rom_out__EST_getFlux_VpHz_tmp.obj</name>
      </input_file>
      <input_file id="fl-3e">
         <path>C:\TAPAS_Fandriver\TAPAS-DSP\ti\motorware\motorware_1_01_00_18\sw\modules\fast\lib\32b\f28x\f2806x\</path>
         <kind>archive</kind>
         <file>2806xRevB_FastSpinROMSymbols.lib</file>
         <name>TMS320x2806x_REVB_boot_rom_out__EST_getFlux_pu_tmp.obj</name>
      </input_file>
      <input_file id="fl-3f">
         <path>C:\TAPAS_Fandriver\TAPAS-DSP\ti\motorware\motorware_1_01_00_18\sw\modules\fast\lib\32b\f28x\f2806x\</path>
         <kind>archive</kind>
         <file>2806xRevB_FastSpinROMSymbols.lib</file>
         <name>TMS320x2806x_REVB_boot_rom_out__EST_getFm_pu_tmp.obj</name>
      </input_file>
      <input_file id="fl-40">
         <path>C:\TAPAS_Fandriver\TAPAS-DSP\ti\motorware\motorware_1_01_00_18\sw\modules\fast\lib\32b\f28x\f2806x\</path>
         <kind>archive</kind>
         <file>2806xRevB_FastSpinROMSymbols.lib</file>
         <name>TMS320x2806x_REVB_boot_rom_out__EST_getIdRated_tmp.obj</name>
      </input_file>
      <input_file id="fl-41">
         <path>C:\TAPAS_Fandriver\TAPAS-DSP\ti\motorware\motorware_1_01_00_18\sw\modules\fast\lib\32b\f28x\f2806x\</path>
         <kind>archive</kind>
         <file>2806xRevB_FastSpinROMSymbols.lib</file>
         <name>TMS320x2806x_REVB_boot_rom_out__EST_getLs_coarse_max_pu_tmp.obj</name>
      </input_file>
      <input_file id="fl-42">
         <path>C:\TAPAS_Fandriver\TAPAS-DSP\ti\motorware\motorware_1_01_00_18\sw\modules\fast\lib\32b\f28x\f2806x\</path>
         <kind>archive</kind>
         <file>2806xRevB_FastSpinROMSymbols.lib</file>
         <name>TMS320x2806x_REVB_boot_rom_out__EST_getLs_d_H_tmp.obj</name>
      </input_file>
      <input_file id="fl-43">
         <path>C:\TAPAS_Fandriver\TAPAS-DSP\ti\motorware\motorware_1_01_00_18\sw\modules\fast\lib\32b\f28x\f2806x\</path>
         <kind>archive</kind>
         <file>2806xRevB_FastSpinROMSymbols.lib</file>
         <name>TMS320x2806x_REVB_boot_rom_out__EST_getLs_d_pu_tmp.obj</name>
      </input_file>
      <input_file id="fl-44">
         <path>C:\TAPAS_Fandriver\TAPAS-DSP\ti\motorware\motorware_1_01_00_18\sw\modules\fast\lib\32b\f28x\f2806x\</path>
         <kind>archive</kind>
         <file>2806xRevB_FastSpinROMSymbols.lib</file>
         <name>TMS320x2806x_REVB_boot_rom_out__EST_getLs_q_H_tmp.obj</name>
      </input_file>
      <input_file id="fl-45">
         <path>C:\TAPAS_Fandriver\TAPAS-DSP\ti\motorware\motorware_1_01_00_18\sw\modules\fast\lib\32b\f28x\f2806x\</path>
         <kind>archive</kind>
         <file>2806xRevB_FastSpinROMSymbols.lib</file>
         <name>TMS320x2806x_REVB_boot_rom_out__EST_getLs_q_pu_tmp.obj</name>
      </input_file>
      <input_file id="fl-46">
         <path>C:\TAPAS_Fandriver\TAPAS-DSP\ti\motorware\motorware_1_01_00_18\sw\modules\fast\lib\32b\f28x\f2806x\</path>
         <kind>archive</kind>
         <file>2806xRevB_FastSpinROMSymbols.lib</file>
         <name>TMS320x2806x_REVB_boot_rom_out__EST_getMaxCurrentSlope_pu_tmp.obj</name>
      </input_file>
      <input_file id="fl-47">
         <path>C:\TAPAS_Fandriver\TAPAS-DSP\ti\motorware\motorware_1_01_00_18\sw\modules\fast\lib\32b\f28x\f2806x\</path>
         <kind>archive</kind>
         <file>2806xRevB_FastSpinROMSymbols.lib</file>
         <name>TMS320x2806x_REVB_boot_rom_out__EST_getOneOverDcBus_pu_tmp.obj</name>
      </input_file>
      <input_file id="fl-48">
         <path>C:\TAPAS_Fandriver\TAPAS-DSP\ti\motorware\motorware_1_01_00_18\sw\modules\fast\lib\32b\f28x\f2806x\</path>
         <kind>archive</kind>
         <file>2806xRevB_FastSpinROMSymbols.lib</file>
         <name>TMS320x2806x_REVB_boot_rom_out__EST_getRr_Ohm_tmp.obj</name>
      </input_file>
      <input_file id="fl-49">
         <path>C:\TAPAS_Fandriver\TAPAS-DSP\ti\motorware\motorware_1_01_00_18\sw\modules\fast\lib\32b\f28x\f2806x\</path>
         <kind>archive</kind>
         <file>2806xRevB_FastSpinROMSymbols.lib</file>
         <name>TMS320x2806x_REVB_boot_rom_out__EST_getRs_Ohm_tmp.obj</name>
      </input_file>
      <input_file id="fl-4a">
         <path>C:\TAPAS_Fandriver\TAPAS-DSP\ti\motorware\motorware_1_01_00_18\sw\modules\fast\lib\32b\f28x\f2806x\</path>
         <kind>archive</kind>
         <file>2806xRevB_FastSpinROMSymbols.lib</file>
         <name>TMS320x2806x_REVB_boot_rom_out__EST_getSpeed_krpm_tmp.obj</name>
      </input_file>
      <input_file id="fl-4b">
         <path>C:\TAPAS_Fandriver\TAPAS-DSP\ti\motorware\motorware_1_01_00_18\sw\modules\fast\lib\32b\f28x\f2806x\</path>
         <kind>archive</kind>
         <file>2806xRevB_FastSpinROMSymbols.lib</file>
         <name>TMS320x2806x_REVB_boot_rom_out__EST_getState_tmp.obj</name>
      </input_file>
      <input_file id="fl-4c">
         <path>C:\TAPAS_Fandriver\TAPAS-DSP\ti\motorware\motorware_1_01_00_18\sw\modules\fast\lib\32b\f28x\f2806x\</path>
         <kind>archive</kind>
         <file>2806xRevB_FastSpinROMSymbols.lib</file>
         <name>TMS320x2806x_REVB_boot_rom_out__EST_get_krpm_to_pu_sf_tmp.obj</name>
      </input_file>
      <input_file id="fl-4d">
         <path>C:\TAPAS_Fandriver\TAPAS-DSP\ti\motorware\motorware_1_01_00_18\sw\modules\fast\lib\32b\f28x\f2806x\</path>
         <kind>archive</kind>
         <file>2806xRevB_FastSpinROMSymbols.lib</file>
         <name>TMS320x2806x_REVB_boot_rom_out__EST_get_pu_to_krpm_sf_tmp.obj</name>
      </input_file>
      <input_file id="fl-4e">
         <path>C:\TAPAS_Fandriver\TAPAS-DSP\ti\motorware\motorware_1_01_00_18\sw\modules\fast\lib\32b\f28x\f2806x\</path>
         <kind>archive</kind>
         <file>2806xRevB_FastSpinROMSymbols.lib</file>
         <name>TMS320x2806x_REVB_boot_rom_out__EST_isError_tmp.obj</name>
      </input_file>
      <input_file id="fl-4f">
         <path>C:\TAPAS_Fandriver\TAPAS-DSP\ti\motorware\motorware_1_01_00_18\sw\modules\fast\lib\32b\f28x\f2806x\</path>
         <kind>archive</kind>
         <file>2806xRevB_FastSpinROMSymbols.lib</file>
         <name>TMS320x2806x_REVB_boot_rom_out__EST_isIdle_tmp.obj</name>
      </input_file>
      <input_file id="fl-50">
         <path>C:\TAPAS_Fandriver\TAPAS-DSP\ti\motorware\motorware_1_01_00_18\sw\modules\fast\lib\32b\f28x\f2806x\</path>
         <kind>archive</kind>
         <file>2806xRevB_FastSpinROMSymbols.lib</file>
         <name>TMS320x2806x_REVB_boot_rom_out__EST_isLockRotor_tmp.obj</name>
      </input_file>
      <input_file id="fl-51">
         <path>C:\TAPAS_Fandriver\TAPAS-DSP\ti\motorware\motorware_1_01_00_18\sw\modules\fast\lib\32b\f28x\f2806x\</path>
         <kind>archive</kind>
         <file>2806xRevB_FastSpinROMSymbols.lib</file>
         <name>TMS320x2806x_REVB_boot_rom_out__EST_isMotorIdentified_tmp.obj</name>
      </input_file>
      <input_file id="fl-52">
         <path>C:\TAPAS_Fandriver\TAPAS-DSP\ti\motorware\motorware_1_01_00_18\sw\modules\fast\lib\32b\f28x\f2806x\</path>
         <kind>archive</kind>
         <file>2806xRevB_FastSpinROMSymbols.lib</file>
         <name>TMS320x2806x_REVB_boot_rom_out__EST_isOnLine_tmp.obj</name>
      </input_file>
      <input_file id="fl-53">
         <path>C:\TAPAS_Fandriver\TAPAS-DSP\ti\motorware\motorware_1_01_00_18\sw\modules\fast\lib\32b\f28x\f2806x\</path>
         <kind>archive</kind>
         <file>2806xRevB_FastSpinROMSymbols.lib</file>
         <name>TMS320x2806x_REVB_boot_rom_out__EST_run_tmp.obj</name>
      </input_file>
      <input_file id="fl-54">
         <path>C:\TAPAS_Fandriver\TAPAS-DSP\ti\motorware\motorware_1_01_00_18\sw\modules\fast\lib\32b\f28x\f2806x\</path>
         <kind>archive</kind>
         <file>2806xRevB_FastSpinROMSymbols.lib</file>
         <name>TMS320x2806x_REVB_boot_rom_out__EST_setFlag_enableForceAngle_tmp.obj</name>
      </input_file>
      <input_file id="fl-55">
         <path>C:\TAPAS_Fandriver\TAPAS-DSP\ti\motorware\motorware_1_01_00_18\sw\modules\fast\lib\32b\f28x\f2806x\</path>
         <kind>archive</kind>
         <file>2806xRevB_FastSpinROMSymbols.lib</file>
         <name>TMS320x2806x_REVB_boot_rom_out__EST_setFlag_enableRsRecalc_tmp.obj</name>
      </input_file>
      <input_file id="fl-56">
         <path>C:\TAPAS_Fandriver\TAPAS-DSP\ti\motorware\motorware_1_01_00_18\sw\modules\fast\lib\32b\f28x\f2806x\</path>
         <kind>archive</kind>
         <file>2806xRevB_FastSpinROMSymbols.lib</file>
         <name>TMS320x2806x_REVB_boot_rom_out__EST_setId_ref_pu_tmp.obj</name>
      </input_file>
      <input_file id="fl-57">
         <path>C:\TAPAS_Fandriver\TAPAS-DSP\ti\motorware\motorware_1_01_00_18\sw\modules\fast\lib\32b\f28x\f2806x\</path>
         <kind>archive</kind>
         <file>2806xRevB_FastSpinROMSymbols.lib</file>
         <name>TMS320x2806x_REVB_boot_rom_out__EST_setIdle_tmp.obj</name>
      </input_file>
      <input_file id="fl-58">
         <path>C:\TAPAS_Fandriver\TAPAS-DSP\ti\motorware\motorware_1_01_00_18\sw\modules\fast\lib\32b\f28x\f2806x\</path>
         <kind>archive</kind>
         <file>2806xRevB_FastSpinROMSymbols.lib</file>
         <name>TMS320x2806x_REVB_boot_rom_out__EST_setIdle_all_tmp.obj</name>
      </input_file>
      <input_file id="fl-59">
         <path>C:\TAPAS_Fandriver\TAPAS-DSP\ti\motorware\motorware_1_01_00_18\sw\modules\fast\lib\32b\f28x\f2806x\</path>
         <kind>archive</kind>
         <file>2806xRevB_FastSpinROMSymbols.lib</file>
         <name>TMS320x2806x_REVB_boot_rom_out__EST_setIq_ref_pu_tmp.obj</name>
      </input_file>
      <input_file id="fl-5a">
         <path>C:\TAPAS_Fandriver\TAPAS-DSP\ti\motorware\motorware_1_01_00_18\sw\modules\fast\lib\32b\f28x\f2806x\</path>
         <kind>archive</kind>
         <file>2806xRevB_FastSpinROMSymbols.lib</file>
         <name>TMS320x2806x_REVB_boot_rom_out__EST_setLs_d_pu_tmp.obj</name>
      </input_file>
      <input_file id="fl-5b">
         <path>C:\TAPAS_Fandriver\TAPAS-DSP\ti\motorware\motorware_1_01_00_18\sw\modules\fast\lib\32b\f28x\f2806x\</path>
         <kind>archive</kind>
         <file>2806xRevB_FastSpinROMSymbols.lib</file>
         <name>TMS320x2806x_REVB_boot_rom_out__EST_setLs_qFmt_tmp.obj</name>
      </input_file>
      <input_file id="fl-5c">
         <path>C:\TAPAS_Fandriver\TAPAS-DSP\ti\motorware\motorware_1_01_00_18\sw\modules\fast\lib\32b\f28x\f2806x\</path>
         <kind>archive</kind>
         <file>2806xRevB_FastSpinROMSymbols.lib</file>
         <name>TMS320x2806x_REVB_boot_rom_out__EST_setLs_q_pu_tmp.obj</name>
      </input_file>
      <input_file id="fl-5d">
         <path>C:\TAPAS_Fandriver\TAPAS-DSP\ti\motorware\motorware_1_01_00_18\sw\modules\fast\lib\32b\f28x\f2806x\</path>
         <kind>archive</kind>
         <file>2806xRevB_FastSpinROMSymbols.lib</file>
         <name>TMS320x2806x_REVB_boot_rom_out__EST_setMaxCurrentSlope_pu_tmp.obj</name>
      </input_file>
      <input_file id="fl-5e">
         <path>C:\TAPAS_Fandriver\TAPAS-DSP\ti\motorware\motorware_1_01_00_18\sw\modules\fast\lib\32b\f28x\f2806x\</path>
         <kind>archive</kind>
         <file>2806xRevB_FastSpinROMSymbols.lib</file>
         <name>TMS320x2806x_REVB_boot_rom_out__EST_setRs_pu_tmp.obj</name>
      </input_file>
      <input_file id="fl-5f">
         <path>C:\TAPAS_Fandriver\TAPAS-DSP\ti\motorware\motorware_1_01_00_18\sw\modules\fast\lib\32b\f28x\f2806x\</path>
         <kind>archive</kind>
         <file>2806xRevB_FastSpinROMSymbols.lib</file>
         <name>TMS320x2806x_REVB_boot_rom_out__EST_updateId_ref_pu_tmp.obj</name>
      </input_file>
      <input_file id="fl-60">
         <path>C:\TAPAS_Fandriver\TAPAS-DSP\ti\motorware\motorware_1_01_00_18\sw\modules\fast\lib\32b\f28x\f2806x\</path>
         <kind>archive</kind>
         <file>2806xRevB_FastSpinROMSymbols.lib</file>
         <name>TMS320x2806x_REVB_boot_rom_out__EST_updateState_tmp.obj</name>
      </input_file>
      <input_file id="fl-61">
         <path>C:\TAPAS_Fandriver\TAPAS-DSP\ti\motorware\motorware_1_01_00_18\sw\modules\fast\lib\32b\f28x\f2806x\</path>
         <kind>archive</kind>
         <file>2806xRevB_FastSpinROMSymbols.lib</file>
         <name>TMS320x2806x_REVB_boot_rom_out__EST_useZeroIq_ref_tmp.obj</name>
      </input_file>
      <input_file id="fl-62">
         <path>C:\TAPAS_Fandriver\TAPAS-DSP\ti\motorware\motorware_1_01_00_18\sw\modules\iqmath\lib\f28x\32b\</path>
         <kind>archive</kind>
         <file>IQmath.lib</file>
         <name>IQ24cosPU.obj</name>
      </input_file>
      <input_file id="fl-63">
         <path>C:\TAPAS_Fandriver\TAPAS-DSP\ti\motorware\motorware_1_01_00_18\sw\modules\iqmath\lib\f28x\32b\</path>
         <kind>archive</kind>
         <file>IQmath.lib</file>
         <name>IQmathTables.obj</name>
      </input_file>
      <input_file id="fl-64">
         <path>C:\TAPAS_Fandriver\TAPAS-DSP\ti\motorware\motorware_1_01_00_18\sw\modules\iqmath\lib\f28x\32b\</path>
         <kind>archive</kind>
         <file>IQmath.lib</file>
         <name>IQ24div.obj</name>
      </input_file>
      <input_file id="fl-65">
         <path>C:\TAPAS_Fandriver\TAPAS-DSP\ti\motorware\motorware_1_01_00_18\sw\modules\iqmath\lib\f28x\32b\</path>
         <kind>archive</kind>
         <file>IQmath.lib</file>
         <name>IQ24sinPU.obj</name>
      </input_file>
      <input_file id="fl-66">
         <path>C:\TAPAS_Fandriver\TAPAS-DSP\ti\motorware\motorware_1_01_00_18\sw\modules\iqmath\lib\f28x\32b\</path>
         <kind>archive</kind>
         <file>IQmath.lib</file>
         <name>IQ24sqrt.obj</name>
      </input_file>
      <input_file id="fl-67">
         <path>C:\TAPAS_Fandriver\TAPAS-DSP\ti\motorware\motorware_1_01_00_18\sw\modules\iqmath\lib\f28x\32b\</path>
         <kind>archive</kind>
         <file>IQmath.lib</file>
         <name>IQ24toF.obj</name>
      </input_file>
      <input_file id="fl-68">
         <path>C:\TAPAS_Fandriver\TAPAS-DSP\ti\motorware\motorware_1_01_00_18\sw\modules\iqmath\lib\f28x\32b\</path>
         <kind>archive</kind>
         <file>IQmath.lib</file>
         <name>IQ30toF.obj</name>
      </input_file>
      <input_file id="fl-69">
         <path>C:\ti\ccsv7\tools\compiler\ti-cgt-c2000_16.9.1.LTS\lib\</path>
         <kind>archive</kind>
         <file>rts2800_ml.lib</file>
         <name>boot28.obj</name>
      </input_file>
      <input_file id="fl-6a">
         <path>C:\ti\ccsv7\tools\compiler\ti-cgt-c2000_16.9.1.LTS\lib\</path>
         <kind>archive</kind>
         <file>rts2800_ml.lib</file>
         <name>args_main.obj</name>
      </input_file>
      <input_file id="fl-6b">
         <path>C:\ti\ccsv7\tools\compiler\ti-cgt-c2000_16.9.1.LTS\lib\</path>
         <kind>archive</kind>
         <file>rts2800_ml.lib</file>
         <name>startup.obj</name>
      </input_file>
      <input_file id="fl-6c">
         <path>C:\ti\ccsv7\tools\compiler\ti-cgt-c2000_16.9.1.LTS\lib\</path>
         <kind>archive</kind>
         <file>rts2800_ml.lib</file>
         <name>pre_init.obj</name>
      </input_file>
      <input_file id="fl-6d">
         <path>C:\ti\ccsv7\tools\compiler\ti-cgt-c2000_16.9.1.LTS\lib\</path>
         <kind>archive</kind>
         <file>rts2800_ml.lib</file>
         <name>s_ceilf.obj</name>
      </input_file>
      <input_file id="fl-6e">
         <path>C:\ti\ccsv7\tools\compiler\ti-cgt-c2000_16.9.1.LTS\lib\</path>
         <kind>archive</kind>
         <file>rts2800_ml.lib</file>
         <name>cpy_tbl.obj</name>
      </input_file>
      <input_file id="fl-6f">
         <path>C:\ti\ccsv7\tools\compiler\ti-cgt-c2000_16.9.1.LTS\lib\</path>
         <kind>archive</kind>
         <file>rts2800_ml.lib</file>
         <name>exit.obj</name>
      </input_file>
      <input_file id="fl-70">
         <path>C:\ti\ccsv7\tools\compiler\ti-cgt-c2000_16.9.1.LTS\lib\</path>
         <kind>archive</kind>
         <file>rts2800_ml.lib</file>
         <name>_lock.obj</name>
      </input_file>
      <input_file id="fl-71">
         <path>C:\ti\ccsv7\tools\compiler\ti-cgt-c2000_16.9.1.LTS\lib\</path>
         <kind>archive</kind>
         <file>rts2800_ml.lib</file>
         <name>e_logf.obj</name>
      </input_file>
      <input_file id="fl-72">
         <path>C:\ti\ccsv7\tools\compiler\ti-cgt-c2000_16.9.1.LTS\lib\</path>
         <kind>archive</kind>
         <file>rts2800_ml.lib</file>
         <name>l_tofs28.obj</name>
      </input_file>
      <input_file id="fl-73">
         <path>C:\ti\ccsv7\tools\compiler\ti-cgt-c2000_16.9.1.LTS\lib\</path>
         <kind>archive</kind>
         <file>rts2800_ml.lib</file>
         <name>errno.obj</name>
      </input_file>
      <input_file id="fl-74">
         <path>C:\ti\ccsv7\tools\compiler\ti-cgt-c2000_16.9.1.LTS\lib\</path>
         <kind>archive</kind>
         <file>rts2800_ml.lib</file>
         <name>memcpy.obj</name>
      </input_file>
      <input_file id="fl-75">
         <path>C:\ti\ccsv7\tools\compiler\ti-cgt-c2000_16.9.1.LTS\lib\</path>
         <kind>archive</kind>
         <file>rts2800_ml.lib</file>
         <name>e_powf.obj</name>
      </input_file>
      <input_file id="fl-76">
         <path>C:\ti\ccsv7\tools\compiler\ti-cgt-c2000_16.9.1.LTS\lib\</path>
         <kind>archive</kind>
         <file>rts2800_ml.lib</file>
         <name>s_scalbnf.obj</name>
      </input_file>
      <input_file id="fl-77">
         <path>C:\ti\ccsv7\tools\compiler\ti-cgt-c2000_16.9.1.LTS\lib\</path>
         <kind>archive</kind>
         <file>rts2800_ml.lib</file>
         <name>s_copysignf.obj</name>
      </input_file>
      <input_file id="fl-78">
         <path>C:\ti\ccsv7\tools\compiler\ti-cgt-c2000_16.9.1.LTS\lib\</path>
         <kind>archive</kind>
         <file>rts2800_ml.lib</file>
         <name>e_sqrtf.obj</name>
      </input_file>
   </input_file_list>
   <object_component_list>
      <object_component id="oc-47">
         <name>codestart</name>
         <load_address>0x0</load_address>
         <run_address>0x0</run_address>
         <size>0x2</size>
         <input_file_ref idref="fl-5"/>
      </object_component>
      <object_component id="oc-193">
         <name>ramfuncs</name>
         <load_address>0x113</load_address>
         <run_address>0x113</run_address>
         <size>0x32</size>
         <input_file_ref idref="fl-d"/>
      </object_component>
      <object_component id="oc-c7">
         <name>ramfuncs</name>
         <load_address>0x145</load_address>
         <run_address>0x145</run_address>
         <size>0x4</size>
         <input_file_ref idref="fl-1d"/>
      </object_component>
      <object_component id="oc-184">
         <name>.text</name>
         <load_address>0x8000</load_address>
         <run_address>0x8000</run_address>
         <size>0xb2a</size>
         <input_file_ref idref="fl-f"/>
      </object_component>
      <object_component id="oc-183">
         <name>.text</name>
         <load_address>0x8b2a</load_address>
         <run_address>0x8b2a</run_address>
         <size>0x98f</size>
         <input_file_ref idref="fl-b"/>
      </object_component>
      <object_component id="oc-19b">
         <name>.text</name>
         <load_address>0x94b9</load_address>
         <run_address>0x94b9</run_address>
         <size>0x42d</size>
         <input_file_ref idref="fl-1e"/>
      </object_component>
      <object_component id="oc-1a1">
         <name>.text</name>
         <load_address>0x98e6</load_address>
         <run_address>0x98e6</run_address>
         <size>0x41f</size>
         <input_file_ref idref="fl-75"/>
      </object_component>
      <object_component id="oc-186">
         <name>.text</name>
         <load_address>0x9d05</load_address>
         <run_address>0x9d05</run_address>
         <size>0x33a</size>
         <input_file_ref idref="fl-6"/>
      </object_component>
      <object_component id="oc-180">
         <name>.text</name>
         <load_address>0xa03f</load_address>
         <run_address>0xa03f</run_address>
         <size>0x2f7</size>
         <input_file_ref idref="fl-17"/>
      </object_component>
      <object_component id="oc-194">
         <name>.text</name>
         <load_address>0xa336</load_address>
         <run_address>0xa336</run_address>
         <size>0x1f8</size>
         <input_file_ref idref="fl-7"/>
      </object_component>
      <object_component id="oc-190">
         <name>.text</name>
         <load_address>0xa52e</load_address>
         <run_address>0xa52e</run_address>
         <size>0x18a</size>
         <input_file_ref idref="fl-9"/>
      </object_component>
      <object_component id="oc-19f">
         <name>.text</name>
         <load_address>0xa6b8</load_address>
         <run_address>0xa6b8</run_address>
         <size>0x186</size>
         <input_file_ref idref="fl-71"/>
      </object_component>
      <object_component id="oc-181">
         <name>.text</name>
         <load_address>0xa83e</load_address>
         <run_address>0xa83e</run_address>
         <size>0x175</size>
         <input_file_ref idref="fl-e"/>
      </object_component>
      <object_component id="oc-4f">
         <name>.text:retain</name>
         <load_address>0xa9b3</load_address>
         <run_address>0xa9b3</run_address>
         <size>0x144</size>
         <input_file_ref idref="fl-6"/>
      </object_component>
      <object_component id="oc-192">
         <name>.text</name>
         <load_address>0xaaf7</load_address>
         <run_address>0xaaf7</run_address>
         <size>0xff</size>
         <input_file_ref idref="fl-15"/>
      </object_component>
      <object_component id="oc-18f">
         <name>.text</name>
         <load_address>0xabf6</load_address>
         <run_address>0xabf6</run_address>
         <size>0xa9</size>
         <input_file_ref idref="fl-19"/>
      </object_component>
      <object_component id="oc-d7">
         <name>.text</name>
         <load_address>0xac9f</load_address>
         <run_address>0xac9f</run_address>
         <size>0x83</size>
         <input_file_ref idref="fl-23"/>
      </object_component>
      <object_component id="oc-eb">
         <name>.text</name>
         <load_address>0xad22</load_address>
         <run_address>0xad22</run_address>
         <size>0x83</size>
         <input_file_ref idref="fl-27"/>
      </object_component>
      <object_component id="oc-e1">
         <name>.text</name>
         <load_address>0xada5</load_address>
         <run_address>0xada5</run_address>
         <size>0x78</size>
         <input_file_ref idref="fl-25"/>
      </object_component>
      <object_component id="oc-1a3">
         <name>.text</name>
         <load_address>0xae1d</load_address>
         <run_address>0xae1d</run_address>
         <size>0x76</size>
         <input_file_ref idref="fl-78"/>
      </object_component>
      <object_component id="oc-1a0">
         <name>.text</name>
         <load_address>0xae93</load_address>
         <run_address>0xae93</run_address>
         <size>0x69</size>
         <input_file_ref idref="fl-6d"/>
      </object_component>
      <object_component id="oc-1a7">
         <name>.text</name>
         <load_address>0xaefc</load_address>
         <run_address>0xaefc</run_address>
         <size>0x69</size>
         <input_file_ref idref="fl-76"/>
      </object_component>
      <object_component id="oc-191">
         <name>.text</name>
         <load_address>0xaf65</load_address>
         <run_address>0xaf65</run_address>
         <size>0x5b</size>
         <input_file_ref idref="fl-16"/>
      </object_component>
      <object_component id="oc-f0">
         <name>.text</name>
         <load_address>0xafc0</load_address>
         <run_address>0xafc0</run_address>
         <size>0x5a</size>
         <input_file_ref idref="fl-28"/>
      </object_component>
      <object_component id="oc-14">
         <name>.text</name>
         <load_address>0xb01a</load_address>
         <run_address>0xb01a</run_address>
         <size>0x54</size>
         <input_file_ref idref="fl-69"/>
      </object_component>
      <object_component id="oc-196">
         <name>.text</name>
         <load_address>0xb06e</load_address>
         <run_address>0xb06e</run_address>
         <size>0x47</size>
         <input_file_ref idref="fl-11"/>
      </object_component>
      <object_component id="oc-198">
         <name>.text</name>
         <load_address>0xb0b5</load_address>
         <run_address>0xb0b5</run_address>
         <size>0x46</size>
         <input_file_ref idref="fl-1f"/>
      </object_component>
      <object_component id="oc-19a">
         <name>.text</name>
         <load_address>0xb0fb</load_address>
         <run_address>0xb0fb</run_address>
         <size>0x44</size>
         <input_file_ref idref="fl-18"/>
      </object_component>
      <object_component id="oc-182">
         <name>.text</name>
         <load_address>0xb13f</load_address>
         <run_address>0xb13f</run_address>
         <size>0x32</size>
         <input_file_ref idref="fl-1b"/>
      </object_component>
      <object_component id="oc-195">
         <name>.text</name>
         <load_address>0xb171</load_address>
         <run_address>0xb171</run_address>
         <size>0x2d</size>
         <input_file_ref idref="fl-12"/>
      </object_component>
      <object_component id="oc-17f">
         <name>.text</name>
         <load_address>0xb19e</load_address>
         <run_address>0xb19e</run_address>
         <size>0x29</size>
         <input_file_ref idref="fl-6f"/>
      </object_component>
      <object_component id="oc-197">
         <name>.text</name>
         <load_address>0xb1c7</load_address>
         <run_address>0xb1c7</run_address>
         <size>0x25</size>
         <input_file_ref idref="fl-a"/>
      </object_component>
      <object_component id="oc-ff">
         <name>.text</name>
         <load_address>0xb1ec</load_address>
         <run_address>0xb1ec</run_address>
         <size>0x25</size>
         <input_file_ref idref="fl-2b"/>
      </object_component>
      <object_component id="oc-17c">
         <name>.text</name>
         <load_address>0xb211</load_address>
         <run_address>0xb211</run_address>
         <size>0x24</size>
         <input_file_ref idref="fl-6e"/>
      </object_component>
      <object_component id="oc-19e">
         <name>.text</name>
         <load_address>0xb235</load_address>
         <run_address>0xb235</run_address>
         <size>0x21</size>
         <input_file_ref idref="fl-c"/>
      </object_component>
      <object_component id="oc-109">
         <name>.text</name>
         <load_address>0xb256</load_address>
         <run_address>0xb256</run_address>
         <size>0x21</size>
         <input_file_ref idref="fl-2d"/>
      </object_component>
      <object_component id="oc-199">
         <name>.text</name>
         <load_address>0xb277</load_address>
         <run_address>0xb277</run_address>
         <size>0x20</size>
         <input_file_ref idref="fl-d"/>
      </object_component>
      <object_component id="oc-dc">
         <name>.text</name>
         <load_address>0xb297</load_address>
         <run_address>0xb297</run_address>
         <size>0x1f</size>
         <input_file_ref idref="fl-24"/>
      </object_component>
      <object_component id="oc-104">
         <name>.text</name>
         <load_address>0xb2b6</load_address>
         <run_address>0xb2b6</run_address>
         <size>0x1d</size>
         <input_file_ref idref="fl-2c"/>
      </object_component>
      <object_component id="oc-185">
         <name>.text</name>
         <load_address>0xb2d3</load_address>
         <run_address>0xb2d3</run_address>
         <size>0x1d</size>
         <input_file_ref idref="fl-74"/>
      </object_component>
      <object_component id="oc-fa">
         <name>.text</name>
         <load_address>0xb2f0</load_address>
         <run_address>0xb2f0</run_address>
         <size>0x1c</size>
         <input_file_ref idref="fl-2a"/>
      </object_component>
      <object_component id="oc-10e">
         <name>.text</name>
         <load_address>0xb30c</load_address>
         <run_address>0xb30c</run_address>
         <size>0x1a</size>
         <input_file_ref idref="fl-2e"/>
      </object_component>
      <object_component id="oc-156">
         <name>.text</name>
         <load_address>0xb326</load_address>
         <run_address>0xb326</run_address>
         <size>0x1a</size>
         <input_file_ref idref="fl-72"/>
      </object_component>
      <object_component id="oc-17e">
         <name>.text</name>
         <load_address>0xb340</load_address>
         <run_address>0xb340</run_address>
         <size>0x19</size>
         <input_file_ref idref="fl-6a"/>
      </object_component>
      <object_component id="oc-e6">
         <name>.text</name>
         <load_address>0xb359</load_address>
         <run_address>0xb359</run_address>
         <size>0x17</size>
         <input_file_ref idref="fl-26"/>
      </object_component>
      <object_component id="oc-118">
         <name>.text</name>
         <load_address>0xb370</load_address>
         <run_address>0xb370</run_address>
         <size>0x13</size>
         <input_file_ref idref="fl-30"/>
      </object_component>
      <object_component id="oc-113">
         <name>.text</name>
         <load_address>0xb383</load_address>
         <run_address>0xb383</run_address>
         <size>0x10</size>
         <input_file_ref idref="fl-2f"/>
      </object_component>
      <object_component id="oc-1a8">
         <name>.text</name>
         <load_address>0xb393</load_address>
         <run_address>0xb393</run_address>
         <size>0xa</size>
         <input_file_ref idref="fl-77"/>
      </object_component>
      <object_component id="oc-19c">
         <name>.text</name>
         <load_address>0xb39d</load_address>
         <run_address>0xb39d</run_address>
         <size>0x9</size>
         <input_file_ref idref="fl-70"/>
      </object_component>
      <object_component id="oc-46">
         <name>.text</name>
         <load_address>0xb3a6</load_address>
         <run_address>0xb3a6</run_address>
         <size>0x8</size>
         <input_file_ref idref="fl-5"/>
      </object_component>
      <object_component id="oc-9f">
         <name>.text:retain</name>
         <load_address>0xb3ae</load_address>
         <run_address>0xb3ae</run_address>
         <size>0x5</size>
         <input_file_ref idref="fl-15"/>
      </object_component>
      <object_component id="oc-f5">
         <name>.text</name>
         <load_address>0xb3b3</load_address>
         <run_address>0xb3b3</run_address>
         <size>0x5</size>
         <input_file_ref idref="fl-29"/>
      </object_component>
      <object_component id="oc-17b">
         <name>.text</name>
         <load_address>0xb3b8</load_address>
         <run_address>0xb3b8</run_address>
         <size>0x2</size>
         <input_file_ref idref="fl-6c"/>
      </object_component>
      <object_component id="oc-17d">
         <name>.text</name>
         <load_address>0xb3ba</load_address>
         <run_address>0xb3ba</run_address>
         <size>0x1</size>
         <input_file_ref idref="fl-6b"/>
      </object_component>
      <object_component id="oc-4d">
         <name>.cinit</name>
         <load_address>0x50</load_address>
         <run_address>0x50</run_address>
         <size>0xa5</size>
         <input_file_ref idref="fl-6"/>
      </object_component>
      <object_component id="oc-145">
         <name>.cinit</name>
         <load_address>0xf5</load_address>
         <run_address>0xf5</run_address>
         <size>0xe</size>
         <input_file_ref idref="fl-6f"/>
      </object_component>
      <object_component id="oc-188">
         <name>.cinit:__lock</name>
         <load_address>0x103</load_address>
         <run_address>0x103</run_address>
         <size>0x5</size>
         <input_file_ref idref="fl-70"/>
      </object_component>
      <object_component id="oc-19d">
         <name>.cinit:__unlock</name>
         <load_address>0x108</load_address>
         <run_address>0x108</run_address>
         <size>0x5</size>
         <input_file_ref idref="fl-70"/>
      </object_component>
      <object_component id="oc-15c">
         <name>.cinit</name>
         <load_address>0x10d</load_address>
         <run_address>0x10d</run_address>
         <size>0x4</size>
         <input_file_ref idref="fl-73"/>
      </object_component>
      <object_component id="oc-125">
         <name>.reset</name>
         <load_address>0x3fffc0</load_address>
         <run_address>0x3fffc0</run_address>
         <size>0x2</size>
         <input_file_ref idref="fl-69"/>
      </object_component>
      <object_component id="oc-124">
         <name>.stack</name>
         <uninitialized>true</uninitialized>
         <run_address>0x400</run_address>
         <size>0x0</size>
         <input_file_ref idref="fl-69"/>
      </object_component>
      <object_component id="oc-1c6">
         <name>.stack</name>
         <uninitialized>true</uninitialized>
         <run_address>0x400</run_address>
         <size>0x0</size>
      </object_component>
      <object_component id="oc-4e">
         <name>.ebss</name>
         <uninitialized>true</uninitialized>
         <run_address>0xb3c0</run_address>
         <size>0x1ac</size>
         <input_file_ref idref="fl-6"/>
      </object_component>
      <object_component id="oc-64">
         <name>.ebss</name>
         <uninitialized>true</uninitialized>
         <run_address>0xb572</run_address>
         <size>0x1</size>
         <input_file_ref idref="fl-a"/>
      </object_component>
      <object_component id="oc-7f">
         <name>.ebss</name>
         <uninitialized>true</uninitialized>
         <run_address>0xb580</run_address>
         <size>0xaa</size>
         <input_file_ref idref="fl-f"/>
      </object_component>
      <object_component id="oc-146">
         <name>.ebss</name>
         <uninitialized>true</uninitialized>
         <run_address>0xb56c</run_address>
         <size>0x6</size>
         <input_file_ref idref="fl-6f"/>
      </object_component>
      <object_component id="oc-1a2">
         <name>.ebss:__unlock</name>
         <uninitialized>true</uninitialized>
         <run_address>0xb3be</run_address>
         <size>0x2</size>
         <input_file_ref idref="fl-70"/>
      </object_component>
      <object_component id="oc-187">
         <name>.ebss:__lock</name>
         <uninitialized>true</uninitialized>
         <run_address>0xb3bc</run_address>
         <size>0x2</size>
         <input_file_ref idref="fl-70"/>
      </object_component>
      <object_component id="oc-15d">
         <name>.ebss</name>
         <uninitialized>true</uninitialized>
         <run_address>0xb573</run_address>
         <size>0x1</size>
         <input_file_ref idref="fl-73"/>
      </object_component>
      <object_component id="oc-165">
         <name>.econst</name>
         <load_address>0xb72c</load_address>
         <run_address>0xb72c</run_address>
         <size>0x32</size>
         <input_file_ref idref="fl-75"/>
      </object_component>
      <object_component id="oc-151">
         <name>.econst</name>
         <load_address>0xb75e</load_address>
         <run_address>0xb75e</run_address>
         <size>0x10</size>
         <input_file_ref idref="fl-71"/>
      </object_component>
      <object_component id="oc-cd">
         <name>.econst</name>
         <load_address>0xb76e</load_address>
         <run_address>0xb76e</run_address>
         <size>0x8</size>
         <input_file_ref idref="fl-1e"/>
      </object_component>
      <object_component id="oc-16b">
         <name>.econst</name>
         <load_address>0xb776</load_address>
         <run_address>0xb776</run_address>
         <size>0x6</size>
         <input_file_ref idref="fl-76"/>
      </object_component>
      <object_component id="oc-189">
         <name>.econst:_$P$T0$1</name>
         <load_address>0xb77c</load_address>
         <run_address>0xb77c</run_address>
         <size>0x4</size>
         <input_file_ref idref="fl-b"/>
      </object_component>
      <object_component id="oc-18a">
         <name>.econst:_$P$T1$2</name>
         <load_address>0xb780</load_address>
         <run_address>0xb780</run_address>
         <size>0x4</size>
         <input_file_ref idref="fl-b"/>
      </object_component>
      <object_component id="oc-18b">
         <name>.econst:_$P$T2$3</name>
         <load_address>0xb784</load_address>
         <run_address>0xb784</run_address>
         <size>0x4</size>
         <input_file_ref idref="fl-b"/>
      </object_component>
      <object_component id="oc-18c">
         <name>.econst:_$P$T3$4</name>
         <load_address>0xb788</load_address>
         <run_address>0xb788</run_address>
         <size>0x4</size>
         <input_file_ref idref="fl-b"/>
      </object_component>
      <object_component id="oc-18d">
         <name>.econst:_$P$T4$5</name>
         <load_address>0xb78c</load_address>
         <run_address>0xb78c</run_address>
         <size>0x4</size>
         <input_file_ref idref="fl-b"/>
      </object_component>
      <object_component id="oc-18e">
         <name>.econst:_$P$T5$6</name>
         <load_address>0xb790</load_address>
         <run_address>0xb790</run_address>
         <size>0x4</size>
         <input_file_ref idref="fl-b"/>
      </object_component>
      <object_component id="oc-1a4">
         <name>.econst:_bp</name>
         <load_address>0xb794</load_address>
         <run_address>0xb794</run_address>
         <size>0x4</size>
         <input_file_ref idref="fl-75"/>
      </object_component>
      <object_component id="oc-1a5">
         <name>.econst:_dp_h</name>
         <load_address>0xb798</load_address>
         <run_address>0xb798</run_address>
         <size>0x4</size>
         <input_file_ref idref="fl-75"/>
      </object_component>
      <object_component id="oc-1a6">
         <name>.econst:_dp_l</name>
         <load_address>0xb79c</load_address>
         <run_address>0xb79c</run_address>
         <size>0x4</size>
         <input_file_ref idref="fl-75"/>
      </object_component>
      <object_component id="oc-6a">
         <name>.econst</name>
         <load_address>0xb7a0</load_address>
         <run_address>0xb7a0</run_address>
         <size>0x4</size>
         <input_file_ref idref="fl-b"/>
      </object_component>
      <object_component id="oc-80">
         <name>.econst</name>
         <load_address>0xb7a4</load_address>
         <run_address>0xb7a4</run_address>
         <size>0x4</size>
         <input_file_ref idref="fl-f"/>
      </object_component>
      <object_component id="oc-176">
         <name>.econst</name>
         <load_address>0xb7a8</load_address>
         <run_address>0xb7a8</run_address>
         <size>0x4</size>
         <input_file_ref idref="fl-78"/>
      </object_component>
      <object_component id="oc-13a">
         <name>.econst</name>
         <load_address>0xb7ac</load_address>
         <run_address>0xb7ac</run_address>
         <size>0x2</size>
         <input_file_ref idref="fl-6d"/>
      </object_component>
      <object_component id="oc-11f">
         <name>IQmath</name>
         <load_address>0xb62a</load_address>
         <run_address>0xb62a</run_address>
         <size>0x47</size>
         <input_file_ref idref="fl-64"/>
      </object_component>
      <object_component id="oc-121">
         <name>IQmath</name>
         <load_address>0xb671</load_address>
         <run_address>0xb671</run_address>
         <size>0x42</size>
         <input_file_ref idref="fl-66"/>
      </object_component>
      <object_component id="oc-120">
         <name>IQmath</name>
         <load_address>0xb6b3</load_address>
         <run_address>0xb6b3</run_address>
         <size>0x29</size>
         <input_file_ref idref="fl-65"/>
      </object_component>
      <object_component id="oc-11d">
         <name>IQmath</name>
         <load_address>0xb6dc</load_address>
         <run_address>0xb6dc</run_address>
         <size>0x27</size>
         <input_file_ref idref="fl-62"/>
      </object_component>
      <object_component id="oc-122">
         <name>IQmath</name>
         <load_address>0xb703</load_address>
         <run_address>0xb703</run_address>
         <size>0x14</size>
         <input_file_ref idref="fl-67"/>
      </object_component>
      <object_component id="oc-123">
         <name>IQmath</name>
         <load_address>0xb717</load_address>
         <run_address>0xb717</run_address>
         <size>0x14</size>
         <input_file_ref idref="fl-68"/>
      </object_component>
      <object_component id="oc-11e">
         <name>IQmathTables</name>
         <load_address>0x3fdc30</load_address>
         <run_address>0x3fdc30</run_address>
         <size>0xb50</size>
         <input_file_ref idref="fl-63"/>
      </object_component>
      <object_component id="oc-48">
         <name>.debug_info</name>
         <load_address>0x0</load_address>
         <run_address>0x0</run_address>
         <size>0x28d</size>
         <input_file_ref idref="fl-5"/>
      </object_component>
      <object_component id="oc-4c">
         <name>.debug_info</name>
         <load_address>0x28d</load_address>
         <run_address>0x28d</run_address>
         <size>0x8c6f</size>
         <input_file_ref idref="fl-6"/>
      </object_component>
      <object_component id="oc-54">
         <name>.debug_info</name>
         <load_address>0x8efc</load_address>
         <run_address>0x8efc</run_address>
         <size>0x4a74</size>
         <input_file_ref idref="fl-7"/>
      </object_component>
      <object_component id="oc-59">
         <name>.debug_info</name>
         <load_address>0xd970</load_address>
         <run_address>0xd970</run_address>
         <size>0x42c</size>
         <input_file_ref idref="fl-8"/>
      </object_component>
      <object_component id="oc-5e">
         <name>.debug_info</name>
         <load_address>0xdd9c</load_address>
         <run_address>0xdd9c</run_address>
         <size>0x5667</size>
         <input_file_ref idref="fl-9"/>
      </object_component>
      <object_component id="oc-63">
         <name>.debug_info</name>
         <load_address>0x13403</load_address>
         <run_address>0x13403</run_address>
         <size>0x12be</size>
         <input_file_ref idref="fl-a"/>
      </object_component>
      <object_component id="oc-69">
         <name>.debug_info</name>
         <load_address>0x146c1</load_address>
         <run_address>0x146c1</run_address>
         <size>0xa091</size>
         <input_file_ref idref="fl-b"/>
      </object_component>
      <object_component id="oc-6f">
         <name>.debug_info</name>
         <load_address>0x1e752</load_address>
         <run_address>0x1e752</run_address>
         <size>0xe6f</size>
         <input_file_ref idref="fl-c"/>
      </object_component>
      <object_component id="oc-74">
         <name>.debug_info</name>
         <load_address>0x1f5c1</load_address>
         <run_address>0x1f5c1</run_address>
         <size>0x23b1</size>
         <input_file_ref idref="fl-d"/>
      </object_component>
      <object_component id="oc-79">
         <name>.debug_info</name>
         <load_address>0x21972</load_address>
         <run_address>0x21972</run_address>
         <size>0x3a11</size>
         <input_file_ref idref="fl-e"/>
      </object_component>
      <object_component id="oc-7e">
         <name>.debug_info</name>
         <load_address>0x25383</load_address>
         <run_address>0x25383</run_address>
         <size>0x11447</size>
         <input_file_ref idref="fl-f"/>
      </object_component>
      <object_component id="oc-85">
         <name>.debug_info</name>
         <load_address>0x367ca</load_address>
         <run_address>0x367ca</run_address>
         <size>0x3db</size>
         <input_file_ref idref="fl-10"/>
      </object_component>
      <object_component id="oc-8a">
         <name>.debug_info</name>
         <load_address>0x36ba5</load_address>
         <run_address>0x36ba5</run_address>
         <size>0xda2</size>
         <input_file_ref idref="fl-11"/>
      </object_component>
      <object_component id="oc-8f">
         <name>.debug_info</name>
         <load_address>0x37947</load_address>
         <run_address>0x37947</run_address>
         <size>0xb02</size>
         <input_file_ref idref="fl-12"/>
      </object_component>
      <object_component id="oc-94">
         <name>.debug_info</name>
         <load_address>0x38449</load_address>
         <run_address>0x38449</run_address>
         <size>0x3d7</size>
         <input_file_ref idref="fl-13"/>
      </object_component>
      <object_component id="oc-99">
         <name>.debug_info</name>
         <load_address>0x38820</load_address>
         <run_address>0x38820</run_address>
         <size>0x46b</size>
         <input_file_ref idref="fl-14"/>
      </object_component>
      <object_component id="oc-9e">
         <name>.debug_info</name>
         <load_address>0x38c8b</load_address>
         <run_address>0x38c8b</run_address>
         <size>0x4b19</size>
         <input_file_ref idref="fl-15"/>
      </object_component>
      <object_component id="oc-a4">
         <name>.debug_info</name>
         <load_address>0x3d7a4</load_address>
         <run_address>0x3d7a4</run_address>
         <size>0x1de5</size>
         <input_file_ref idref="fl-16"/>
      </object_component>
      <object_component id="oc-a9">
         <name>.debug_info</name>
         <load_address>0x3f589</load_address>
         <run_address>0x3f589</run_address>
         <size>0xc48a</size>
         <input_file_ref idref="fl-17"/>
      </object_component>
      <object_component id="oc-ae">
         <name>.debug_info</name>
         <load_address>0x4ba13</load_address>
         <run_address>0x4ba13</run_address>
         <size>0x150b</size>
         <input_file_ref idref="fl-18"/>
      </object_component>
      <object_component id="oc-b3">
         <name>.debug_info</name>
         <load_address>0x4cf1e</load_address>
         <run_address>0x4cf1e</run_address>
         <size>0x42fc</size>
         <input_file_ref idref="fl-19"/>
      </object_component>
      <object_component id="oc-b8">
         <name>.debug_info</name>
         <load_address>0x5121a</load_address>
         <run_address>0x5121a</run_address>
         <size>0x3d5</size>
         <input_file_ref idref="fl-1a"/>
      </object_component>
      <object_component id="oc-bd">
         <name>.debug_info</name>
         <load_address>0x515ef</load_address>
         <run_address>0x515ef</run_address>
         <size>0x10cd</size>
         <input_file_ref idref="fl-1b"/>
      </object_component>
      <object_component id="oc-c2">
         <name>.debug_info</name>
         <load_address>0x526bc</load_address>
         <run_address>0x526bc</run_address>
         <size>0x43d</size>
         <input_file_ref idref="fl-1c"/>
      </object_component>
      <object_component id="oc-c8">
         <name>.debug_info</name>
         <load_address>0x52af9</load_address>
         <run_address>0x52af9</run_address>
         <size>0x1f9</size>
         <input_file_ref idref="fl-1d"/>
      </object_component>
      <object_component id="oc-cc">
         <name>.debug_info</name>
         <load_address>0x52cf2</load_address>
         <run_address>0x52cf2</run_address>
         <size>0x4c2c</size>
         <input_file_ref idref="fl-1e"/>
      </object_component>
      <object_component id="oc-d2">
         <name>.debug_info</name>
         <load_address>0x5791e</load_address>
         <run_address>0x5791e</run_address>
         <size>0x151b</size>
         <input_file_ref idref="fl-1f"/>
      </object_component>
      <object_component id="oc-d8">
         <name>.debug_info</name>
         <load_address>0x58e39</load_address>
         <run_address>0x58e39</run_address>
         <size>0x10c</size>
         <input_file_ref idref="fl-23"/>
      </object_component>
      <object_component id="oc-dd">
         <name>.debug_info</name>
         <load_address>0x58f45</load_address>
         <run_address>0x58f45</run_address>
         <size>0x10c</size>
         <input_file_ref idref="fl-24"/>
      </object_component>
      <object_component id="oc-e2">
         <name>.debug_info</name>
         <load_address>0x59051</load_address>
         <run_address>0x59051</run_address>
         <size>0x10c</size>
         <input_file_ref idref="fl-25"/>
      </object_component>
      <object_component id="oc-e7">
         <name>.debug_info</name>
         <load_address>0x5915d</load_address>
         <run_address>0x5915d</run_address>
         <size>0x10c</size>
         <input_file_ref idref="fl-26"/>
      </object_component>
      <object_component id="oc-ec">
         <name>.debug_info</name>
         <load_address>0x59269</load_address>
         <run_address>0x59269</run_address>
         <size>0x10c</size>
         <input_file_ref idref="fl-27"/>
      </object_component>
      <object_component id="oc-f1">
         <name>.debug_info</name>
         <load_address>0x59375</load_address>
         <run_address>0x59375</run_address>
         <size>0x10c</size>
         <input_file_ref idref="fl-28"/>
      </object_component>
      <object_component id="oc-f6">
         <name>.debug_info</name>
         <load_address>0x59481</load_address>
         <run_address>0x59481</run_address>
         <size>0x10c</size>
         <input_file_ref idref="fl-29"/>
      </object_component>
      <object_component id="oc-fb">
         <name>.debug_info</name>
         <load_address>0x5958d</load_address>
         <run_address>0x5958d</run_address>
         <size>0x10f</size>
         <input_file_ref idref="fl-2a"/>
      </object_component>
      <object_component id="oc-100">
         <name>.debug_info</name>
         <load_address>0x5969c</load_address>
         <run_address>0x5969c</run_address>
         <size>0x118</size>
         <input_file_ref idref="fl-2b"/>
      </object_component>
      <object_component id="oc-105">
         <name>.debug_info</name>
         <load_address>0x597b4</load_address>
         <run_address>0x597b4</run_address>
         <size>0x118</size>
         <input_file_ref idref="fl-2c"/>
      </object_component>
      <object_component id="oc-10a">
         <name>.debug_info</name>
         <load_address>0x598cc</load_address>
         <run_address>0x598cc</run_address>
         <size>0x11b</size>
         <input_file_ref idref="fl-2d"/>
      </object_component>
      <object_component id="oc-10f">
         <name>.debug_info</name>
         <load_address>0x599e7</load_address>
         <run_address>0x599e7</run_address>
         <size>0x116</size>
         <input_file_ref idref="fl-2e"/>
      </object_component>
      <object_component id="oc-114">
         <name>.debug_info</name>
         <load_address>0x59afd</load_address>
         <run_address>0x59afd</run_address>
         <size>0x110</size>
         <input_file_ref idref="fl-2f"/>
      </object_component>
      <object_component id="oc-119">
         <name>.debug_info</name>
         <load_address>0x59c0d</load_address>
         <run_address>0x59c0d</run_address>
         <size>0x113</size>
         <input_file_ref idref="fl-30"/>
      </object_component>
      <object_component id="oc-126">
         <name>.debug_info</name>
         <load_address>0x59d20</load_address>
         <run_address>0x59d20</run_address>
         <size>0x16b</size>
         <input_file_ref idref="fl-69"/>
      </object_component>
      <object_component id="oc-12a">
         <name>.debug_info</name>
         <load_address>0x59e8b</load_address>
         <run_address>0x59e8b</run_address>
         <size>0x41c</size>
         <input_file_ref idref="fl-6a"/>
      </object_component>
      <object_component id="oc-12f">
         <name>.debug_info</name>
         <load_address>0x5a2a7</load_address>
         <run_address>0x5a2a7</run_address>
         <size>0x32d</size>
         <input_file_ref idref="fl-6b"/>
      </object_component>
      <object_component id="oc-134">
         <name>.debug_info</name>
         <load_address>0x5a5d4</load_address>
         <run_address>0x5a5d4</run_address>
         <size>0x330</size>
         <input_file_ref idref="fl-6c"/>
      </object_component>
      <object_component id="oc-139">
         <name>.debug_info</name>
         <load_address>0x5a904</load_address>
         <run_address>0x5a904</run_address>
         <size>0x446</size>
         <input_file_ref idref="fl-6d"/>
      </object_component>
      <object_component id="oc-13f">
         <name>.debug_info</name>
         <load_address>0x5ad4a</load_address>
         <run_address>0x5ad4a</run_address>
         <size>0x50f</size>
         <input_file_ref idref="fl-6e"/>
      </object_component>
      <object_component id="oc-144">
         <name>.debug_info</name>
         <load_address>0x5b259</load_address>
         <run_address>0x5b259</run_address>
         <size>0x4f9</size>
         <input_file_ref idref="fl-6f"/>
      </object_component>
      <object_component id="oc-14b">
         <name>.debug_info</name>
         <load_address>0x5b752</load_address>
         <run_address>0x5b752</run_address>
         <size>0x44f</size>
         <input_file_ref idref="fl-70"/>
      </object_component>
      <object_component id="oc-150">
         <name>.debug_info</name>
         <load_address>0x5bba1</load_address>
         <run_address>0x5bba1</run_address>
         <size>0x780</size>
         <input_file_ref idref="fl-71"/>
      </object_component>
      <object_component id="oc-157">
         <name>.debug_info</name>
         <load_address>0x5c321</load_address>
         <run_address>0x5c321</run_address>
         <size>0x116</size>
         <input_file_ref idref="fl-72"/>
      </object_component>
      <object_component id="oc-15b">
         <name>.debug_info</name>
         <load_address>0x5c437</load_address>
         <run_address>0x5c437</run_address>
         <size>0x1bb</size>
         <input_file_ref idref="fl-73"/>
      </object_component>
      <object_component id="oc-15f">
         <name>.debug_info</name>
         <load_address>0x5c5f2</load_address>
         <run_address>0x5c5f2</run_address>
         <size>0x3bd</size>
         <input_file_ref idref="fl-74"/>
      </object_component>
      <object_component id="oc-164">
         <name>.debug_info</name>
         <load_address>0x5c9af</load_address>
         <run_address>0x5c9af</run_address>
         <size>0xe7c</size>
         <input_file_ref idref="fl-75"/>
      </object_component>
      <object_component id="oc-16a">
         <name>.debug_info</name>
         <load_address>0x5d82b</load_address>
         <run_address>0x5d82b</run_address>
         <size>0x4be</size>
         <input_file_ref idref="fl-76"/>
      </object_component>
      <object_component id="oc-170">
         <name>.debug_info</name>
         <load_address>0x5dce9</load_address>
         <run_address>0x5dce9</run_address>
         <size>0x3cb</size>
         <input_file_ref idref="fl-77"/>
      </object_component>
      <object_component id="oc-175">
         <name>.debug_info</name>
         <load_address>0x5e0b4</load_address>
         <run_address>0x5e0b4</run_address>
         <size>0x473</size>
         <input_file_ref idref="fl-78"/>
      </object_component>
      <object_component id="oc-1c7">
         <name>.debug_info</name>
         <load_address>0x5e527</load_address>
         <run_address>0x5e527</run_address>
         <size>0x10c</size>
      </object_component>
      <object_component id="oc-49">
         <name>.debug_line</name>
         <load_address>0x0</load_address>
         <run_address>0x0</run_address>
         <size>0xba</size>
         <input_file_ref idref="fl-5"/>
      </object_component>
      <object_component id="oc-51">
         <name>.debug_line</name>
         <load_address>0xba</load_address>
         <run_address>0xba</run_address>
         <size>0x91f</size>
         <input_file_ref idref="fl-6"/>
      </object_component>
      <object_component id="oc-56">
         <name>.debug_line</name>
         <load_address>0x9d9</load_address>
         <run_address>0x9d9</run_address>
         <size>0x38a</size>
         <input_file_ref idref="fl-7"/>
      </object_component>
      <object_component id="oc-5b">
         <name>.debug_line</name>
         <load_address>0xd63</load_address>
         <run_address>0xd63</run_address>
         <size>0x82</size>
         <input_file_ref idref="fl-8"/>
      </object_component>
      <object_component id="oc-60">
         <name>.debug_line</name>
         <load_address>0xde5</load_address>
         <run_address>0xde5</run_address>
         <size>0x5a0</size>
         <input_file_ref idref="fl-9"/>
      </object_component>
      <object_component id="oc-66">
         <name>.debug_line</name>
         <load_address>0x1385</load_address>
         <run_address>0x1385</run_address>
         <size>0x167</size>
         <input_file_ref idref="fl-a"/>
      </object_component>
      <object_component id="oc-6c">
         <name>.debug_line</name>
         <load_address>0x14ec</load_address>
         <run_address>0x14ec</run_address>
         <size>0x1478</size>
         <input_file_ref idref="fl-b"/>
      </object_component>
      <object_component id="oc-71">
         <name>.debug_line</name>
         <load_address>0x2964</load_address>
         <run_address>0x2964</run_address>
         <size>0x125</size>
         <input_file_ref idref="fl-c"/>
      </object_component>
      <object_component id="oc-76">
         <name>.debug_line</name>
         <load_address>0x2a89</load_address>
         <run_address>0x2a89</run_address>
         <size>0x1ef</size>
         <input_file_ref idref="fl-d"/>
      </object_component>
      <object_component id="oc-7b">
         <name>.debug_line</name>
         <load_address>0x2c78</load_address>
         <run_address>0x2c78</run_address>
         <size>0x2c7</size>
         <input_file_ref idref="fl-e"/>
      </object_component>
      <object_component id="oc-82">
         <name>.debug_line</name>
         <load_address>0x2f3f</load_address>
         <run_address>0x2f3f</run_address>
         <size>0xdaf</size>
         <input_file_ref idref="fl-f"/>
      </object_component>
      <object_component id="oc-87">
         <name>.debug_line</name>
         <load_address>0x3cee</load_address>
         <run_address>0x3cee</run_address>
         <size>0x80</size>
         <input_file_ref idref="fl-10"/>
      </object_component>
      <object_component id="oc-8c">
         <name>.debug_line</name>
         <load_address>0x3d6e</load_address>
         <run_address>0x3d6e</run_address>
         <size>0x10b</size>
         <input_file_ref idref="fl-11"/>
      </object_component>
      <object_component id="oc-91">
         <name>.debug_line</name>
         <load_address>0x3e79</load_address>
         <run_address>0x3e79</run_address>
         <size>0xef</size>
         <input_file_ref idref="fl-12"/>
      </object_component>
      <object_component id="oc-96">
         <name>.debug_line</name>
         <load_address>0x3f68</load_address>
         <run_address>0x3f68</run_address>
         <size>0x7e</size>
         <input_file_ref idref="fl-13"/>
      </object_component>
      <object_component id="oc-9b">
         <name>.debug_line</name>
         <load_address>0x3fe6</load_address>
         <run_address>0x3fe6</run_address>
         <size>0xdb</size>
         <input_file_ref idref="fl-14"/>
      </object_component>
      <object_component id="oc-a1">
         <name>.debug_line</name>
         <load_address>0x40c1</load_address>
         <run_address>0x40c1</run_address>
         <size>0x329</size>
         <input_file_ref idref="fl-15"/>
      </object_component>
      <object_component id="oc-a6">
         <name>.debug_line</name>
         <load_address>0x43ea</load_address>
         <run_address>0x43ea</run_address>
         <size>0x1fe</size>
         <input_file_ref idref="fl-16"/>
      </object_component>
      <object_component id="oc-ab">
         <name>.debug_line</name>
         <load_address>0x45e8</load_address>
         <run_address>0x45e8</run_address>
         <size>0xa4c</size>
         <input_file_ref idref="fl-17"/>
      </object_component>
      <object_component id="oc-b0">
         <name>.debug_line</name>
         <load_address>0x5034</load_address>
         <run_address>0x5034</run_address>
         <size>0x127</size>
         <input_file_ref idref="fl-18"/>
      </object_component>
      <object_component id="oc-b5">
         <name>.debug_line</name>
         <load_address>0x515b</load_address>
         <run_address>0x515b</run_address>
         <size>0x42b</size>
         <input_file_ref idref="fl-19"/>
      </object_component>
      <object_component id="oc-ba">
         <name>.debug_line</name>
         <load_address>0x5586</load_address>
         <run_address>0x5586</run_address>
         <size>0x80</size>
         <input_file_ref idref="fl-1a"/>
      </object_component>
      <object_component id="oc-bf">
         <name>.debug_line</name>
         <load_address>0x5606</load_address>
         <run_address>0x5606</run_address>
         <size>0x13c</size>
         <input_file_ref idref="fl-1b"/>
      </object_component>
      <object_component id="oc-c4">
         <name>.debug_line</name>
         <load_address>0x5742</load_address>
         <run_address>0x5742</run_address>
         <size>0x7e</size>
         <input_file_ref idref="fl-1c"/>
      </object_component>
      <object_component id="oc-c9">
         <name>.debug_line</name>
         <load_address>0x57c0</load_address>
         <run_address>0x57c0</run_address>
         <size>0x9b</size>
         <input_file_ref idref="fl-1d"/>
      </object_component>
      <object_component id="oc-cf">
         <name>.debug_line</name>
         <load_address>0x585b</load_address>
         <run_address>0x585b</run_address>
         <size>0x48c</size>
         <input_file_ref idref="fl-1e"/>
      </object_component>
      <object_component id="oc-d4">
         <name>.debug_line</name>
         <load_address>0x5ce7</load_address>
         <run_address>0x5ce7</run_address>
         <size>0x186</size>
         <input_file_ref idref="fl-1f"/>
      </object_component>
      <object_component id="oc-d9">
         <name>.debug_line</name>
         <load_address>0x5e6d</load_address>
         <run_address>0x5e6d</run_address>
         <size>0xa2</size>
         <input_file_ref idref="fl-23"/>
      </object_component>
      <object_component id="oc-de">
         <name>.debug_line</name>
         <load_address>0x5f0f</load_address>
         <run_address>0x5f0f</run_address>
         <size>0x58</size>
         <input_file_ref idref="fl-24"/>
      </object_component>
      <object_component id="oc-e3">
         <name>.debug_line</name>
         <load_address>0x5f67</load_address>
         <run_address>0x5f67</run_address>
         <size>0xa9</size>
         <input_file_ref idref="fl-25"/>
      </object_component>
      <object_component id="oc-e8">
         <name>.debug_line</name>
         <load_address>0x6010</load_address>
         <run_address>0x6010</run_address>
         <size>0x52</size>
         <input_file_ref idref="fl-26"/>
      </object_component>
      <object_component id="oc-ed">
         <name>.debug_line</name>
         <load_address>0x6062</load_address>
         <run_address>0x6062</run_address>
         <size>0xab</size>
         <input_file_ref idref="fl-27"/>
      </object_component>
      <object_component id="oc-f2">
         <name>.debug_line</name>
         <load_address>0x610d</load_address>
         <run_address>0x610d</run_address>
         <size>0x8d</size>
         <input_file_ref idref="fl-28"/>
      </object_component>
      <object_component id="oc-f7">
         <name>.debug_line</name>
         <load_address>0x619a</load_address>
         <run_address>0x619a</run_address>
         <size>0x41</size>
         <input_file_ref idref="fl-29"/>
      </object_component>
      <object_component id="oc-fc">
         <name>.debug_line</name>
         <load_address>0x61db</load_address>
         <run_address>0x61db</run_address>
         <size>0x56</size>
         <input_file_ref idref="fl-2a"/>
      </object_component>
      <object_component id="oc-101">
         <name>.debug_line</name>
         <load_address>0x6231</load_address>
         <run_address>0x6231</run_address>
         <size>0x5e</size>
         <input_file_ref idref="fl-2b"/>
      </object_component>
      <object_component id="oc-106">
         <name>.debug_line</name>
         <load_address>0x628f</load_address>
         <run_address>0x628f</run_address>
         <size>0x56</size>
         <input_file_ref idref="fl-2c"/>
      </object_component>
      <object_component id="oc-10b">
         <name>.debug_line</name>
         <load_address>0x62e5</load_address>
         <run_address>0x62e5</run_address>
         <size>0x59</size>
         <input_file_ref idref="fl-2d"/>
      </object_component>
      <object_component id="oc-110">
         <name>.debug_line</name>
         <load_address>0x633e</load_address>
         <run_address>0x633e</run_address>
         <size>0x52</size>
         <input_file_ref idref="fl-2e"/>
      </object_component>
      <object_component id="oc-115">
         <name>.debug_line</name>
         <load_address>0x6390</load_address>
         <run_address>0x6390</run_address>
         <size>0x49</size>
         <input_file_ref idref="fl-2f"/>
      </object_component>
      <object_component id="oc-11a">
         <name>.debug_line</name>
         <load_address>0x63d9</load_address>
         <run_address>0x63d9</run_address>
         <size>0x4f</size>
         <input_file_ref idref="fl-30"/>
      </object_component>
      <object_component id="oc-127">
         <name>.debug_line</name>
         <load_address>0x6428</load_address>
         <run_address>0x6428</run_address>
         <size>0x7d</size>
         <input_file_ref idref="fl-69"/>
      </object_component>
      <object_component id="oc-12c">
         <name>.debug_line</name>
         <load_address>0x64a5</load_address>
         <run_address>0x64a5</run_address>
         <size>0x55</size>
         <input_file_ref idref="fl-6a"/>
      </object_component>
      <object_component id="oc-131">
         <name>.debug_line</name>
         <load_address>0x64fa</load_address>
         <run_address>0x64fa</run_address>
         <size>0x3a</size>
         <input_file_ref idref="fl-6b"/>
      </object_component>
      <object_component id="oc-136">
         <name>.debug_line</name>
         <load_address>0x6534</load_address>
         <run_address>0x6534</run_address>
         <size>0x3e</size>
         <input_file_ref idref="fl-6c"/>
      </object_component>
      <object_component id="oc-13c">
         <name>.debug_line</name>
         <load_address>0x6572</load_address>
         <run_address>0x6572</run_address>
         <size>0x7c</size>
         <input_file_ref idref="fl-6d"/>
      </object_component>
      <object_component id="oc-141">
         <name>.debug_line</name>
         <load_address>0x65ee</load_address>
         <run_address>0x65ee</run_address>
         <size>0x50</size>
         <input_file_ref idref="fl-6e"/>
      </object_component>
      <object_component id="oc-148">
         <name>.debug_line</name>
         <load_address>0x663e</load_address>
         <run_address>0x663e</run_address>
[...]
      </symbol>
      <symbol id="sm-534">
         <name>UL$$TOFS</name>
         <value>0xb370</value>
         <object_component_ref idref="oc-118"/>
      </symbol>
      <symbol id="sm-536">
         <name>_CTRL_getVersion</name>
         <value>0x3fa721</value>
      </symbol>
      <symbol id="sm-538">
         <name>_CTRL_initCtrl</name>
         <value>0x3fa6fb</value>
      </symbol>
      <symbol id="sm-53a">
         <name>_CTRL_runTraj</name>
         <value>0x3fa5d1</value>
      </symbol>
      <symbol id="sm-53c">
         <name>_CTRL_setEstParams</name>
         <value>0x3f9e64</value>
      </symbol>
      <symbol id="sm-53e">
         <name>_CTRL_setUserMotorParams</name>
         <value>0x3f9d31</value>
      </symbol>
      <symbol id="sm-540">
         <name>_CTRL_setupCtrl</name>
         <value>0x3f9b43</value>
      </symbol>
      <symbol id="sm-542">
         <name>_CTRL_setupEstIdleState</name>
         <value>0x3f99a5</value>
      </symbol>
      <symbol id="sm-544">
         <name>_CTRL_setupEstOnLineState</name>
         <value>0x3f996a</value>
      </symbol>
      <symbol id="sm-546">
         <name>_CTRL_setupTraj</name>
         <value>0x3f9806</value>
      </symbol>
      <symbol id="sm-548">
         <name>_EST_doCurrentCtrl</name>
         <value>0x3f9760</value>
      </symbol>
      <symbol id="sm-54a">
         <name>_EST_doSpeedCtrl</name>
         <value>0x3f9758</value>
      </symbol>
      <symbol id="sm-54c">
         <name>_EST_getAngle_pu</name>
         <value>0x3f8c0d</value>
      </symbol>
      <symbol id="sm-54e">
         <name>_EST_getFlux_VpHz</name>
         <value>0x3f96be</value>
      </symbol>
      <symbol id="sm-550">
         <name>_EST_getFlux_pu</name>
         <value>0x3f96ab</value>
      </symbol>
      <symbol id="sm-552">
         <name>_EST_getFm_pu</name>
         <value>0x3f968e</value>
      </symbol>
      <symbol id="sm-554">
         <name>_EST_getIdRated</name>
         <value>0x3f9632</value>
      </symbol>
      <symbol id="sm-556">
         <name>_EST_getLs_coarse_max_pu</name>
         <value>0x3f95ff</value>
      </symbol>
      <symbol id="sm-558">
         <name>_EST_getLs_d_H</name>
         <value>0x3f95f5</value>
      </symbol>
      <symbol id="sm-55a">
         <name>_EST_getLs_d_pu</name>
         <value>0x3f95f0</value>
      </symbol>
      <symbol id="sm-55c">
         <name>_EST_getLs_q_H</name>
         <value>0x3f95ce</value>
      </symbol>
      <symbol id="sm-55e">
         <name>_EST_getLs_q_pu</name>
         <value>0x3f95c9</value>
      </symbol>
      <symbol id="sm-560">
         <name>_EST_getMaxCurrentSlope_pu</name>
         <value>0x3f95bd</value>
      </symbol>
      <symbol id="sm-562">
         <name>_EST_getOneOverDcBus_pu</name>
         <value>0x3f95b3</value>
      </symbol>
      <symbol id="sm-564">
         <name>_EST_getRr_Ohm</name>
         <value>0x3f95ad</value>
      </symbol>
      <symbol id="sm-566">
         <name>_EST_getRs_Ohm</name>
         <value>0x3f9513</value>
      </symbol>
      <symbol id="sm-568">
         <name>_EST_getSpeed_krpm</name>
         <value>0x3f94c6</value>
      </symbol>
      <symbol id="sm-56a">
         <name>_EST_getState</name>
         <value>0x3f861b</value>
      </symbol>
      <symbol id="sm-56c">
         <name>_EST_get_krpm_to_pu_sf</name>
         <value>0x3f9458</value>
      </symbol>
      <symbol id="sm-56e">
         <name>_EST_get_pu_to_krpm_sf</name>
         <value>0x3f9453</value>
      </symbol>
      <symbol id="sm-570">
         <name>_EST_isError</name>
         <value>0x3f938d</value>
      </symbol>
      <symbol id="sm-572">
         <name>_EST_isIdle</name>
         <value>0x3f9386</value>
      </symbol>
      <symbol id="sm-574">
         <name>_EST_isLockRotor</name>
         <value>0x3f937f</value>
      </symbol>
      <symbol id="sm-576">
         <name>_EST_isMotorIdentified</name>
         <value>0x3f8679</value>
      </symbol>
      <symbol id="sm-578">
         <name>_EST_isOnLine</name>
         <value>0x3f9378</value>
      </symbol>
      <symbol id="sm-57a">
         <name>_EST_run</name>
         <value>0x3f927b</value>
      </symbol>
      <symbol id="sm-57c">
         <name>_EST_setFlag_enableForceAngle</name>
         <value>0x3f8bdb</value>
      </symbol>
      <symbol id="sm-57e">
         <name>_EST_setFlag_enableRsRecalc</name>
         <value>0x3f8bd3</value>
      </symbol>
      <symbol id="sm-580">
         <name>_EST_setId_ref_pu</name>
         <value>0x3f8b80</value>
      </symbol>
      <symbol id="sm-582">
         <name>_EST_setIdle</name>
         <value>0x3f8b7a</value>
      </symbol>
      <symbol id="sm-584">
         <name>_EST_setIdle_all</name>
         <value>0x3f8b67</value>
      </symbol>
      <symbol id="sm-586">
         <name>_EST_setIq_ref_pu</name>
         <value>0x3f8b63</value>
      </symbol>
      <symbol id="sm-588">
         <name>_EST_setLs_d_pu</name>
         <value>0x3f8b45</value>
      </symbol>
      <symbol id="sm-58a">
         <name>_EST_setLs_qFmt</name>
         <value>0x3f8af1</value>
      </symbol>
      <symbol id="sm-58c">
         <name>_EST_setLs_q_pu</name>
         <value>0x3f8ae7</value>
      </symbol>
      <symbol id="sm-58e">
         <name>_EST_setMaxCurrentSlope_pu</name>
         <value>0x3f8adb</value>
      </symbol>
      <symbol id="sm-590">
         <name>_EST_setRs_pu</name>
         <value>0x3f8a18</value>
      </symbol>
      <symbol id="sm-592">
         <name>_EST_updateId_ref_pu</name>
         <value>0x3f89f5</value>
      </symbol>
      <symbol id="sm-594">
         <name>_EST_updateState</name>
         <value>0x3f8713</value>
      </symbol>
      <symbol id="sm-596">
         <name>_EST_useZeroIq_ref</name>
         <value>0x3f861d</value>
      </symbol>
      <symbol id="sm-5a1">
         <name>__IQ24cosPU</name>
         <value>0xb6dc</value>
         <object_component_ref idref="oc-11d"/>
      </symbol>
      <symbol id="sm-5a5">
         <name>_IQ16mpyRndSatTable</name>
         <value>0x3fe6c0</value>
         <object_component_ref idref="oc-11e"/>
      </symbol>
      <symbol id="sm-5a6">
         <name>_IQ24mpyRndSatTable</name>
         <value>0x3fe660</value>
         <object_component_ref idref="oc-11e"/>
      </symbol>
      <symbol id="sm-5a7">
         <name>_IQ13mpyRndSatTable</name>
         <value>0x3fe6e4</value>
         <object_component_ref idref="oc-11e"/>
      </symbol>
      <symbol id="sm-5a8">
         <name>_IQ21mpyRndSatTable</name>
         <value>0x3fe684</value>
         <object_component_ref idref="oc-11e"/>
      </symbol>
      <symbol id="sm-5a9">
         <name>_IQ10mpyRndSatTable</name>
         <value>0x3fe708</value>
         <object_component_ref idref="oc-11e"/>
      </symbol>
      <symbol id="sm-5aa">
         <name>_IQdivTable</name>
         <value>0x3fe140</value>
         <object_component_ref idref="oc-11e"/>
      </symbol>
      <symbol id="sm-5ab">
         <name>_IQ9mpyRndSatTable</name>
         <value>0x3fe714</value>
         <object_component_ref idref="oc-11e"/>
      </symbol>
      <symbol id="sm-5ac">
         <name>_IQ6mpyRndSatTable</name>
         <value>0x3fe738</value>
         <object_component_ref idref="oc-11e"/>
      </symbol>
      <symbol id="sm-5ad">
         <name>_IQatan2TableEnd</name>
         <value>0x3fe618</value>
         <object_component_ref idref="oc-11e"/>
      </symbol>
      <symbol id="sm-5ae">
         <name>_IQdivTableEnd</name>
         <value>0x3fe342</value>
         <object_component_ref idref="oc-11e"/>
      </symbol>
      <symbol id="sm-5af">
         <name>_IQ29mpyRndSatTable</name>
         <value>0x3fe624</value>
         <object_component_ref idref="oc-11e"/>
      </symbol>
      <symbol id="sm-5b0">
         <name>_IQ3mpyRndSatTable</name>
         <value>0x3fe75c</value>
         <object_component_ref idref="oc-11e"/>
      </symbol>
      <symbol id="sm-5b1">
         <name>_IQ18mpyRndSatTable</name>
         <value>0x3fe6a8</value>
         <object_component_ref idref="oc-11e"/>
      </symbol>
      <symbol id="sm-5b2">
         <name>_IQ26mpyRndSatTable</name>
         <value>0x3fe648</value>
         <object_component_ref idref="oc-11e"/>
      </symbol>
      <symbol id="sm-5b3">
         <name>_IQcosTableEnd</name>
         <value>0x3fe132</value>
         <object_component_ref idref="oc-11e"/>
      </symbol>
      <symbol id="sm-5b4">
         <name>_IQsinTableEnd</name>
         <value>0x3fe030</value>
         <object_component_ref idref="oc-11e"/>
      </symbol>
      <symbol id="sm-5b5">
         <name>_IQ15mpyRndSatTable</name>
         <value>0x3fe6cc</value>
         <object_component_ref idref="oc-11e"/>
      </symbol>
      <symbol id="sm-5b6">
         <name>_IQ23mpyRndSatTable</name>
         <value>0x3fe66c</value>
         <object_component_ref idref="oc-11e"/>
      </symbol>
      <symbol id="sm-5b7">
         <name>_IQ12mpyRndSatTable</name>
         <value>0x3fe6f0</value>
         <object_component_ref idref="oc-11e"/>
      </symbol>
      <symbol id="sm-5b8">
         <name>_IQ20mpyRndSatTable</name>
         <value>0x3fe690</value>
         <object_component_ref idref="oc-11e"/>
      </symbol>
      <symbol id="sm-5b9">
         <name>_IQisqrtTableEnd</name>
         <value>0x3fe454</value>
         <object_component_ref idref="oc-11e"/>
      </symbol>
      <symbol id="sm-5ba">
         <name>_IQ8mpyRndSatTable</name>
         <value>0x3fe720</value>
         <object_component_ref idref="oc-11e"/>
      </symbol>
      <symbol id="sm-5bb">
         <name>_IQisqrtRoundSatTable</name>
         <value>0x3fe342</value>
         <object_component_ref idref="oc-11e"/>
      </symbol>
      <symbol id="sm-5bc">
         <name>_IQ5mpyRndSatTable</name>
         <value>0x3fe744</value>
         <object_component_ref idref="oc-11e"/>
      </symbol>
      <symbol id="sm-5bd">
         <name>_IQmpyRndSatTable</name>
         <value>0x3fe618</value>
         <object_component_ref idref="oc-11e"/>
      </symbol>
      <symbol id="sm-5be">
         <name>_IQ28mpyRndSatTable</name>
         <value>0x3fe630</value>
         <object_component_ref idref="oc-11e"/>
      </symbol>
      <symbol id="sm-5bf">
         <name>_IQatan2Table</name>
         <value>0x3fe492</value>
         <object_component_ref idref="oc-11e"/>
      </symbol>
      <symbol id="sm-5c0">
         <name>_IQ2mpyRndSatTable</name>
         <value>0x3fe768</value>
         <object_component_ref idref="oc-11e"/>
      </symbol>
      <symbol id="sm-5c1">
         <name>_IQatan2HalfPITable</name>
         <value>0x3fe454</value>
         <object_component_ref idref="oc-11e"/>
      </symbol>
      <symbol id="sm-5c2">
         <name>_IQ17mpyRndSatTable</name>
         <value>0x3fe6b4</value>
         <object_component_ref idref="oc-11e"/>
      </symbol>
      <symbol id="sm-5c3">
         <name>_IQ25mpyRndSatTable</name>
         <value>0x3fe654</value>
         <object_component_ref idref="oc-11e"/>
      </symbol>
      <symbol id="sm-5c4">
         <name>_IQsqrtTable</name>
         <value>0x3fe352</value>
         <object_component_ref idref="oc-11e"/>
      </symbol>
      <symbol id="sm-5c5">
         <name>_IQsqrtTableEnd</name>
         <value>0x3fe454</value>
         <object_component_ref idref="oc-11e"/>
      </symbol>
      <symbol id="sm-5c6">
         <name>_IQ14mpyRndSatTable</name>
         <value>0x3fe6d8</value>
         <object_component_ref idref="oc-11e"/>
      </symbol>
      <symbol id="sm-5c7">
         <name>_IQ22mpyRndSatTable</name>
         <value>0x3fe678</value>
         <object_component_ref idref="oc-11e"/>
      </symbol>
      <symbol id="sm-5c8">
         <name>_IQ30mpyRndSatTable</name>
         <value>0x3fe618</value>
         <object_component_ref idref="oc-11e"/>
      </symbol>
      <symbol id="sm-5c9">
         <name>_IQsqrtRoundSatTable</name>
         <value>0x3fe342</value>
         <object_component_ref idref="oc-11e"/>
      </symbol>
      <symbol id="sm-5ca">
         <name>_IQ11mpyRndSatTable</name>
         <value>0x3fe6fc</value>
         <object_component_ref idref="oc-11e"/>
      </symbol>
      <symbol id="sm-5cb">
         <name>_IQdivRoundSatTable</name>
         <value>0x3fe132</value>
         <object_component_ref idref="oc-11e"/>
      </symbol>
      <symbol id="sm-5cc">
         <name>_IQ7mpyRndSatTable</name>
         <value>0x3fe72c</value>
         <object_component_ref idref="oc-11e"/>
      </symbol>
      <symbol id="sm-5cd">
         <name>_IQcosTable</name>
         <value>0x3fdd30</value>
         <object_component_ref idref="oc-11e"/>
      </symbol>
      <symbol id="sm-5ce">
         <name>_IQisqrtTable</name>
         <value>0x3fe352</value>
         <object_component_ref idref="oc-11e"/>
      </symbol>
      <symbol id="sm-5cf">
         <name>_IQ4mpyRndSatTable</name>
         <value>0x3fe750</value>
         <object_component_ref idref="oc-11e"/>
      </symbol>
      <symbol id="sm-5d0">
         <name>_IQ19mpyRndSatTable</name>
         <value>0x3fe69c</value>
         <object_component_ref idref="oc-11e"/>
      </symbol>
      <symbol id="sm-5d1">
         <name>_IQ27mpyRndSatTable</name>
         <value>0x3fe63c</value>
         <object_component_ref idref="oc-11e"/>
      </symbol>
      <symbol id="sm-5d2">
         <name>_IQmpyRndSatTableEnd</name>
         <value>0x3fe780</value>
         <object_component_ref idref="oc-11e"/>
      </symbol>
      <symbol id="sm-5d3">
         <name>_IQ1mpyRndSatTable</name>
         <value>0x3fe774</value>
         <object_component_ref idref="oc-11e"/>
      </symbol>
      <symbol id="sm-5d4">
         <name>_IQsinTable</name>
         <value>0x3fdc30</value>
         <object_component_ref idref="oc-11e"/>
      </symbol>
      <symbol id="sm-5df">
         <name>__IQ24div</name>
         <value>0xb62a</value>
         <object_component_ref idref="oc-11f"/>
      </symbol>
      <symbol id="sm-5ea">
         <name>__IQ24sinPU</name>
         <value>0xb6b3</value>
         <object_component_ref idref="oc-120"/>
      </symbol>
      <symbol id="sm-5f4">
         <name>__IQ24sqrt</name>
         <value>0xb671</value>
         <object_component_ref idref="oc-121"/>
      </symbol>
      <symbol id="sm-5fe">
         <name>__IQ24toF</name>
         <value>0xb703</value>
         <object_component_ref idref="oc-122"/>
      </symbol>
      <symbol id="sm-608">
         <name>__IQ30toF</name>
         <value>0xb717</value>
         <object_component_ref idref="oc-123"/>
      </symbol>
      <symbol id="sm-623">
         <name>_c_int00</name>
         <value>0xb01a</value>
         <object_component_ref idref="oc-14"/>
      </symbol>
      <symbol id="sm-624">
         <name>__stack</name>
         <value>0x400</value>
         <object_component_ref idref="oc-124"/>
      </symbol>
      <symbol id="sm-633">
         <name>__args_main</name>
         <value>0xb340</value>
         <object_component_ref idref="oc-17e"/>
      </symbol>
      <symbol id="sm-63f">
         <name>__system_post_cinit</name>
         <value>0xb3ba</value>
         <object_component_ref idref="oc-17d"/>
      </symbol>
      <symbol id="sm-64b">
         <name>__system_pre_init</name>
         <value>0xb3b8</value>
         <object_component_ref idref="oc-17b"/>
      </symbol>
      <symbol id="sm-663">
         <name>_ceilf</name>
         <value>0xae93</value>
         <object_component_ref idref="oc-1a0"/>
      </symbol>
      <symbol id="sm-664">
         <name>_ceil</name>
         <value>0xae93</value>
         <object_component_ref idref="oc-1a0"/>
      </symbol>
      <symbol id="sm-673">
         <name>_copy_in</name>
         <value>0xb211</value>
         <object_component_ref idref="oc-17c"/>
      </symbol>
      <symbol id="sm-687">
         <name>C$$EXIT</name>
         <value>0xb19e</value>
         <object_component_ref idref="oc-17f"/>
      </symbol>
      <symbol id="sm-688">
         <name>_exit</name>
         <value>0xb1a0</value>
         <object_component_ref idref="oc-17f"/>
      </symbol>
      <symbol id="sm-689">
         <name>___TI_cleanup_ptr</name>
         <value>0xb56e</value>
         <object_component_ref idref="oc-146"/>
      </symbol>
      <symbol id="sm-68a">
         <name>___TI_enable_exit_profile_output</name>
         <value>0xb56c</value>
         <object_component_ref idref="oc-146"/>
      </symbol>
      <symbol id="sm-68b">
         <name>_abort</name>
         <value>0xb19e</value>
         <object_component_ref idref="oc-17f"/>
      </symbol>
      <symbol id="sm-68c">
         <name>___TI_dtors_ptr</name>
         <value>0xb570</value>
         <object_component_ref idref="oc-146"/>
      </symbol>
      <symbol id="sm-6a0">
         <name>__unlock</name>
         <value>0xb3be</value>
         <object_component_ref idref="oc-1a2"/>
      </symbol>
      <symbol id="sm-6a1">
         <name>__lock</name>
         <value>0xb3bc</value>
         <object_component_ref idref="oc-187"/>
      </symbol>
      <symbol id="sm-6a2">
         <name>__register_lock</name>
         <value>0xb3a1</value>
         <object_component_ref idref="oc-19c"/>
      </symbol>
      <symbol id="sm-6a3">
         <name>__nop</name>
         <value>0xb3a5</value>
         <object_component_ref idref="oc-19c"/>
      </symbol>
      <symbol id="sm-6a4">
         <name>__register_unlock</name>
         <value>0xb39d</value>
         <object_component_ref idref="oc-19c"/>
      </symbol>
      <symbol id="sm-6cd">
         <name>_logf</name>
         <value>0xa6b8</value>
         <object_component_ref idref="oc-19f"/>
      </symbol>
      <symbol id="sm-6ce">
         <name>_log</name>
         <value>0xa6b8</value>
         <object_component_ref idref="oc-19f"/>
      </symbol>
      <symbol id="sm-6dd">
         <name>L$$TOFS</name>
         <value>0xb326</value>
         <object_component_ref idref="oc-156"/>
      </symbol>
      <symbol id="sm-6e7">
         <name>_errno</name>
         <value>0xb573</value>
         <object_component_ref idref="oc-15d"/>
      </symbol>
      <symbol id="sm-6f8">
         <name>_memcpy</name>
         <value>0xb2d3</value>
         <object_component_ref idref="oc-185"/>
      </symbol>
      <symbol id="sm-754">
         <name>_powf</name>
         <value>0x98e6</value>
         <object_component_ref idref="oc-1a1"/>
      </symbol>
      <symbol id="sm-755">
         <name>_pow</name>
         <value>0x98e6</value>
         <object_component_ref idref="oc-1a1"/>
      </symbol>
      <symbol id="sm-76e">
         <name>_scalbn</name>
         <value>0xaefc</value>
         <object_component_ref idref="oc-1a7"/>
      </symbol>
      <symbol id="sm-76f">
         <name>_ldexp</name>
         <value>0xaefc</value>
         <object_component_ref idref="oc-1a7"/>
      </symbol>
      <symbol id="sm-770">
         <name>_scalbnf</name>
         <value>0xaefc</value>
         <object_component_ref idref="oc-1a7"/>
      </symbol>
      <symbol id="sm-771">
         <name>_ldexpf</name>
         <value>0xaefc</value>
         <object_component_ref idref="oc-1a7"/>
      </symbol>
      <symbol id="sm-77d">
         <name>_copysignf</name>
         <value>0xb393</value>
         <object_component_ref idref="oc-1a8"/>
      </symbol>
      <symbol id="sm-77e">
         <name>_copysign</name>
         <value>0xb393</value>
         <object_component_ref idref="oc-1a8"/>
      </symbol>
      <symbol id="sm-799">
         <name>_sqrtf</name>
         <value>0xae1d</value>
         <object_component_ref idref="oc-1a3"/>
      </symbol>
      <symbol id="sm-79a">
         <name>_sqrt</name>
         <value>0xae1d</value>
         <object_component_ref idref="oc-1a3"/>
      </symbol>
   </symbol_table>
   <title>Link successful</title>
</link_info>
