******************************************************************************
             TMS320C2000 Linker PC v16.9.1                     
******************************************************************************
>> Linked Mon Mar 05 16:49:48 2018

OUTPUT FILE NAME:   <TAPAS_Fandriver.out>
ENTRY POINT SYMBOL: "_c_int00"  address: 0000b01a


MEMORY CONFIGURATION

         name            origin    length      used     unused   attr    fill
----------------------  --------  ---------  --------  --------  ----  --------
PAGE 0:
  BEGIN                 00000000   00000002  00000002  00000000  RWIX
  RAMM0                 00000050   000003b0  000000f9  000002b7  RWIX
  RAML0_L8              00008000   0000b800  000037ac  00008054  RWIX
  FPUTABLES             003fd590   000006a0  00000000  000006a0  RWIX
  IQTABLES              003fdc30   00000b50  00000b50  00000000  RWIX
  IQTABLES2             003fe780   0000008c  00000000  0000008c  RWIX
  IQTABLES3             003fe80c   000000aa  00000000  000000aa  RWIX
  BOOTROM               003ff3b0   00000c10  00000000  00000c10  RWIX
  RESET                 003fffc0   00000002  00000000  00000002  RWIX

PAGE 1:
  BOOT_RSVD             00000002   0000004e  00000000  0000004e  RWIX
  RAMM1                 00000400   00000400  000003b0  00000050  RWIX
  USB_RAM               00040000   00000800  00000000  00000800  RWIX


SECTION ALLOCATION MAP

 output                                  attributes/
section   page    origin      length       input sections
--------  ----  ----------  ----------   ----------------
codestart 
*          0    00000000    00000002     
                  00000000    00000002     CodeStartBranch.obj (codestart)

.cinit     0    00000050    000000c3     
                  00000050    000000a5     TAPAS_Fandriver.obj (.cinit)
                  000000f5    0000000e     rts2800_ml.lib : exit.obj (.cinit)
                  00000103    00000005                    : _lock.obj (.cinit:__lock)
                  00000108    00000005                    : _lock.obj (.cinit:__unlock)
                  0000010d    00000004                    : errno.obj (.cinit)
                  00000111    00000002     --HOLE-- [fill = 0]

ramfuncs   0    00000113    00000036     
                  00000113    00000032     flash.obj (ramfuncs)
                  00000145    00000004     usDelay.obj (ramfuncs)

.text      0    00008000    000033bb     
                  00008000    00000b2a     hal.obj (.text)
                  00008b2a    0000098f     ctrl.obj (.text)
                  000094b9    0000042d     user.obj (.text)
                  000098e6    0000041f     rts2800_ml.lib : e_powf.obj (.text)
                  00009d05    0000033a     TAPAS_Fandriver.obj (.text)
                  0000a03f    000002f7     pwm.obj (.text)
                  0000a336    000001f8     adc.obj (.text)
                  0000a52e    0000018a     clk.obj (.text)
                  0000a6b8    00000186     rts2800_ml.lib : e_logf.obj (.text)
                  0000a83e    00000175     gpio.obj (.text)
                  0000a9b3    00000144     TAPAS_Fandriver.obj (.text:retain)
                  0000aaf7    000000ff     pie.obj (.text)
                  0000abf6    000000a9     spi.obj (.text)
                  0000ac9f    00000083     rts2800_ml.lib : fd_mpy28.obj (.text)
                  0000ad22    00000083                    : fs_div28.obj (.text)
                  0000ada5    00000078                    : fs_add28.obj (.text)
                  0000ae1d    00000076                    : e_sqrtf.obj (.text)
                  0000ae93    00000069                    : s_ceilf.obj (.text)
                  0000aefc    00000069                    : s_scalbnf.obj (.text)
                  0000af65    0000005b     pll.obj (.text)
                  0000afc0    0000005a     rts2800_ml.lib : fs_mpy28.obj (.text)
                  0000b01a    00000054                    : boot28.obj (.text)
                  0000b06e    00000047     offset.obj (.text)
                  0000b0b5    00000046     wdog.obj (.text)
                  0000b0fb    00000044     pwr.obj (.text)
                  0000b13f    00000032     timer.obj (.text)
                  0000b171    0000002d     osc.obj (.text)
                  0000b19e    00000029     rts2800_ml.lib : exit.obj (.text)
                  0000b1c7    00000025     cpu.obj (.text)
                  0000b1ec    00000025     rts2800_ml.lib : fs_toi28.obj (.text)
                  0000b211    00000024                    : cpy_tbl.obj (.text)
                  0000b235    00000021     filter_fo.obj (.text)
                  0000b256    00000021     rts2800_ml.lib : fs_toul28.obj (.text)
                  0000b277    00000020     flash.obj (.text)
                  0000b297    0000001f     rts2800_ml.lib : fd_tol28.obj (.text)
                  0000b2b6    0000001d                    : fs_tou28.obj (.text)
                  0000b2d3    0000001d                    : memcpy.obj (.text)
                  0000b2f0    0000001c                    : fs_tofd28.obj (.text)
                  0000b30c    0000001a                    : i_tofs28.obj (.text)
                  0000b326    0000001a                    : l_tofs28.obj (.text)
                  0000b340    00000019                    : args_main.obj (.text)
                  0000b359    00000017                    : fs_cmp28.obj (.text)
                  0000b370    00000013                    : ul_tofs28.obj (.text)
                  0000b383    00000010                    : u_tofs28.obj (.text)
                  0000b393    0000000a                    : s_copysignf.obj (.text)
                  0000b39d    00000009                    : _lock.obj (.text)
                  0000b3a6    00000008     CodeStartBranch.obj (.text)
                  0000b3ae    00000005     pie.obj (.text:retain)
                  0000b3b3    00000005     rts2800_ml.lib : fs_neg28.obj (.text)
                  0000b3b8    00000002                    : pre_init.obj (.text)
                  0000b3ba    00000001                    : startup.obj (.text)

.pinit     0    00000050    00000000     UNINITIALIZED

.reset     0    003fffc0    00000002     DSECT
                  003fffc0    00000002     rts2800_ml.lib : boot28.obj (.reset)

.ebss      0    0000b3bc    0000026e     UNINITIALIZED
                  0000b3bc    00000002     rts2800_ml.lib : _lock.obj (.ebss:__lock)
                  0000b3be    00000002                    : _lock.obj (.ebss:__unlock)
                  0000b3c0    000001ac     TAPAS_Fandriver.obj (.ebss)
                  0000b56c    00000006     rts2800_ml.lib : exit.obj (.ebss)
                  0000b572    00000001     cpu.obj (.ebss)
                  0000b573    00000001     rts2800_ml.lib : errno.obj (.ebss)
                  0000b574    0000000c     --HOLE--
                  0000b580    000000aa     hal.obj (.ebss)

IQmath     0    0000b62a    00000101     
                  0000b62a    00000047     IQmath.lib : IQ24div.obj (IQmath)
                  0000b671    00000042                : IQ24sqrt.obj (IQmath)
                  0000b6b3    00000029                : IQ24sinPU.obj (IQmath)
                  0000b6dc    00000027                : IQ24cosPU.obj (IQmath)
                  0000b703    00000014                : IQ24toF.obj (IQmath)
                  0000b717    00000014                : IQ30toF.obj (IQmath)

.econst    0    0000b72c    00000082     
                  0000b72c    00000032     rts2800_ml.lib : e_powf.obj (.econst)
                  0000b75e    00000010                    : e_logf.obj (.econst)
                  0000b76e    00000008     user.obj (.econst)
                  0000b776    00000006     rts2800_ml.lib : s_scalbnf.obj (.econst)
                  0000b77c    00000004     ctrl.obj (.econst:_$P$T0$1)
                  0000b780    00000004     ctrl.obj (.econst:_$P$T1$2)
                  0000b784    00000004     ctrl.obj (.econst:_$P$T2$3)
                  0000b788    00000004     ctrl.obj (.econst:_$P$T3$4)
                  0000b78c    00000004     ctrl.obj (.econst:_$P$T4$5)
                  0000b790    00000004     ctrl.obj (.econst:_$P$T5$6)
                  0000b794    00000004     rts2800_ml.lib : e_powf.obj (.econst:_bp)
                  0000b798    00000004                    : e_powf.obj (.econst:_dp_h)
                  0000b79c    00000004                    : e_powf.obj (.econst:_dp_l)
                  0000b7a0    00000004     ctrl.obj (.econst)
                  0000b7a4    00000004     hal.obj (.econst)
                  0000b7a8    00000004     rts2800_ml.lib : e_sqrtf.obj (.econst)
                  0000b7ac    00000002                    : s_ceilf.obj (.econst)

.stack     1    00000400    000003b0     UNINITIALIZED
                  00000400    000003b0     --HOLE--

IQmathTables 
*          0    003fdc30    00000b50     NOLOAD SECTION
                  003fdc30    00000b50     IQmath.lib : IQmathTables.obj (IQmathTables)

MODULE SUMMARY

       Module                code    initialized data   uninitialized data
       ------                ----    ----------------   ------------------
    .\
       hal.obj               2858    4                  170               
       ctrl.obj              2447    28                 0                 
       TAPAS_Fandriver.obj   1150    165                428               
       user.obj              1069    8                  0                 
       pwm.obj               759     0                  0                 
       adc.obj               504     0                  0                 
       clk.obj               394     0                  0                 
       gpio.obj              373     0                  0                 
       pie.obj               260     0                  0                 
       spi.obj               169     0                  0                 
       pll.obj               91      0                  0                 
       flash.obj             82      0                  0                 
       offset.obj            71      0                  0                 
       wdog.obj              70      0                  0                 
       pwr.obj               68      0                  0                 
       timer.obj             50      0                  0                 
       osc.obj               45      0                  0                 
       cpu.obj               37      0                  1                 
       filter_fo.obj         33      0                  0                 
       CodeStartBranch.obj   10      0                  0                 
       usDelay.obj           4       0                  0                 
    +--+---------------------+-------+------------------+--------------------+
       Total:                10544   205                599               
                                                                          
    C:/TAPAS_Fandriver/TAPAS-DSP/ti/motorware/motorware_1_01_00_18/sw/modules/iqmath/lib/f28x/32b/IQmath.lib
       IQmathTables.obj      0       2896               0                 
       IQ24div.obj           0       71                 0                 
       IQ24sqrt.obj          0       66                 0                 
       IQ24sinPU.obj         0       41                 0                 
       IQ24cosPU.obj         0       39                 0                 
       IQ24toF.obj           0       20                 0                 
       IQ30toF.obj           0       20                 0                 
    +--+---------------------+-------+------------------+--------------------+
       Total:                0       3153               0                 
                                                                          
    C:/ti/ccsv7/tools/compiler/ti-cgt-c2000_16.9.1.LTS/lib/rts2800_ml.lib
       e_powf.obj            1055    62                 0                 
       e_logf.obj            390     16                 0                 
       fd_mpy28.obj          131     0                  0                 
       fs_div28.obj          131     0                  0                 
       e_sqrtf.obj           118     4                  0                 
       fs_add28.obj          120     0                  0                 
       s_scalbnf.obj         105     6                  0                 
       s_ceilf.obj           105     2                  0                 
       fs_mpy28.obj          90      0                  0                 
       boot28.obj            84      0                  0                 
       exit.obj              41      14                 6                 
       fs_toi28.obj          37      0                  0                 
       cpy_tbl.obj           36      0                  0                 
       fs_toul28.obj         33      0                  0                 
       fd_tol28.obj          31      0                  0                 
       fs_tou28.obj          29      0                  0                 
       memcpy.obj            29      0                  0                 
       fs_tofd28.obj         28      0                  0                 
       i_tofs28.obj          26      0                  0                 
       l_tofs28.obj          26      0                  0                 
       args_main.obj         25      0                  0                 
       _lock.obj             9       10                 4                 
       fs_cmp28.obj          23      0                  0                 
       ul_tofs28.obj         19      0                  0                 
       u_tofs28.obj          16      0                  0                 
       s_copysignf.obj       10      0                  0                 
       errno.obj             0       4                  1                 
       fs_neg28.obj          5       0                  0                 
       pre_init.obj          2       0                  0                 
       startup.obj           1       0                  0                 
    +--+---------------------+-------+------------------+--------------------+
       Total:                2755    118                11                
                                                                          
       Stack:                0       0                  944               
    +--+---------------------+-------+------------------+--------------------+
       Grand Total:          13299   3476               1554              


GLOBAL DATA SYMBOLS: SORTED BY DATA PAGE

address     data page           name
--------    ----------------    ----
00000400      10 (00000400)     __stack

0000b3bc     2ce (0000b380)     __lock
0000b3be     2ce (0000b380)     __unlock

0000b3c0     2cf (0000b3c0)     _Flag_Latch_softwareUpdate
0000b3c1     2cf (0000b3c0)     _gCounter_updateGlobals
0000b3c2     2cf (0000b3c0)     _gLEDcnt
0000b3c3     2cf (0000b3c0)     _timer0cnt
0000b3c4     2cf (0000b3c0)     _gTorque_Flux_Iq_pu_to_Nm_sf
0000b3c6     2cf (0000b3c0)     _ADCrawValue
0000b3c8     2cf (0000b3c0)     _controller_obj
0000b3ca     2cf (0000b3c0)     _ctrlHandle
0000b3cc     2cf (0000b3c0)     _gMaxCurrentSlope
0000b3ce     2cf (0000b3c0)     _gFlux_pu_to_VpHz_sf
0000b3d0     2cf (0000b3c0)     _gTorque_Ls_Id_Iq_pu_to_Nm_sf
0000b3d2     2cf (0000b3c0)     _gFlux_pu_to_Wb_sf
0000b3d4     2cf (0000b3c0)     _halHandle
0000b3d6     2cf (0000b3c0)     _gPwmData
0000b3dc     2cf (0000b3c0)     _gAdcData
0000b3ec     2cf (0000b3c0)     _gAdcDataAVG

0000b400     2d0 (0000b400)     _gMotorVars

0000b4c0     2d3 (0000b4c0)     _gUserParams

0000b56c     2d5 (0000b540)     ___TI_enable_exit_profile_output
0000b56e     2d5 (0000b540)     ___TI_cleanup_ptr
0000b570     2d5 (0000b540)     ___TI_dtors_ptr
0000b572     2d5 (0000b540)     _cpu
0000b573     2d5 (0000b540)     _errno

0000b580     2d6 (0000b580)     _hal

0000b62a     2d8 (0000b600)     __IQ24div

0000b671     2d9 (0000b640)     __IQ24sqrt

0000b6b3     2da (0000b680)     __IQ24sinPU

0000b6dc     2db (0000b6c0)     __IQ24cosPU

0000b703     2dc (0000b700)     __IQ24toF
0000b717     2dc (0000b700)     __IQ30toF

003fdc30    ff70 (003fdc00)     _IQsinTable

003fdd30    ff74 (003fdd00)     _IQcosTable

003fe030    ff80 (003fe000)     _IQsinTableEnd

003fe132    ff84 (003fe100)     _IQcosTableEnd
003fe132    ff84 (003fe100)     _IQdivRoundSatTable

003fe140    ff85 (003fe140)     _IQdivTable

003fe342    ff8d (003fe340)     _IQdivTableEnd
003fe342    ff8d (003fe340)     _IQisqrtRoundSatTable
003fe342    ff8d (003fe340)     _IQsqrtRoundSatTable
003fe352    ff8d (003fe340)     _IQisqrtTable
003fe352    ff8d (003fe340)     _IQsqrtTable

003fe454    ff91 (003fe440)     _IQatan2HalfPITable
003fe454    ff91 (003fe440)     _IQisqrtTableEnd
003fe454    ff91 (003fe440)     _IQsqrtTableEnd

003fe492    ff92 (003fe480)     _IQatan2Table

003fe618    ff98 (003fe600)     _IQ30mpyRndSatTable
003fe618    ff98 (003fe600)     _IQatan2TableEnd
003fe618    ff98 (003fe600)     _IQmpyRndSatTable
003fe624    ff98 (003fe600)     _IQ29mpyRndSatTable
003fe630    ff98 (003fe600)     _IQ28mpyRndSatTable
003fe63c    ff98 (003fe600)     _IQ27mpyRndSatTable

003fe648    ff99 (003fe640)     _IQ26mpyRndSatTable
003fe654    ff99 (003fe640)     _IQ25mpyRndSatTable
003fe660    ff99 (003fe640)     _IQ24mpyRndSatTable
003fe66c    ff99 (003fe640)     _IQ23mpyRndSatTable
003fe678    ff99 (003fe640)     _IQ22mpyRndSatTable

003fe684    ff9a (003fe680)     _IQ21mpyRndSatTable
003fe690    ff9a (003fe680)     _IQ20mpyRndSatTable
003fe69c    ff9a (003fe680)     _IQ19mpyRndSatTable
003fe6a8    ff9a (003fe680)     _IQ18mpyRndSatTable
003fe6b4    ff9a (003fe680)     _IQ17mpyRndSatTable

003fe6c0    ff9b (003fe6c0)     _IQ16mpyRndSatTable
003fe6cc    ff9b (003fe6c0)     _IQ15mpyRndSatTable
003fe6d8    ff9b (003fe6c0)     _IQ14mpyRndSatTable
003fe6e4    ff9b (003fe6c0)     _IQ13mpyRndSatTable
003fe6f0    ff9b (003fe6c0)     _IQ12mpyRndSatTable
003fe6fc    ff9b (003fe6c0)     _IQ11mpyRndSatTable

003fe708    ff9c (003fe700)     _IQ10mpyRndSatTable
003fe714    ff9c (003fe700)     _IQ9mpyRndSatTable
003fe720    ff9c (003fe700)     _IQ8mpyRndSatTable
003fe72c    ff9c (003fe700)     _IQ7mpyRndSatTable
003fe738    ff9c (003fe700)     _IQ6mpyRndSatTable

003fe744    ff9d (003fe740)     _IQ5mpyRndSatTable
003fe750    ff9d (003fe740)     _IQ4mpyRndSatTable
003fe75c    ff9d (003fe740)     _IQ3mpyRndSatTable
003fe768    ff9d (003fe740)     _IQ2mpyRndSatTable
003fe774    ff9d (003fe740)     _IQ1mpyRndSatTable

003fe780    ff9e (003fe780)     _IQmpyRndSatTableEnd


GLOBAL SYMBOLS: SORTED ALPHABETICALLY BY Name 

page  address   name                                             
----  -------   ----                                             
0     00008000  .text                                            
0     0000b19e  C$$EXIT                                          
0     0000ac9f  FD$$MPY                                          
0     0000b297  FD$$TOL                                          
0     0000adaa  FS$$ADD                                          
0     0000b359  FS$$CMP                                          
0     0000ad22  FS$$DIV                                          
0     0000afc0  FS$$MPY                                          
0     0000b3b3  FS$$NEG                                          
0     0000ada5  FS$$SUB                                          
0     0000b2f0  FS$$TOFD                                         
0     0000b1ec  FS$$TOI                                          
0     0000b2b6  FS$$TOU                                          
0     0000b256  FS$$TOUL                                         
0     0000b30c  I$$TOFS                                          
0     0000b326  L$$TOFS                                          
0     0000b383  U$$TOFS                                          
0     0000b370  UL$$TOFS                                         
0     0000a524  _ADC_disable                                     
0     0000a51a  _ADC_disableBandGap                              
0     0000a503  _ADC_disableInt                                  
0     0000a4f9  _ADC_disableNoOverlapMode                        
0     0000a4ef  _ADC_disableRefBuffers                           
0     0000a4e5  _ADC_disableVoltRefLoConv                        
0     0000a4db  _ADC_enable                                      
0     0000a4d1  _ADC_enableBandGap                               
0     0000a4bb  _ADC_enableInt                                   
0     0000a4b1  _ADC_enableNoOverlapMode                         
0     0000a4a7  _ADC_enableRefBuffers                            
0     0000a49d  _ADC_enableVoltRefLoConv                         
0     0000a493  _ADC_getDivideSelect                             
0     0000a48b  _ADC_init                                        
0     0000a481  _ADC_powerDown                                   
0     0000a477  _ADC_powerUp                                     
0     0000a46d  _ADC_reset                                       
0     0000a45c  _ADC_setDivideSelect                             
0     0000a43b  _ADC_setIntMode                                  
0     0000a42a  _ADC_setIntPulseGenMode                          
0     0000a409  _ADC_setIntSrc                                   
0     0000a3ff  _ADC_setOffTrim                                  
0     0000a3e8  _ADC_setSampleMode                               
0     0000a3d5  _ADC_setSampleOverlapMode                        
0     0000a3c1  _ADC_setSocChanNumber                            
0     0000a3b4  _ADC_setSocFrc                                   
0     0000a3aa  _ADC_setSocFrcWord                               
0     0000a396  _ADC_setSocSampleDelay                           
0     0000a382  _ADC_setSocTrigSrc                               
0     0000a371  _ADC_setTempSensorSrc                            
0     0000a360  _ADC_setVoltRefSrc                               
0     0000a336  _ADC_setupSocTrigSrc                             
0     0000b3c6  _ADCrawValue                                     
0     0000a6b1  _CLK_disableAdcClock                             
0     0000a6aa  _CLK_disableClaClock                             
0     0000a6a4  _CLK_disableClkIn                                
0     0000a6a0  _CLK_disableCompClock                            
0     0000a699  _CLK_disableCpuTimerClock                        
0     0000a693  _CLK_disableCrystalOsc                           
0     0000a68c  _CLK_disableEcanaClock                           
0     0000a685  _CLK_disableEcap1Clock                           
0     0000a67e  _CLK_disableEqep1Clock                           
0     0000a677  _CLK_disableEqep2Clock                           
0     0000a670  _CLK_disableGpioInputClock                       
0     0000a669  _CLK_disableHrPwmClock                           
0     0000a662  _CLK_disableI2cClock                             
0     0000a65b  _CLK_disableLinAClock                            
0     0000a655  _CLK_disableOsc1                                 
0     0000a64f  _CLK_disableOsc1HaltMode                         
0     0000a649  _CLK_disableOsc2                                 
0     0000a643  _CLK_disableOsc2HaltMode                         
0     0000a639  _CLK_disablePwmClock                             
0     0000a632  _CLK_disableSciaClock                            
0     0000a62b  _CLK_disableScibClock                            
0     0000a624  _CLK_disableSpiaClock                            
0     0000a620  _CLK_disableSpibClock                            
0     0000a619  _CLK_disableTbClockSync                          
0     0000a613  _CLK_disableWatchDogHaltMode                     
0     0000a60c  _CLK_enableAdcClock                              
0     0000a605  _CLK_enableClaClock                              
0     0000a5ff  _CLK_enableClkIn                                 
0     0000a5f9  _CLK_enableCompClock                             
0     0000a5f3  _CLK_enableCpuTimerClock                         
0     0000a5ed  _CLK_enableCrystalOsc                            
0     0000a5e6  _CLK_enableEcanaClock                            
0     0000a5df  _CLK_enableEcap1Clock                            
0     0000a5d8  _CLK_enableEqep1Clock                            
0     0000a5d1  _CLK_enableEqep2Clock                            
0     0000a5ca  _CLK_enableGpioInputClock                        
0     0000a5c3  _CLK_enableHrPwmClock                            
0     0000a5bc  _CLK_enableI2cClock                              
0     0000a5b5  _CLK_enableLinAClock                             
0     0000a5af  _CLK_enableOsc1                                  
0     0000a5a9  _CLK_enableOsc1HaltMode                          
0     0000a5a3  _CLK_enableOsc2                                  
0     0000a59d  _CLK_enableOsc2HaltMode                          
0     0000a594  _CLK_enablePwmClock                              
0     0000a58d  _CLK_enableSciaClock                             
0     0000a586  _CLK_enableScibClock                             
0     0000a57f  _CLK_enableSpiaClock                             
0     0000a578  _CLK_enableSpibClock                             
0     0000a571  _CLK_enableTbClockSync                           
0     0000a56b  _CLK_enableWatchDogHaltMode                      
0     0000a565  _CLK_init                                        
0     0000a55e  _CLK_setClkOutPreScaler                          
0     0000a558  _CLK_setLowSpdPreScaler                          
0     0000a551  _CLK_setOsc2Src                                  
0     0000a54a  _CLK_setOscSrc                                   
0     0000a543  _CLK_setTimer2PreScale                           
0     0000a53c  _CLK_setTimer2Src                                
0     0000a535  _CLK_setWatchDogSrc                              
0     0000a52e  _CLK_setXClkInSrc                                
0     0000b1e9  _CPU_clearIntFlags                               
0     0000b1e6  _CPU_disableDebugInt                             
0     0000b1e3  _CPU_disableGlobalInts                           
0     0000b1de  _CPU_disableInt                                  
0     0000b1db  _CPU_disableInts                                 
0     0000b1d8  _CPU_disableProtectedRegisterWrite               
0     0000b1d5  _CPU_enableDebugInt                              
0     0000b1d2  _CPU_enableGlobalInts                            
0     0000b1ce  _CPU_enableInt                                   
0     0000b1cb  _CPU_enableProtectedRegisterWrite                
0     0000b1c7  _CPU_init                                        
0     0000947d  _CTRL_getGains                                   
0     00009476  _CTRL_getIab_filt_pu                             
0     0000946f  _CTRL_getIab_in_pu                               
0     00009468  _CTRL_getIdq_in_pu                               
0     00009461  _CTRL_getIdq_ref_pu                              
0     000094b6  _CTRL_getMagCurrent_pu                           
0     000094b3  _CTRL_getMaximumSpeed_pu                         
0     0000945a  _CTRL_getVab_in_pu                               
0     00009453  _CTRL_getVab_out_pu                              
0     0000944c  _CTRL_getVdq_out_pu                              
abs   003fa721  _CTRL_getVersion                                 
0     00009443  _CTRL_getWaitTimes                               
abs   003fa6fb  _CTRL_initCtrl                                   
0     00008f20  _CTRL_run                                        
abs   003fa5d1  _CTRL_runTraj                                    
abs   003f9e64  _CTRL_setEstParams                               
0     00008c9a  _CTRL_setGains                                   
0     000094b0  _CTRL_setMagCurrent_pu                           
0     000094ad  _CTRL_setMaximumSpeed_pu                         
0     00008cc2  _CTRL_setParams                                  
0     00008c87  _CTRL_setSpd_ref_krpm                            
0     00008c84  _CTRL_setSpd_ref_pu                              
abs   003f9d31  _CTRL_setUserMotorParams                         
0     00008c7b  _CTRL_setWaitTimes                               
0     00008c71  _CTRL_setup                                      
0     00008c55  _CTRL_setupClarke_I                              
0     00008c3f  _CTRL_setupClarke_V                              
abs   003f9b43  _CTRL_setupCtrl                                  
abs   003f99a5  _CTRL_setupEstIdleState                          
abs   003f996a  _CTRL_setupEstOnLineState                        
abs   003f9806  _CTRL_setupTraj                                  
0     00008bdd  _CTRL_setup_user                                 
0     00008b2a  _CTRL_updateState                                
0     0000aac6  _EPWM4triggerISR                                 
abs   003f9760  _EST_doCurrentCtrl                               
abs   003f9758  _EST_doSpeedCtrl                                 
abs   003f8c0d  _EST_getAngle_pu                                 
abs   003f96be  _EST_getFlux_VpHz                                
abs   003f96ab  _EST_getFlux_pu                                  
abs   003f968e  _EST_getFm_pu                                    
abs   003f9632  _EST_getIdRated                                  
abs   003f95ff  _EST_getLs_coarse_max_pu                         
abs   003f95f5  _EST_getLs_d_H                                   
abs   003f95f0  _EST_getLs_d_pu                                  
abs   003f95ce  _EST_getLs_q_H                                   
abs   003f95c9  _EST_getLs_q_pu                                  
abs   003f95bd  _EST_getMaxCurrentSlope_pu                       
abs   003f95b3  _EST_getOneOverDcBus_pu                          
abs   003f95ad  _EST_getRr_Ohm                                   
abs   003f9513  _EST_getRs_Ohm                                   
abs   003f94c6  _EST_getSpeed_krpm                               
abs   003f861b  _EST_getState                                    
abs   003f9458  _EST_get_krpm_to_pu_sf                           
abs   003f9453  _EST_get_pu_to_krpm_sf                           
abs   003f938d  _EST_isError                                     
abs   003f9386  _EST_isIdle                                      
abs   003f937f  _EST_isLockRotor                                 
abs   003f8679  _EST_isMotorIdentified                           
abs   003f9378  _EST_isOnLine                                    
abs   003f927b  _EST_run                                         
abs   003f8bdb  _EST_setFlag_enableForceAngle                    
abs   003f8bd3  _EST_setFlag_enableRsRecalc                      
abs   003f8b80  _EST_setId_ref_pu                                
abs   003f8b7a  _EST_setIdle                                     
abs   003f8b67  _EST_setIdle_all                                 
abs   003f8b63  _EST_setIq_ref_pu                                
abs   003f8b45  _EST_setLs_d_pu                                  
abs   003f8af1  _EST_setLs_qFmt                                  
abs   003f8ae7  _EST_setLs_q_pu                                  
abs   003f8adb  _EST_setMaxCurrentSlope_pu                       
abs   003f8a18  _EST_setRs_pu                                    
abs   003f89f5  _EST_updateId_ref_pu                             
abs   003f8713  _EST_updateState                                 
abs   003f861d  _EST_useZeroIq_ref                               
0     0000b253  _FILTER_FO_getDenCoeffs                          
0     0000b24c  _FILTER_FO_getInitialConditions                  
0     0000b246  _FILTER_FO_getNumCoeffs                          
0     0000b240  _FILTER_FO_init                                  
0     0000b23e  _FILTER_FO_setDenCoeffs                          
0     0000b239  _FILTER_FO_setInitialConditions                  
0     0000b235  _FILTER_FO_setNumCoeffs                          
0     0000b291  _FLASH_clear3VStatus                             
0     0000013f  _FLASH_disablePipelineMode                       
0     00000139  _FLASH_enablePipelineMode                        
0     0000b28e  _FLASH_get3VStatus                               
0     0000b28b  _FLASH_getActiveWaitCount                        
0     0000b287  _FLASH_getActiveWaitStatus                       
0     0000b284  _FLASH_getPowerMode                              
0     0000b281  _FLASH_getStandbyWaitCount                       
0     0000b27d  _FLASH_getStandbyWaitStatus                      
0     0000b277  _FLASH_init                                      
0     00000134  _FLASH_setActiveWaitCount                        
0     0000012d  _FLASH_setNumPagedReadWaitStates                 
0     00000126  _FLASH_setNumRandomReadWaitStates                
0     0000011f  _FLASH_setOtpWaitStates                          
0     00000118  _FLASH_setPowerMode                              
0     00000113  _FLASH_setStandbyWaitCount                       
0     0000b3c0  _Flag_Latch_softwareUpdate                       
0     0000a9a5  _GPIO_getData                                    
0     0000a99a  _GPIO_getPortData                                
0     0000a994  _GPIO_init                                       
0     0000a98a  _GPIO_lpmSelect                                  
0     0000a977  _GPIO_read                                       
0     0000a95d  _GPIO_setDirection                               
0     0000a952  _GPIO_setExtInt                                  
0     0000a942  _GPIO_setHigh                                    
0     0000a932  _GPIO_setLow                                     
0     0000a8fa  _GPIO_setMode                                    
0     0000a8ec  _GPIO_setPortData                                
0     0000a8d2  _GPIO_setPullup                                  
0     0000a895  _GPIO_setQualification                           
0     0000a84e  _GPIO_setQualificationPeriod                     
0     0000a83e  _GPIO_toggle                                     
0     000085e6  _HAL_AdcCalChanSelect                            
0     0000863d  _HAL_AdcCalConversion                            
0     0000879f  _HAL_AdcOffsetSelfCal                            
0     00008865  _HAL_OscTempComp                                 
0     000088be  _HAL_cal                                         
0     00008b26  _HAL_disableGlobalInts                           
0     00008b21  _HAL_disablePwm4Int                              
0     00008a0a  _HAL_disableWdog                                 
0     00008b0f  _HAL_enableAdcInts                               
0     00008b0b  _HAL_enableDebugInt                              
0     00008b07  _HAL_enableGlobalInts                            
0     00008af6  _HAL_enablePwm4Int                               
0     00008ae5  _HAL_enablePwmInt                                
0     00008ad5  _HAL_enableTimer0Int                             
0     000087d2  _HAL_getOscTrimValue                             
0     00008a0f  _HAL_init                                        
0     000087e5  _HAL_osc1Comp                                    
0     00008825  _HAL_osc2Comp                                    
0     000089f0  _HAL_setDacParameters                            
0     000088d5  _HAL_setParams                                   
0     0000850f  _HAL_setupAdcs                                   
0     000084f3  _HAL_setupClks                                   
0     000084d5  _HAL_setupFaults                                 
0     000084b7  _HAL_setupFlash                                  
0     000082e8  _HAL_setupGpios                                  
0     0000829b  _HAL_setupPeripheralClks                         
0     0000827f  _HAL_setupPie                                    
0     00008240  _HAL_setupPll                                    
0     000081b3  _HAL_setupPwmDacs                                
0     000080d6  _HAL_setupPwms                                   
0     00008090  _HAL_setupSpiA                                   
0     0000805a  _HAL_setupSpiB                                   
0     00008000  _HAL_setupTimers                                 
0     003fe708  _IQ10mpyRndSatTable                              
0     003fe6fc  _IQ11mpyRndSatTable                              
0     003fe6f0  _IQ12mpyRndSatTable                              
0     003fe6e4  _IQ13mpyRndSatTable                              
0     003fe6d8  _IQ14mpyRndSatTable                              
0     003fe6cc  _IQ15mpyRndSatTable                              
0     003fe6c0  _IQ16mpyRndSatTable                              
0     003fe6b4  _IQ17mpyRndSatTable                              
0     003fe6a8  _IQ18mpyRndSatTable                              
0     003fe69c  _IQ19mpyRndSatTable                              
0     003fe774  _IQ1mpyRndSatTable                               
0     003fe690  _IQ20mpyRndSatTable                              
0     003fe684  _IQ21mpyRndSatTable                              
0     003fe678  _IQ22mpyRndSatTable                              
0     003fe66c  _IQ23mpyRndSatTable                              
0     003fe660  _IQ24mpyRndSatTable                              
0     003fe654  _IQ25mpyRndSatTable                              
0     003fe648  _IQ26mpyRndSatTable                              
0     003fe63c  _IQ27mpyRndSatTable                              
0     003fe630  _IQ28mpyRndSatTable                              
0     003fe624  _IQ29mpyRndSatTable                              
0     003fe768  _IQ2mpyRndSatTable                               
0     003fe618  _IQ30mpyRndSatTable                              
0     003fe75c  _IQ3mpyRndSatTable                               
0     003fe750  _IQ4mpyRndSatTable                               
0     003fe744  _IQ5mpyRndSatTable                               
0     003fe738  _IQ6mpyRndSatTable                               
0     003fe72c  _IQ7mpyRndSatTable                               
0     003fe720  _IQ8mpyRndSatTable                               
0     003fe714  _IQ9mpyRndSatTable                               
0     003fe454  _IQatan2HalfPITable                              
0     003fe492  _IQatan2Table                                    
0     003fe618  _IQatan2TableEnd                                 
0     003fdd30  _IQcosTable                                      
0     003fe132  _IQcosTableEnd                                   
0     003fe132  _IQdivRoundSatTable                              
0     003fe140  _IQdivTable                                      
0     003fe342  _IQdivTableEnd                                   
0     003fe342  _IQisqrtRoundSatTable                            
0     003fe352  _IQisqrtTable                                    
0     003fe454  _IQisqrtTableEnd                                 
0     003fe618  _IQmpyRndSatTable                                
0     003fe780  _IQmpyRndSatTableEnd                             
0     003fdc30  _IQsinTable                                      
0     003fe030  _IQsinTableEnd                                   
0     003fe342  _IQsqrtRoundSatTable                             
0     003fe352  _IQsqrtTable                                     
0     003fe454  _IQsqrtTableEnd                                  
0     0000b0a6  _OFFSET_getBeta                                  
0     0000b095  _OFFSET_init                                     
0     0000b07f  _OFFSET_setBeta                                  
0     0000b070  _OFFSET_setInitCond                              
0     0000b06e  _OFFSET_setOffset                                
0     0000b198  _OSC_init                                        
0     0000b18b  _OSC_setCoarseTrim                               
0     0000b17a  _OSC_setFineTrim                                 
0     0000b171  _OSC_setTrim                                     
0     0000abef  _PIE_clearAllFlags                               
0     0000abec  _PIE_clearAllInts                                
0     0000abe9  _PIE_disable                                     
0     0000abe2  _PIE_disableAllInts                              
0     0000abde  _PIE_disableCaptureInt                           
0     0000abd5  _PIE_disableExtInt                               
0     0000abcb  _PIE_disableInt                                  
0     0000abc8  _PIE_enable                                      
0     0000abac  _PIE_enableAdcInt                                
0     0000aba8  _PIE_enableCaptureInt                            
0     0000ab8c  _PIE_enableExtInt                                
0     0000ab83  _PIE_enableInt                                   
0     0000ab7e  _PIE_enablePwmInt                                
0     0000ab79  _PIE_enablePwmTzInt                              
0     0000ab76  _PIE_enableTimer0Int                             
0     0000ab6d  _PIE_forceInt                                    
0     0000ab65  _PIE_getExtIntCount                              
0     0000ab5e  _PIE_getIntEnables                               
0     0000ab57  _PIE_getIntFlags                                 
0     0000b3ae  _PIE_illegalIsr                                  
0     0000ab4f  _PIE_init                                        
0     0000ab3e  _PIE_registerPieIntHandler                       
0     0000ab33  _PIE_registerSystemIntHandler                    
0     0000ab28  _PIE_setDefaultIntVectorTable                    
0     0000ab17  _PIE_setExtIntPolarity                           
0     0000ab04  _PIE_unregisterPieIntHandler                     
0     0000aaf7  _PIE_unregisterSystemIntHandler                  
0     0000afba  _PLL_disable                                     
0     0000afb4  _PLL_disableClkDetect                            
0     0000afae  _PLL_disableNormRdy                              
0     0000afa8  _PLL_disableOsc                                  
0     0000afa2  _PLL_enable                                      
0     0000af9c  _PLL_enableClkDetect                             
0     0000af96  _PLL_enableNormRdy                               
0     0000af90  _PLL_enableOsc                                   
0     0000af8c  _PLL_getClkFreq                                  
0     0000af89  _PLL_getClkStatus                                
0     0000af86  _PLL_getDivideSelect                             
0     0000af83  _PLL_getLockStatus                               
0     0000af7d  _PLL_init                                        
0     0000af77  _PLL_resetClkDetect                              
0     0000af71  _PLL_setClkFreq                                  
0     0000af6a  _PLL_setDivideSelect                             
0     0000af65  _PLL_setLockPeriod                               
0     0000a330  _PWM_clearTripZone                               
0     0000a32d  _PWM_decrementDeadBandFallingEdgeDelay           
0     0000a32a  _PWM_decrementDeadBandRisingEdgeDelay            
0     0000a323  _PWM_disableAutoConvert                          
0     0000a31f  _PWM_disableChopping                             
0     0000a31c  _PWM_disableCounterLoad                          
0     0000a319  _PWM_disableDeadBand                             
0     0000a315  _PWM_disableDeadBandHalfCycle                    
0     0000a30e  _PWM_disableDigitalCompareBlankingWindow         
0     0000a307  _PWM_disableDigitalCompareBlankingWindowInversion
0     0000a300  _PWM_disableHrPeriod                             
0     0000a2f9  _PWM_disableHrPhaseSync                          
0     0000a2f5  _PWM_disableInt                                  
0     0000a2f1  _PWM_disableSocAPulse                            
0     0000a2ed  _PWM_disableSocBPulse                            
0     0000a2e6  _PWM_disableTripZoneInt                          
0     0000a2df  _PWM_disableTripZoneSrc                          
0     0000a2d9  _PWM_disableTripZones                            
0     0000a2d2  _PWM_enableAutoConvert                           
0     0000a2ce  _PWM_enableChopping                              
0     0000a2cb  _PWM_enableCounterLoad                           
0     0000a2c7  _PWM_enableDeadBandHalfCycle                     
0     0000a2c0  _PWM_enableDigitalCompareBlankingWindow          
0     0000a2b9  _PWM_enableDigitalCompareBlankingWindowInversion 
0     0000a2b2  _PWM_enableHrPeriod                              
0     0000a2ab  _PWM_enableHrPhaseSync                           
0     0000a2a7  _PWM_enableInt                                   
0     0000a2a3  _PWM_enableSocAPulse                             
0     0000a29f  _PWM_enableSocBPulse                             
0     0000a299  _PWM_enableTripZoneInt                           
0     0000a293  _PWM_enableTripZoneSrc                           
0     0000a290  _PWM_getDeadBandFallingEdgeDelay                 
0     0000a28d  _PWM_getDeadBandRisingEdgeDelay                  
0     0000a289  _PWM_getIntCount                                 
0     0000a285  _PWM_getShadowStatus_CmpA                        
0     0000a281  _PWM_getShadowStatus_CmpB                        
0     0000a27c  _PWM_getSocACount                                
0     0000a277  _PWM_getSocBCount                                
0     0000a274  _PWM_incrementDeadBandFallingEdgeDelay           
0     0000a271  _PWM_incrementDeadBandRisingEdgeDelay            
0     0000a26b  _PWM_init                                        
0     0000a264  _PWM_setActionQualContSWForce_PwmA               
0     0000a25b  _PWM_setActionQualContSWForce_PwmB               
0     0000a252  _PWM_setActionQual_CntDown_CmpA_PwmA             
0     0000a249  _PWM_setActionQual_CntDown_CmpA_PwmB             
0     0000a240  _PWM_setActionQual_CntDown_CmpB_PwmA             
0     0000a237  _PWM_setActionQual_CntDown_CmpB_PwmB             
0     0000a22e  _PWM_setActionQual_CntUp_CmpA_PwmA               
0     0000a225  _PWM_setActionQual_CntUp_CmpA_PwmB               
0     0000a21c  _PWM_setActionQual_CntUp_CmpB_PwmA               
0     0000a213  _PWM_setActionQual_CntUp_CmpB_PwmB               
0     0000a20a  _PWM_setActionQual_Period_PwmA                   
0     0000a201  _PWM_setActionQual_Period_PwmB                   
0     0000a1fa  _PWM_setActionQual_Zero_PwmA                     
0     0000a1f3  _PWM_setActionQual_Zero_PwmB                     
0     0000a1ec  _PWM_setChoppingClkFreq                          
0     0000a1e5  _PWM_setChoppingDutyCycle                        
0     0000a1de  _PWM_setChoppingPulseWidth                       
0     0000a1da  _PWM_setClkDiv                                   
0     0000a1d8  _PWM_setCount                                    
0     0000a1d4  _PWM_setCounterMode                              
0     0000a1d1  _PWM_setDeadBandFallingEdgeDelay                 
0     0000a1ca  _PWM_setDeadBandInputMode                        
0     0000a1c3  _PWM_setDeadBandOutputMode                       
0     0000a1bc  _PWM_setDeadBandPolarity                         
0     0000a1b9  _PWM_setDeadBandRisingEdgeDelay                  
0     0000a19f  _PWM_setDigitalCompareAEvent1                    
0     0000a18f  _PWM_setDigitalCompareAEvent2                    
0     0000a175  _PWM_setDigitalCompareBEvent1                    
0     0000a165  _PWM_setDigitalCompareBEvent2                    
0     0000a159  _PWM_setDigitalCompareBlankingPulse              
0     0000a156  _PWM_setDigitalCompareFilterOffset               
0     0000a14c  _PWM_setDigitalCompareFilterSource               
0     0000a149  _PWM_setDigitalCompareFilterWindow               
0     0000a13a  _PWM_setDigitalCompareInput                      
0     0000a136  _PWM_setHighSpeedClkDiv                          
0     0000a12c  _PWM_setHrControlMode                            
0     0000a122  _PWM_setHrEdgeMode                               
0     0000a118  _PWM_setHrShadowMode                             
0     0000a111  _PWM_setIntMode                                  
0     0000a10a  _PWM_setIntPeriod                                
0     0000a106  _PWM_setLoadMode_CmpA                            
0     0000a100  _PWM_setLoadMode_CmpB                            
0     0000a0fe  _PWM_setPeriod                                   
0     0000a0f9  _PWM_setPeriodHr                                 
0     0000a0f5  _PWM_setPeriodLoad                               
0     0000a0f3  _PWM_setPhase                                    
0     0000a0ef  _PWM_setPhaseDir                                 
0     0000a0eb  _PWM_setRunMode                                  
0     0000a0e5  _PWM_setShadowMode_CmpA                          
0     0000a0df  _PWM_setShadowMode_CmpB                          
0     0000a0d6  _PWM_setSocAPeriod                               
0     0000a0cc  _PWM_setSocAPulseSrc                             
0     0000a0c3  _PWM_setSocBPeriod                               
0     0000a0ba  _PWM_setSocBPulseSrc                             
0     0000a0b7  _PWM_setSwSync                                   
0     0000a0b3  _PWM_setSyncMode                                 
0     0000a0a9  _PWM_setTripZoneDCEventSelect_DCAEVT1            
0     0000a09d  _PWM_setTripZoneDCEventSelect_DCAEVT2            
0     0000a091  _PWM_setTripZoneDCEventSelect_DCBEVT1            
0     0000a085  _PWM_setTripZoneDCEventSelect_DCBEVT2            
0     0000a079  _PWM_setTripZoneState_DCAEVT1                    
0     0000a06d  _PWM_setTripZoneState_DCAEVT2                    
0     0000a061  _PWM_setTripZoneState_DCBEVT1                    
0     0000a055  _PWM_setTripZoneState_DCBEVT2                    
0     0000a04b  _PWM_setTripZoneState_TZA                        
0     0000a03f  _PWM_setTripZoneState_TZB                        
0     0000b13c  _PWR_disableBrownOutReset                        
0     0000b132  _PWR_disableWatchDogInt                          
0     0000b12f  _PWR_enableBrownOutReset                         
0     0000b125  _PWR_enableWatchDogInt                           
0     0000b11d  _PWR_init                                        
0     0000b10c  _PWR_setLowPowerMode                             
0     0000b0fb  _PWR_setNumStandByClocks                         
0     00000149  _RamfuncsLoadEnd                                 
abs   00000036  _RamfuncsLoadSize                                
0     00000113  _RamfuncsLoadStart                               
0     00000113  _RamfuncsRunStart                                
0     0000ac9b  _SPI_clearRxFifoInt                              
0     0000ac97  _SPI_clearRxFifoOvf                              
0     0000ac93  _SPI_clearTxFifoInt                              
0     0000ac90  _SPI_disableInt                                  
0     0000ac8d  _SPI_disableLoopBack                             
0     0000ac8a  _SPI_disableOverRunInt                           
0     0000ac86  _SPI_disableRxFifoInt                            
0     0000ac83  _SPI_disableTx                                   
0     0000ac7f  _SPI_disableTxFifoEnh                            
0     0000ac7b  _SPI_disableTxFifoInt                            
0     0000ac78  _SPI_enable                                      
0     0000ac74  _SPI_enableChannels                              
0     0000ac71  _SPI_enableInt                                   
0     0000ac6e  _SPI_enableLoopBack                              
0     0000ac6b  _SPI_enableOverRunInt                            
0     0000ac67  _SPI_enableRxFifo                                
0     0000ac63  _SPI_enableRxFifoInt                             
0     0000ac60  _SPI_enableTx                                    
0     0000ac5c  _SPI_enableTxFifo                                
0     0000ac58  _SPI_enableTxFifoEnh                             
0     0000ac54  _SPI_enableTxFifoInt                             
0     0000ac51  _SPI_getIntFlagStatus                            
0     0000ac4d  _SPI_getRxFifoStatus                             
0     0000ac4a  _SPI_getTxBufferStatus                           
0     0000ac46  _SPI_getTxFifoStatus                             
0     0000ac40  _SPI_init                                        
0     0000ac3d  _SPI_reset                                       
0     0000ac39  _SPI_resetChannels                               
0     0000ac35  _SPI_resetRxFifo                                 
0     0000ac31  _SPI_resetTxFifo                                 
0     0000ac2f  _SPI_setBaudRate                                 
0     0000ac2b  _SPI_setCharLength                               
0     0000ac29  _SPI_setClkPhase                                 
0     0000ac25  _SPI_setClkPolarity                              
0     0000ac23  _SPI_setMode                                     
0     0000ac1c  _SPI_setPriority                                 
0     0000ac15  _SPI_setRxFifoIntLevel                           
0     0000ac0e  _SPI_setSteInv                                   
0     0000ac07  _SPI_setSuspend                                  
0     0000ac00  _SPI_setTriWire                                  
0     0000abfd  _SPI_setTxDelay                                  
0     0000abf6  _SPI_setTxFifoIntLevel                           
0     0000b16e  _TIMER_clearFlag                                 
0     0000b16b  _TIMER_disableInt                                
0     0000b168  _TIMER_enableInt                                 
0     0000b165  _TIMER_getStatus                                 
0     0000b15f  _TIMER_init                                      
0     0000b151  _TIMER_setDecimationFactor                       
0     0000b14d  _TIMER_setEmulationMode                          
0     0000b13f  _TIMER_setPreScaler                              
0     00009825  _USER_calcPIgains                                
0     00009821  _USER_checkForErrors                             
0     00009813  _USER_computeFlux                                
0     000097d7  _USER_computeFlux_pu_to_VpHz_sf                  
0     0000979b  _USER_computeFlux_pu_to_Wb_sf                    
0     0000975f  _USER_computeTorque_Flux_Iq_pu_to_Nm_sf          
0     00009725  _USER_computeTorque_Ls_Id_Iq_pu_to_Nm_sf         
0     000096d8  _USER_computeTorque_Nm                           
0     00009680  _USER_computeTorque_lbin                         
0     0000967d  _USER_getErrorCode                               
0     0000967a  _USER_setErrorCode                               
0     0000953c  _USER_setParams                                  
0     000094b9  _USER_softwareUpdate1p6                          
0     0000b0f3  _WDOG_clearCounter                               
0     0000b0eb  _WDOG_disable                                    
0     0000b0e5  _WDOG_disableInt                                 
0     0000b0df  _WDOG_disableOverRide                            
0     0000b0d6  _WDOG_enable                                     
0     0000b0d0  _WDOG_enableInt                                  
0     0000b0ca  _WDOG_enableOverRide                             
0     0000b0c7  _WDOG_getIntStatus                               
0     0000b0c1  _WDOG_init                                       
0     0000b0bf  _WDOG_setCount                                   
0     0000b0b5  _WDOG_setPreScaler                               
0     0000b6dc  __IQ24cosPU                                      
0     0000b62a  __IQ24div                                        
0     0000b6b3  __IQ24sinPU                                      
0     0000b671  __IQ24sqrt                                       
0     0000b703  __IQ24toF                                        
0     0000b717  __IQ30toF                                        
1     000007b0  __STACK_END                                      
abs   000003b0  __STACK_SIZE                                     
0     0000b56e  ___TI_cleanup_ptr                                
0     0000b570  ___TI_dtors_ptr                                  
0     0000b56c  ___TI_enable_exit_profile_output                 
abs   ffffffff  ___TI_pprof_out_hndl                             
abs   ffffffff  ___TI_prof_data_size                             
abs   ffffffff  ___TI_prof_data_start                            
abs   ffffffff  ___binit__                                       
abs   ffffffff  ___c_args__                                      
0     00000050  ___cinit__                                       
0     0000b3bb  ___etext__                                       
abs   ffffffff  ___pinit__                                       
0     00008000  ___text__                                        
0     0000b340  __args_main                                      
0     0000b3bc  __lock                                           
0     0000b3a5  __nop                                            
0     0000b3a1  __register_lock                                  
0     0000b39d  __register_unlock                                
1     00000400  __stack                                          
0     0000b3ba  __system_post_cinit                              
0     0000b3b8  __system_pre_init                                
0     0000b3be  __unlock                                         
0     0000b19e  _abort                                           
0     0000b01a  _c_int00                                         
0     0000ae93  _ceil                                            
0     0000ae93  _ceilf                                           
0     0000b3c8  _controller_obj                                  
0     0000b211  _copy_in                                         
0     0000b393  _copysign                                        
0     0000b393  _copysignf                                       
0     0000b572  _cpu                                             
0     0000b3ca  _ctrlHandle                                      
0     0000b573  _errno                                           
0     0000b1a0  _exit                                            
0     0000b3dc  _gAdcData                                        
0     0000b3ec  _gAdcDataAVG                                     
0     0000b3c1  _gCounter_updateGlobals                          
0     0000b3ce  _gFlux_pu_to_VpHz_sf                             
0     0000b3d2  _gFlux_pu_to_Wb_sf                               
0     0000b3c2  _gLEDcnt                                         
0     0000b3cc  _gMaxCurrentSlope                                
0     0000b400  _gMotorVars                                      
0     0000b3d6  _gPwmData                                        
0     0000b3c4  _gTorque_Flux_Iq_pu_to_Nm_sf                     
0     0000b3d0  _gTorque_Ls_Id_Iq_pu_to_Nm_sf                    
0     0000b4c0  _gUserParams                                     
0     0000b580  _hal                                             
0     0000b3d4  _halHandle                                       
0     0000aefc  _ldexp                                           
0     0000aefc  _ldexpf                                          
0     0000a6b8  _log                                             
0     0000a6b8  _logf                                            
0     00009da4  _main                                            
0     0000a9f8  _mainISR                                         
0     0000b2d3  _memcpy                                          
0     000098e6  _pow                                             
0     000098e6  _powf                                            
0     0000aefc  _scalbn                                          
0     0000aefc  _scalbnf                                         
0     0000ae1d  _sqrt                                            
0     0000ae1d  _sqrtf                                           
0     0000a9b3  _timer0ISR                                       
0     0000b3c3  _timer0cnt                                       
0     00009d2b  _updateGlobalVariables_motor                     
0     00009d05  _updateKpKiGains                                 
0     00000145  _usDelay                                         
abs   ffffffff  binit                                            
0     00000050  cinit                                            
0     00000000  code_start                                       
0     0000b3bb  etext                                            
abs   ffffffff  pinit                                            


GLOBAL SYMBOLS: SORTED BY Symbol Address 

page  address   name                                             
----  -------   ----                                             
0     00000000  code_start                                       
0     00000050  ___cinit__                                       
0     00000050  cinit                                            
0     00000113  _FLASH_setStandbyWaitCount                       
0     00000113  _RamfuncsLoadStart                               
0     00000113  _RamfuncsRunStart                                
0     00000118  _FLASH_setPowerMode                              
0     0000011f  _FLASH_setOtpWaitStates                          
0     00000126  _FLASH_setNumRandomReadWaitStates                
0     0000012d  _FLASH_setNumPagedReadWaitStates                 
0     00000134  _FLASH_setActiveWaitCount                        
0     00000139  _FLASH_enablePipelineMode                        
0     0000013f  _FLASH_disablePipelineMode                       
0     00000145  _usDelay                                         
0     00000149  _RamfuncsLoadEnd                                 
0     00008000  .text                                            
0     00008000  _HAL_setupTimers                                 
0     00008000  ___text__                                        
0     0000805a  _HAL_setupSpiB                                   
0     00008090  _HAL_setupSpiA                                   
0     000080d6  _HAL_setupPwms                                   
0     000081b3  _HAL_setupPwmDacs                                
0     00008240  _HAL_setupPll                                    
0     0000827f  _HAL_setupPie                                    
0     0000829b  _HAL_setupPeripheralClks                         
0     000082e8  _HAL_setupGpios                                  
0     000084b7  _HAL_setupFlash                                  
0     000084d5  _HAL_setupFaults                                 
0     000084f3  _HAL_setupClks                                   
0     0000850f  _HAL_setupAdcs                                   
0     000085e6  _HAL_AdcCalChanSelect                            
0     0000863d  _HAL_AdcCalConversion                            
0     0000879f  _HAL_AdcOffsetSelfCal                            
0     000087d2  _HAL_getOscTrimValue                             
0     000087e5  _HAL_osc1Comp                                    
0     00008825  _HAL_osc2Comp                                    
0     00008865  _HAL_OscTempComp                                 
0     000088be  _HAL_cal                                         
0     000088d5  _HAL_setParams                                   
0     000089f0  _HAL_setDacParameters                            
0     00008a0a  _HAL_disableWdog                                 
0     00008a0f  _HAL_init                                        
0     00008ad5  _HAL_enableTimer0Int                             
0     00008ae5  _HAL_enablePwmInt                                
0     00008af6  _HAL_enablePwm4Int                               
0     00008b07  _HAL_enableGlobalInts                            
0     00008b0b  _HAL_enableDebugInt                              
0     00008b0f  _HAL_enableAdcInts                               
0     00008b21  _HAL_disablePwm4Int                              
0     00008b26  _HAL_disableGlobalInts                           
0     00008b2a  _CTRL_updateState                                
0     00008bdd  _CTRL_setup_user                                 
0     00008c3f  _CTRL_setupClarke_V                              
0     00008c55  _CTRL_setupClarke_I                              
0     00008c71  _CTRL_setup                                      
0     00008c7b  _CTRL_setWaitTimes                               
0     00008c84  _CTRL_setSpd_ref_pu                              
0     00008c87  _CTRL_setSpd_ref_krpm                            
0     00008c9a  _CTRL_setGains                                   
0     00008cc2  _CTRL_setParams                                  
0     00008f20  _CTRL_run                                        
0     00009443  _CTRL_getWaitTimes                               
0     0000944c  _CTRL_getVdq_out_pu                              
0     00009453  _CTRL_getVab_out_pu                              
0     0000945a  _CTRL_getVab_in_pu                               
0     00009461  _CTRL_getIdq_ref_pu                              
0     00009468  _CTRL_getIdq_in_pu                               
0     0000946f  _CTRL_getIab_in_pu                               
0     00009476  _CTRL_getIab_filt_pu                             
0     0000947d  _CTRL_getGains                                   
0     000094ad  _CTRL_setMaximumSpeed_pu                         
0     000094b0  _CTRL_setMagCurrent_pu                           
0     000094b3  _CTRL_getMaximumSpeed_pu                         
0     000094b6  _CTRL_getMagCurrent_pu                           
0     000094b9  _USER_softwareUpdate1p6                          
0     0000953c  _USER_setParams                                  
0     0000967a  _USER_setErrorCode                               
0     0000967d  _USER_getErrorCode                               
0     00009680  _USER_computeTorque_lbin                         
0     000096d8  _USER_computeTorque_Nm                           
0     00009725  _USER_computeTorque_Ls_Id_Iq_pu_to_Nm_sf         
0     0000975f  _USER_computeTorque_Flux_Iq_pu_to_Nm_sf          
0     0000979b  _USER_computeFlux_pu_to_Wb_sf                    
0     000097d7  _USER_computeFlux_pu_to_VpHz_sf                  
0     00009813  _USER_computeFlux                                
0     00009821  _USER_checkForErrors                             
0     00009825  _USER_calcPIgains                                
0     000098e6  _pow                                             
0     000098e6  _powf                                            
0     00009d05  _updateKpKiGains                                 
0     00009d2b  _updateGlobalVariables_motor                     
0     00009da4  _main                                            
0     0000a03f  _PWM_setTripZoneState_TZB                        
0     0000a04b  _PWM_setTripZoneState_TZA                        
0     0000a055  _PWM_setTripZoneState_DCBEVT2                    
0     0000a061  _PWM_setTripZoneState_DCBEVT1                    
0     0000a06d  _PWM_setTripZoneState_DCAEVT2                    
0     0000a079  _PWM_setTripZoneState_DCAEVT1                    
0     0000a085  _PWM_setTripZoneDCEventSelect_DCBEVT2            
0     0000a091  _PWM_setTripZoneDCEventSelect_DCBEVT1            
0     0000a09d  _PWM_setTripZoneDCEventSelect_DCAEVT2            
0     0000a0a9  _PWM_setTripZoneDCEventSelect_DCAEVT1            
0     0000a0b3  _PWM_setSyncMode                                 
0     0000a0b7  _PWM_setSwSync                                   
0     0000a0ba  _PWM_setSocBPulseSrc                             
0     0000a0c3  _PWM_setSocBPeriod                               
0     0000a0cc  _PWM_setSocAPulseSrc                             
0     0000a0d6  _PWM_setSocAPeriod                               
0     0000a0df  _PWM_setShadowMode_CmpB                          
0     0000a0e5  _PWM_setShadowMode_CmpA                          
0     0000a0eb  _PWM_setRunMode                                  
0     0000a0ef  _PWM_setPhaseDir                                 
0     0000a0f3  _PWM_setPhase                                    
0     0000a0f5  _PWM_setPeriodLoad                               
0     0000a0f9  _PWM_setPeriodHr                                 
0     0000a0fe  _PWM_setPeriod                                   
0     0000a100  _PWM_setLoadMode_CmpB                            
0     0000a106  _PWM_setLoadMode_CmpA                            
0     0000a10a  _PWM_setIntPeriod                                
0     0000a111  _PWM_setIntMode                                  
0     0000a118  _PWM_setHrShadowMode                             
0     0000a122  _PWM_setHrEdgeMode                               
0     0000a12c  _PWM_setHrControlMode                            
0     0000a136  _PWM_setHighSpeedClkDiv                          
0     0000a13a  _PWM_setDigitalCompareInput                      
0     0000a149  _PWM_setDigitalCompareFilterWindow               
0     0000a14c  _PWM_setDigitalCompareFilterSource               
0     0000a156  _PWM_setDigitalCompareFilterOffset               
0     0000a159  _PWM_setDigitalCompareBlankingPulse              
0     0000a165  _PWM_setDigitalCompareBEvent2                    
0     0000a175  _PWM_setDigitalCompareBEvent1                    
0     0000a18f  _PWM_setDigitalCompareAEvent2                    
0     0000a19f  _PWM_setDigitalCompareAEvent1                    
0     0000a1b9  _PWM_setDeadBandRisingEdgeDelay                  
0     0000a1bc  _PWM_setDeadBandPolarity                         
0     0000a1c3  _PWM_setDeadBandOutputMode                       
0     0000a1ca  _PWM_setDeadBandInputMode                        
0     0000a1d1  _PWM_setDeadBandFallingEdgeDelay                 
0     0000a1d4  _PWM_setCounterMode                              
0     0000a1d8  _PWM_setCount                                    
0     0000a1da  _PWM_setClkDiv                                   
0     0000a1de  _PWM_setChoppingPulseWidth                       
0     0000a1e5  _PWM_setChoppingDutyCycle                        
0     0000a1ec  _PWM_setChoppingClkFreq                          
0     0000a1f3  _PWM_setActionQual_Zero_PwmB                     
0     0000a1fa  _PWM_setActionQual_Zero_PwmA                     
0     0000a201  _PWM_setActionQual_Period_PwmB                   
0     0000a20a  _PWM_setActionQual_Period_PwmA                   
0     0000a213  _PWM_setActionQual_CntUp_CmpB_PwmB               
0     0000a21c  _PWM_setActionQual_CntUp_CmpB_PwmA               
0     0000a225  _PWM_setActionQual_CntUp_CmpA_PwmB               
0     0000a22e  _PWM_setActionQual_CntUp_CmpA_PwmA               
0     0000a237  _PWM_setActionQual_CntDown_CmpB_PwmB             
0     0000a240  _PWM_setActionQual_CntDown_CmpB_PwmA             
0     0000a249  _PWM_setActionQual_CntDown_CmpA_PwmB             
0     0000a252  _PWM_setActionQual_CntDown_CmpA_PwmA             
0     0000a25b  _PWM_setActionQualContSWForce_PwmB               
0     0000a264  _PWM_setActionQualContSWForce_PwmA               
0     0000a26b  _PWM_init                                        
0     0000a271  _PWM_incrementDeadBandRisingEdgeDelay            
0     0000a274  _PWM_incrementDeadBandFallingEdgeDelay           
0     0000a277  _PWM_getSocBCount                                
0     0000a27c  _PWM_getSocACount                                
0     0000a281  _PWM_getShadowStatus_CmpB                        
0     0000a285  _PWM_getShadowStatus_CmpA                        
0     0000a289  _PWM_getIntCount                                 
0     0000a28d  _PWM_getDeadBandRisingEdgeDelay                  
0     0000a290  _PWM_getDeadBandFallingEdgeDelay                 
0     0000a293  _PWM_enableTripZoneSrc                           
0     0000a299  _PWM_enableTripZoneInt                           
0     0000a29f  _PWM_enableSocBPulse                             
0     0000a2a3  _PWM_enableSocAPulse                             
0     0000a2a7  _PWM_enableInt                                   
0     0000a2ab  _PWM_enableHrPhaseSync                           
0     0000a2b2  _PWM_enableHrPeriod                              
0     0000a2b9  _PWM_enableDigitalCompareBlankingWindowInversion 
0     0000a2c0  _PWM_enableDigitalCompareBlankingWindow          
0     0000a2c7  _PWM_enableDeadBandHalfCycle                     
0     0000a2cb  _PWM_enableCounterLoad                           
0     0000a2ce  _PWM_enableChopping                              
0     0000a2d2  _PWM_enableAutoConvert                           
0     0000a2d9  _PWM_disableTripZones                            
0     0000a2df  _PWM_disableTripZoneSrc                          
0     0000a2e6  _PWM_disableTripZoneInt                          
0     0000a2ed  _PWM_disableSocBPulse                            
0     0000a2f1  _PWM_disableSocAPulse                            
0     0000a2f5  _PWM_disableInt                                  
0     0000a2f9  _PWM_disableHrPhaseSync                          
0     0000a300  _PWM_disableHrPeriod                             
0     0000a307  _PWM_disableDigitalCompareBlankingWindowInversion
0     0000a30e  _PWM_disableDigitalCompareBlankingWindow         
0     0000a315  _PWM_disableDeadBandHalfCycle                    
0     0000a319  _PWM_disableDeadBand                             
0     0000a31c  _PWM_disableCounterLoad                          
0     0000a31f  _PWM_disableChopping                             
0     0000a323  _PWM_disableAutoConvert                          
0     0000a32a  _PWM_decrementDeadBandRisingEdgeDelay            
0     0000a32d  _PWM_decrementDeadBandFallingEdgeDelay           
0     0000a330  _PWM_clearTripZone                               
0     0000a336  _ADC_setupSocTrigSrc                             
0     0000a360  _ADC_setVoltRefSrc                               
0     0000a371  _ADC_setTempSensorSrc                            
0     0000a382  _ADC_setSocTrigSrc                               
0     0000a396  _ADC_setSocSampleDelay                           
0     0000a3aa  _ADC_setSocFrcWord                               
0     0000a3b4  _ADC_setSocFrc                                   
0     0000a3c1  _ADC_setSocChanNumber                            
0     0000a3d5  _ADC_setSampleOverlapMode                        
0     0000a3e8  _ADC_setSampleMode                               
0     0000a3ff  _ADC_setOffTrim                                  
0     0000a409  _ADC_setIntSrc                                   
0     0000a42a  _ADC_setIntPulseGenMode                          
0     0000a43b  _ADC_setIntMode                                  
0     0000a45c  _ADC_setDivideSelect                             
0     0000a46d  _ADC_reset                                       
0     0000a477  _ADC_powerUp                                     
0     0000a481  _ADC_powerDown                                   
0     0000a48b  _ADC_init                                        
0     0000a493  _ADC_getDivideSelect                             
0     0000a49d  _ADC_enableVoltRefLoConv                         
0     0000a4a7  _ADC_enableRefBuffers                            
0     0000a4b1  _ADC_enableNoOverlapMode                         
0     0000a4bb  _ADC_enableInt                                   
0     0000a4d1  _ADC_enableBandGap                               
0     0000a4db  _ADC_enable                                      
0     0000a4e5  _ADC_disableVoltRefLoConv                        
0     0000a4ef  _ADC_disableRefBuffers                           
0     0000a4f9  _ADC_disableNoOverlapMode                        
0     0000a503  _ADC_disableInt                                  
0     0000a51a  _ADC_disableBandGap                              
0     0000a524  _ADC_disable                                     
0     0000a52e  _CLK_setXClkInSrc                                
0     0000a535  _CLK_setWatchDogSrc                              
0     0000a53c  _CLK_setTimer2Src                                
0     0000a543  _CLK_setTimer2PreScale                           
0     0000a54a  _CLK_setOscSrc                                   
0     0000a551  _CLK_setOsc2Src                                  
0     0000a558  _CLK_setLowSpdPreScaler                          
0     0000a55e  _CLK_setClkOutPreScaler                          
0     0000a565  _CLK_init                                        
0     0000a56b  _CLK_enableWatchDogHaltMode                      
0     0000a571  _CLK_enableTbClockSync                           
0     0000a578  _CLK_enableSpibClock                             
0     0000a57f  _CLK_enableSpiaClock                             
0     0000a586  _CLK_enableScibClock                             
0     0000a58d  _CLK_enableSciaClock                             
0     0000a594  _CLK_enablePwmClock                              
0     0000a59d  _CLK_enableOsc2HaltMode                          
0     0000a5a3  _CLK_enableOsc2                                  
0     0000a5a9  _CLK_enableOsc1HaltMode                          
0     0000a5af  _CLK_enableOsc1                                  
0     0000a5b5  _CLK_enableLinAClock                             
0     0000a5bc  _CLK_enableI2cClock                              
0     0000a5c3  _CLK_enableHrPwmClock                            
0     0000a5ca  _CLK_enableGpioInputClock                        
0     0000a5d1  _CLK_enableEqep2Clock                            
0     0000a5d8  _CLK_enableEqep1Clock                            
0     0000a5df  _CLK_enableEcap1Clock                            
0     0000a5e6  _CLK_enableEcanaClock                            
0     0000a5ed  _CLK_enableCrystalOsc                            
0     0000a5f3  _CLK_enableCpuTimerClock                         
0     0000a5f9  _CLK_enableCompClock                             
0     0000a5ff  _CLK_enableClkIn                                 
0     0000a605  _CLK_enableClaClock                              
0     0000a60c  _CLK_enableAdcClock                              
0     0000a613  _CLK_disableWatchDogHaltMode                     
0     0000a619  _CLK_disableTbClockSync                          
0     0000a620  _CLK_disableSpibClock                            
0     0000a624  _CLK_disableSpiaClock                            
0     0000a62b  _CLK_disableScibClock                            
0     0000a632  _CLK_disableSciaClock                            
0     0000a639  _CLK_disablePwmClock                             
0     0000a643  _CLK_disableOsc2HaltMode                         
0     0000a649  _CLK_disableOsc2                                 
0     0000a64f  _CLK_disableOsc1HaltMode                         
0     0000a655  _CLK_disableOsc1                                 
0     0000a65b  _CLK_disableLinAClock                            
0     0000a662  _CLK_disableI2cClock                             
0     0000a669  _CLK_disableHrPwmClock                           
0     0000a670  _CLK_disableGpioInputClock                       
0     0000a677  _CLK_disableEqep2Clock                           
0     0000a67e  _CLK_disableEqep1Clock                           
0     0000a685  _CLK_disableEcap1Clock                           
0     0000a68c  _CLK_disableEcanaClock                           
[...]
0     0000abf6  _SPI_setTxFifoIntLevel                           
0     0000abfd  _SPI_setTxDelay                                  
0     0000ac00  _SPI_setTriWire                                  
0     0000ac07  _SPI_setSuspend                                  
0     0000ac0e  _SPI_setSteInv                                   
0     0000ac15  _SPI_setRxFifoIntLevel                           
0     0000ac1c  _SPI_setPriority                                 
0     0000ac23  _SPI_setMode                                     
0     0000ac25  _SPI_setClkPolarity                              
0     0000ac29  _SPI_setClkPhase                                 
0     0000ac2b  _SPI_setCharLength                               
0     0000ac2f  _SPI_setBaudRate                                 
0     0000ac31  _SPI_resetTxFifo                                 
0     0000ac35  _SPI_resetRxFifo                                 
0     0000ac39  _SPI_resetChannels                               
0     0000ac3d  _SPI_reset                                       
0     0000ac40  _SPI_init                                        
0     0000ac46  _SPI_getTxFifoStatus                             
0     0000ac4a  _SPI_getTxBufferStatus                           
0     0000ac4d  _SPI_getRxFifoStatus                             
0     0000ac51  _SPI_getIntFlagStatus                            
0     0000ac54  _SPI_enableTxFifoInt                             
0     0000ac58  _SPI_enableTxFifoEnh                             
0     0000ac5c  _SPI_enableTxFifo                                
0     0000ac60  _SPI_enableTx                                    
0     0000ac63  _SPI_enableRxFifoInt                             
0     0000ac67  _SPI_enableRxFifo                                
0     0000ac6b  _SPI_enableOverRunInt                            
0     0000ac6e  _SPI_enableLoopBack                              
0     0000ac71  _SPI_enableInt                                   
0     0000ac74  _SPI_enableChannels                              
0     0000ac78  _SPI_enable                                      
0     0000ac7b  _SPI_disableTxFifoInt                            
0     0000ac7f  _SPI_disableTxFifoEnh                            
0     0000ac83  _SPI_disableTx                                   
0     0000ac86  _SPI_disableRxFifoInt                            
0     0000ac8a  _SPI_disableOverRunInt                           
0     0000ac8d  _SPI_disableLoopBack                             
0     0000ac90  _SPI_disableInt                                  
0     0000ac93  _SPI_clearTxFifoInt                              
0     0000ac97  _SPI_clearRxFifoOvf                              
0     0000ac9b  _SPI_clearRxFifoInt                              
0     0000ac9f  FD$$MPY                                          
0     0000ad22  FS$$DIV                                          
0     0000ada5  FS$$SUB                                          
0     0000adaa  FS$$ADD                                          
0     0000ae1d  _sqrt                                            
0     0000ae1d  _sqrtf                                           
0     0000ae93  _ceil                                            
0     0000ae93  _ceilf                                           
0     0000aefc  _ldexp                                           
0     0000aefc  _ldexpf                                          
0     0000aefc  _scalbn                                          
0     0000aefc  _scalbnf                                         
0     0000af65  _PLL_setLockPeriod                               
0     0000af6a  _PLL_setDivideSelect                             
0     0000af71  _PLL_setClkFreq                                  
0     0000af77  _PLL_resetClkDetect                              
0     0000af7d  _PLL_init                                        
0     0000af83  _PLL_getLockStatus                               
0     0000af86  _PLL_getDivideSelect                             
0     0000af89  _PLL_getClkStatus                                
0     0000af8c  _PLL_getClkFreq                                  
0     0000af90  _PLL_enableOsc                                   
0     0000af96  _PLL_enableNormRdy                               
0     0000af9c  _PLL_enableClkDetect                             
0     0000afa2  _PLL_enable                                      
0     0000afa8  _PLL_disableOsc                                  
0     0000afae  _PLL_disableNormRdy                              
0     0000afb4  _PLL_disableClkDetect                            
0     0000afba  _PLL_disable                                     
0     0000afc0  FS$$MPY                                          
0     0000b01a  _c_int00                                         
0     0000b06e  _OFFSET_setOffset                                
0     0000b070  _OFFSET_setInitCond                              
0     0000b07f  _OFFSET_setBeta                                  
0     0000b095  _OFFSET_init                                     
0     0000b0a6  _OFFSET_getBeta                                  
0     0000b0b5  _WDOG_setPreScaler                               
0     0000b0bf  _WDOG_setCount                                   
0     0000b0c1  _WDOG_init                                       
0     0000b0c7  _WDOG_getIntStatus                               
0     0000b0ca  _WDOG_enableOverRide                             
0     0000b0d0  _WDOG_enableInt                                  
0     0000b0d6  _WDOG_enable                                     
0     0000b0df  _WDOG_disableOverRide                            
0     0000b0e5  _WDOG_disableInt                                 
0     0000b0eb  _WDOG_disable                                    
0     0000b0f3  _WDOG_clearCounter                               
0     0000b0fb  _PWR_setNumStandByClocks                         
0     0000b10c  _PWR_setLowPowerMode                             
0     0000b11d  _PWR_init                                        
0     0000b125  _PWR_enableWatchDogInt                           
0     0000b12f  _PWR_enableBrownOutReset                         
0     0000b132  _PWR_disableWatchDogInt                          
0     0000b13c  _PWR_disableBrownOutReset                        
0     0000b13f  _TIMER_setPreScaler                              
0     0000b14d  _TIMER_setEmulationMode                          
0     0000b151  _TIMER_setDecimationFactor                       
0     0000b15f  _TIMER_init                                      
0     0000b165  _TIMER_getStatus                                 
0     0000b168  _TIMER_enableInt                                 
0     0000b16b  _TIMER_disableInt                                
0     0000b16e  _TIMER_clearFlag                                 
0     0000b171  _OSC_setTrim                                     
0     0000b17a  _OSC_setFineTrim                                 
0     0000b18b  _OSC_setCoarseTrim                               
0     0000b198  _OSC_init                                        
0     0000b19e  C$$EXIT                                          
0     0000b19e  _abort                                           
0     0000b1a0  _exit                                            
0     0000b1c7  _CPU_init                                        
0     0000b1cb  _CPU_enableProtectedRegisterWrite                
0     0000b1ce  _CPU_enableInt                                   
0     0000b1d2  _CPU_enableGlobalInts                            
0     0000b1d5  _CPU_enableDebugInt                              
0     0000b1d8  _CPU_disableProtectedRegisterWrite               
0     0000b1db  _CPU_disableInts                                 
0     0000b1de  _CPU_disableInt                                  
0     0000b1e3  _CPU_disableGlobalInts                           
0     0000b1e6  _CPU_disableDebugInt                             
0     0000b1e9  _CPU_clearIntFlags                               
0     0000b1ec  FS$$TOI                                          
0     0000b211  _copy_in                                         
0     0000b235  _FILTER_FO_setNumCoeffs                          
0     0000b239  _FILTER_FO_setInitialConditions                  
0     0000b23e  _FILTER_FO_setDenCoeffs                          
0     0000b240  _FILTER_FO_init                                  
0     0000b246  _FILTER_FO_getNumCoeffs                          
0     0000b24c  _FILTER_FO_getInitialConditions                  
0     0000b253  _FILTER_FO_getDenCoeffs                          
0     0000b256  FS$$TOUL                                         
0     0000b277  _FLASH_init                                      
0     0000b27d  _FLASH_getStandbyWaitStatus                      
0     0000b281  _FLASH_getStandbyWaitCount                       
0     0000b284  _FLASH_getPowerMode                              
0     0000b287  _FLASH_getActiveWaitStatus                       
0     0000b28b  _FLASH_getActiveWaitCount                        
0     0000b28e  _FLASH_get3VStatus                               
0     0000b291  _FLASH_clear3VStatus                             
0     0000b297  FD$$TOL                                          
0     0000b2b6  FS$$TOU                                          
0     0000b2d3  _memcpy                                          
0     0000b2f0  FS$$TOFD                                         
0     0000b30c  I$$TOFS                                          
0     0000b326  L$$TOFS                                          
0     0000b340  __args_main                                      
0     0000b359  FS$$CMP                                          
0     0000b370  UL$$TOFS                                         
0     0000b383  U$$TOFS                                          
0     0000b393  _copysign                                        
0     0000b393  _copysignf                                       
0     0000b39d  __register_unlock                                
0     0000b3a1  __register_lock                                  
0     0000b3a5  __nop                                            
0     0000b3ae  _PIE_illegalIsr                                  
0     0000b3b3  FS$$NEG                                          
0     0000b3b8  __system_pre_init                                
0     0000b3ba  __system_post_cinit                              
0     0000b3bb  ___etext__                                       
0     0000b3bb  etext                                            
0     0000b3bc  __lock                                           
0     0000b3be  __unlock                                         
0     0000b3c0  _Flag_Latch_softwareUpdate                       
0     0000b3c1  _gCounter_updateGlobals                          
0     0000b3c2  _gLEDcnt                                         
0     0000b3c3  _timer0cnt                                       
0     0000b3c4  _gTorque_Flux_Iq_pu_to_Nm_sf                     
0     0000b3c6  _ADCrawValue                                     
0     0000b3c8  _controller_obj                                  
0     0000b3ca  _ctrlHandle                                      
0     0000b3cc  _gMaxCurrentSlope                                
0     0000b3ce  _gFlux_pu_to_VpHz_sf                             
0     0000b3d0  _gTorque_Ls_Id_Iq_pu_to_Nm_sf                    
0     0000b3d2  _gFlux_pu_to_Wb_sf                               
0     0000b3d4  _halHandle                                       
0     0000b3d6  _gPwmData                                        
0     0000b3dc  _gAdcData                                        
0     0000b3ec  _gAdcDataAVG                                     
0     0000b400  _gMotorVars                                      
0     0000b4c0  _gUserParams                                     
0     0000b56c  ___TI_enable_exit_profile_output                 
0     0000b56e  ___TI_cleanup_ptr                                
0     0000b570  ___TI_dtors_ptr                                  
0     0000b572  _cpu                                             
0     0000b573  _errno                                           
0     0000b580  _hal                                             
0     0000b62a  __IQ24div                                        
0     0000b671  __IQ24sqrt                                       
0     0000b6b3  __IQ24sinPU                                      
0     0000b6dc  __IQ24cosPU                                      
0     0000b703  __IQ24toF                                        
0     0000b717  __IQ30toF                                        
0     003fdc30  _IQsinTable                                      
0     003fdd30  _IQcosTable                                      
0     003fe030  _IQsinTableEnd                                   
0     003fe132  _IQcosTableEnd                                   
0     003fe132  _IQdivRoundSatTable                              
0     003fe140  _IQdivTable                                      
0     003fe342  _IQdivTableEnd                                   
0     003fe342  _IQisqrtRoundSatTable                            
0     003fe342  _IQsqrtRoundSatTable                             
0     003fe352  _IQisqrtTable                                    
0     003fe352  _IQsqrtTable                                     
0     003fe454  _IQatan2HalfPITable                              
0     003fe454  _IQisqrtTableEnd                                 
0     003fe454  _IQsqrtTableEnd                                  
0     003fe492  _IQatan2Table                                    
0     003fe618  _IQ30mpyRndSatTable                              
0     003fe618  _IQatan2TableEnd                                 
0     003fe618  _IQmpyRndSatTable                                
0     003fe624  _IQ29mpyRndSatTable                              
0     003fe630  _IQ28mpyRndSatTable                              
0     003fe63c  _IQ27mpyRndSatTable                              
0     003fe648  _IQ26mpyRndSatTable                              
0     003fe654  _IQ25mpyRndSatTable                              
0     003fe660  _IQ24mpyRndSatTable                              
0     003fe66c  _IQ23mpyRndSatTable                              
0     003fe678  _IQ22mpyRndSatTable                              
0     003fe684  _IQ21mpyRndSatTable                              
0     003fe690  _IQ20mpyRndSatTable                              
0     003fe69c  _IQ19mpyRndSatTable                              
0     003fe6a8  _IQ18mpyRndSatTable                              
0     003fe6b4  _IQ17mpyRndSatTable                              
0     003fe6c0  _IQ16mpyRndSatTable                              
0     003fe6cc  _IQ15mpyRndSatTable                              
0     003fe6d8  _IQ14mpyRndSatTable                              
0     003fe6e4  _IQ13mpyRndSatTable                              
0     003fe6f0  _IQ12mpyRndSatTable                              
0     003fe6fc  _IQ11mpyRndSatTable                              
0     003fe708  _IQ10mpyRndSatTable                              
0     003fe714  _IQ9mpyRndSatTable                               
0     003fe720  _IQ8mpyRndSatTable                               
0     003fe72c  _IQ7mpyRndSatTable                               
0     003fe738  _IQ6mpyRndSatTable                               
0     003fe744  _IQ5mpyRndSatTable                               
0     003fe750  _IQ4mpyRndSatTable                               
0     003fe75c  _IQ3mpyRndSatTable                               
0     003fe768  _IQ2mpyRndSatTable                               
0     003fe774  _IQ1mpyRndSatTable                               
0     003fe780  _IQmpyRndSatTableEnd                             
1     00000400  __stack                                          
1     000007b0  __STACK_END                                      
abs   00000036  _RamfuncsLoadSize                                
abs   000003b0  __STACK_SIZE                                     
abs   003f861b  _EST_getState                                    
abs   003f861d  _EST_useZeroIq_ref                               
abs   003f8679  _EST_isMotorIdentified                           
abs   003f8713  _EST_updateState                                 
abs   003f89f5  _EST_updateId_ref_pu                             
abs   003f8a18  _EST_setRs_pu                                    
abs   003f8adb  _EST_setMaxCurrentSlope_pu                       
abs   003f8ae7  _EST_setLs_q_pu                                  
abs   003f8af1  _EST_setLs_qFmt                                  
abs   003f8b45  _EST_setLs_d_pu                                  
abs   003f8b63  _EST_setIq_ref_pu                                
abs   003f8b67  _EST_setIdle_all                                 
abs   003f8b7a  _EST_setIdle                                     
abs   003f8b80  _EST_setId_ref_pu                                
abs   003f8bd3  _EST_setFlag_enableRsRecalc                      
abs   003f8bdb  _EST_setFlag_enableForceAngle                    
abs   003f8c0d  _EST_getAngle_pu                                 
abs   003f927b  _EST_run                                         
abs   003f9378  _EST_isOnLine                                    
abs   003f937f  _EST_isLockRotor                                 
abs   003f9386  _EST_isIdle                                      
abs   003f938d  _EST_isError                                     
abs   003f9453  _EST_get_pu_to_krpm_sf                           
abs   003f9458  _EST_get_krpm_to_pu_sf                           
abs   003f94c6  _EST_getSpeed_krpm                               
abs   003f9513  _EST_getRs_Ohm                                   
abs   003f95ad  _EST_getRr_Ohm                                   
abs   003f95b3  _EST_getOneOverDcBus_pu                          
abs   003f95bd  _EST_getMaxCurrentSlope_pu                       
abs   003f95c9  _EST_getLs_q_pu                                  
abs   003f95ce  _EST_getLs_q_H                                   
abs   003f95f0  _EST_getLs_d_pu                                  
abs   003f95f5  _EST_getLs_d_H                                   
abs   003f95ff  _EST_getLs_coarse_max_pu                         
abs   003f9632  _EST_getIdRated                                  
abs   003f968e  _EST_getFm_pu                                    
abs   003f96ab  _EST_getFlux_pu                                  
abs   003f96be  _EST_getFlux_VpHz                                
abs   003f9758  _EST_doSpeedCtrl                                 
abs   003f9760  _EST_doCurrentCtrl                               
abs   003f9806  _CTRL_setupTraj                                  
abs   003f996a  _CTRL_setupEstOnLineState                        
abs   003f99a5  _CTRL_setupEstIdleState                          
abs   003f9b43  _CTRL_setupCtrl                                  
abs   003f9d31  _CTRL_setUserMotorParams                         
abs   003f9e64  _CTRL_setEstParams                               
abs   003fa5d1  _CTRL_runTraj                                    
abs   003fa6fb  _CTRL_initCtrl                                   
abs   003fa721  _CTRL_getVersion                                 
abs   ffffffff  ___TI_pprof_out_hndl                             
abs   ffffffff  ___TI_prof_data_size                             
abs   ffffffff  ___TI_prof_data_start                            
abs   ffffffff  ___binit__                                       
abs   ffffffff  ___c_args__                                      
abs   ffffffff  ___pinit__                                       
abs   ffffffff  binit                                            
abs   ffffffff  pinit                                            

[638 symbols]
