******************************************************************************
             TMS320C2000 Linker PC v16.9.1                     
******************************************************************************
>> Linked Mon Mar 05 17:36:57 2018

OUTPUT FILE NAME:   <TAPAS_Fandriver.out>
ENTRY POINT SYMBOL: "_c_int00"  address: 003f2a0b


MEMORY CONFIGURATION

         name            origin    length      used     unused   attr    fill
----------------------  --------  ---------  --------  --------  ----  --------
PAGE 0:
  RAML0_1               00008000   00000c00  0000064f  000005b1  RWIX
  OTP                   003d7800   00000400  00000000  00000400  RWIX
  FLASHH                003d8000   00004000  00000000  00004000  RWIX
  FLASHG                003dc000   00004000  00000000  00004000  RWIX
  FLASHF                003e0000   00004000  00000000  00004000  RWIX
  FLASHE                003e4000   00004000  00000000  00004000  RWIX
  FLASHD                003e8000   00004000  0000064f  000039b1  RWIX
  FLASHC                003ec000   00004000  00000000  00004000  RWIX
  FLASHA_B              003f0000   00007f80  00003001  00004f7f  RWIX
  CSM_RSVD              003f7f80   00000076  00000000  00000076  RWIX
  BEGIN                 003f7ff6   00000002  00000002  00000000  RWIX
  CSM_PWL_P0            003f7ff8   00000008  00000000  00000008  RWIX
  FPUTABLES             003fd590   000006a0  00000000  000006a0  RWIX
  IQTABLES              003fdc30   00000b50  00000b50  00000000  RWIX
  IQTABLES2             003fe780   0000008c  00000000  0000008c  RWIX
  IQTABLES3             003fe80c   000000aa  00000000  000000aa  RWIX
  ROM                   003ff3b0   00000c10  00000000  00000c10  RWIX
  RESET                 003fffc0   00000002  00000000  00000002  RWIX
  VECTORS               003fffc2   0000003e  00000000  0000003e  RWIX

PAGE 1:
  BOOT_RSVD             00000000   00000050  00000000  00000050  RWIX
  RAMM0                 00000050   000003b0  000003b0  00000000  RWIX
  RAMM1                 00000400   00000400  00000000  00000400  RWIX
  RAML2_3               00008c00   00001400  0000026a  00001196  RWIX
  RAML4                 0000a000   00002000  00000000  00002000  RWIX
  RAML5                 0000c000   00002000  00000000  00002000  RWIX
  RAML6                 0000e000   00002000  00000000  00002000  RWIX
  RAML7                 00010000   00002000  00000000  00002000  RWIX
  RAML8                 00012000   00001800  00000000  00001800  RWIX
  USB_RAM               00040000   00000800  00000000  00000800  RWIX


SECTION ALLOCATION MAP

 output                                  attributes/
section   page    origin      length       input sections
--------  ----  ----------  ----------   ----------------
ramfuncs   0    003e8000    0000064f     RUN ADDR = 00008000
                  003e8000    0000052d     ctrl.obj (ramfuncs)
                  003e852d    000000ce     TAPAS_Fandriver.obj (ramfuncs:retain)
                  003e85fb    00000032     flash.obj (ramfuncs)
                  003e862d    0000001e     hal.obj (ramfuncs)
                  003e864b    00000004     usDelay.obj (ramfuncs)

.text      0    003f0000    00002dbb     
                  003f0000    00000b0c     hal.obj (.text)
                  003f0b0c    00000462     ctrl.obj (.text)
                  003f0f6e    0000042f     user.obj (.text)
                  003f139d    0000041f     rts2800_ml.lib : e_powf.obj (.text)
                  003f17bc    00000342     TAPAS_Fandriver.obj (.text)
                  003f1afe    000002f7     pwm.obj (.text)
                  003f1df5    000001f8     adc.obj (.text)
                  003f1fed    0000018a     clk.obj (.text)
                  003f2177    00000186     rts2800_ml.lib : e_logf.obj (.text)
                  003f22fd    00000175     gpio.obj (.text)
                  003f2472    000000ff     pie.obj (.text)
                  003f2571    000000a9     spi.obj (.text)
                  003f261a    00000083     rts2800_ml.lib : fd_mpy28.obj (.text)
                  003f269d    00000083                    : fs_div28.obj (.text)
                  003f2720    00000078                    : fs_add28.obj (.text)
                  003f2798    00000076     TAPAS_Fandriver.obj (.text:retain)
                  003f280e    00000076     rts2800_ml.lib : e_sqrtf.obj (.text)
                  003f2884    00000069                    : s_ceilf.obj (.text)
                  003f28ed    00000069                    : s_scalbnf.obj (.text)
                  003f2956    0000005b     pll.obj (.text)
                  003f29b1    0000005a     rts2800_ml.lib : fs_mpy28.obj (.text)
                  003f2a0b    00000054                    : boot28.obj (.text)
                  003f2a5f    00000047     offset.obj (.text)
                  003f2aa6    00000046     wdog.obj (.text)
                  003f2aec    00000044     pwr.obj (.text)
                  003f2b30    00000032     timer.obj (.text)
                  003f2b62    0000002d     osc.obj (.text)
                  003f2b8f    00000029     rts2800_ml.lib : exit.obj (.text)
                  003f2bb8    00000025     cpu.obj (.text)
                  003f2bdd    00000025     rts2800_ml.lib : fs_toi28.obj (.text)
                  003f2c02    00000024                    : cpy_tbl.obj (.text)
                  003f2c26    00000021     filter_fo.obj (.text)
                  003f2c47    00000021     rts2800_ml.lib : fs_toul28.obj (.text)
                  003f2c68    00000020     flash.obj (.text)
                  003f2c88    0000001f     rts2800_ml.lib : fd_tol28.obj (.text)
                  003f2ca7    0000001d                    : fs_tou28.obj (.text)
                  003f2cc4    0000001d                    : memcpy.obj (.text)
                  003f2ce1    0000001c                    : fs_tofd28.obj (.text)
                  003f2cfd    0000001a                    : i_tofs28.obj (.text)
                  003f2d17    0000001a                    : l_tofs28.obj (.text)
                  003f2d31    00000019                    : args_main.obj (.text)
                  003f2d4a    00000017                    : fs_cmp28.obj (.text)
                  003f2d61    00000013                    : ul_tofs28.obj (.text)
                  003f2d74    00000010                    : u_tofs28.obj (.text)
                  003f2d84    0000000f     memCopy.obj (.text)
                  003f2d93    0000000a     rts2800_ml.lib : s_copysignf.obj (.text)
                  003f2d9d    00000009                    : _lock.obj (.text)
                  003f2da6    00000008     CodeStartBranch.obj (.text)
                  003f2dae    00000005     pie.obj (.text:retain)
                  003f2db3    00000005     rts2800_ml.lib : fs_neg28.obj (.text)
                  003f2db8    00000002                    : pre_init.obj (.text)
                  003f2dba    00000001                    : startup.obj (.text)

IQmath     0    003f2dbb    00000101     
                  003f2dbb    00000047     IQmath.lib : IQ24div.obj (IQmath)
                  003f2e02    00000042                : IQ24sqrt.obj (IQmath)
                  003f2e44    00000029                : IQ24sinPU.obj (IQmath)
                  003f2e6d    00000027                : IQ24cosPU.obj (IQmath)
                  003f2e94    00000014                : IQ24toF.obj (IQmath)
                  003f2ea8    00000014                : IQ30toF.obj (IQmath)

.cinit     0    003f2ebc    000000c3     
                  003f2ebc    000000a5     TAPAS_Fandriver.obj (.cinit)
                  003f2f61    0000000e     rts2800_ml.lib : exit.obj (.cinit)
                  003f2f6f    00000005                    : _lock.obj (.cinit:__lock)
                  003f2f74    00000005                    : _lock.obj (.cinit:__unlock)
                  003f2f79    00000004                    : errno.obj (.cinit)
                  003f2f7d    00000002     --HOLE-- [fill = 0]

.pinit     0    003f0000    00000000     UNINITIALIZED

.econst    0    003f2f80    00000082     
                  003f2f80    00000032     rts2800_ml.lib : e_powf.obj (.econst)
                  003f2fb2    00000010                    : e_logf.obj (.econst)
                  003f2fc2    00000008     user.obj (.econst)
                  003f2fca    00000006     rts2800_ml.lib : s_scalbnf.obj (.econst)
                  003f2fd0    00000004     ctrl.obj (.econst:_$P$T0$1)
                  003f2fd4    00000004     ctrl.obj (.econst:_$P$T1$2)
                  003f2fd8    00000004     ctrl.obj (.econst:_$P$T2$3)
                  003f2fdc    00000004     ctrl.obj (.econst:_$P$T3$4)
                  003f2fe0    00000004     ctrl.obj (.econst:_$P$T4$5)
                  003f2fe4    00000004     ctrl.obj (.econst:_$P$T5$6)
                  003f2fe8    00000004     rts2800_ml.lib : e_powf.obj (.econst:_bp)
                  003f2fec    00000004                    : e_powf.obj (.econst:_dp_h)
                  003f2ff0    00000004                    : e_powf.obj (.econst:_dp_l)
                  003f2ff4    00000004     ctrl.obj (.econst)
                  003f2ff8    00000004     hal.obj (.econst)
                  003f2ffc    00000004     rts2800_ml.lib : e_sqrtf.obj (.econst)
                  003f3000    00000002                    : s_ceilf.obj (.econst)

codestart 
*          0    003f7ff6    00000002     
                  003f7ff6    00000002     CodeStartBranch.obj (codestart)

IQmathTables 
*          0    003fdc30    00000b50     NOLOAD SECTION
                  003fdc30    00000b50     IQmath.lib : IQmathTables.obj (IQmathTables)

.stack     1    00000050    000003b0     UNINITIALIZED
                  00000050    000003b0     --HOLE--

.ebss      1    00008c00    0000026a     UNINITIALIZED
                  00008c00    000001ac     TAPAS_Fandriver.obj (.ebss)
                  00008dac    00000006     rts2800_ml.lib : exit.obj (.ebss)
                  00008db2    00000002                    : _lock.obj (.ebss:__lock)
                  00008db4    00000002                    : _lock.obj (.ebss:__unlock)
                  00008db6    00000001     cpu.obj (.ebss)
                  00008db7    00000001     rts2800_ml.lib : errno.obj (.ebss)
                  00008db8    00000008     --HOLE--
                  00008dc0    000000aa     hal.obj (.ebss)

.reset     0    003fffc0    00000002     DSECT
                  003fffc0    00000002     rts2800_ml.lib : boot28.obj (.reset)

vectors    0    003fffc2    00000000     DSECT

MODULE SUMMARY

       Module                code    initialized data   uninitialized data
       ------                ----    ----------------   ------------------
    .\
       ctrl.obj              3772    28                 0                 
       hal.obj               2888    4                  170               
       TAPAS_Fandriver.obj   1364    165                428               
       user.obj              1071    8                  0                 
       pwm.obj               759     0                  0                 
       adc.obj               504     0                  0                 
       clk.obj               394     0                  0                 
       gpio.obj              373     0                  0                 
       pie.obj               260     0                  0                 
       spi.obj               169     0                  0                 
       flash.obj             132     0                  0                 
       pll.obj               91      0                  0                 
       offset.obj            71      0                  0                 
       wdog.obj              70      0                  0                 
       pwr.obj               68      0                  0                 
       timer.obj             50      0                  0                 
       osc.obj               45      0                  0                 
       cpu.obj               37      0                  1                 
       filter_fo.obj         33      0                  0                 
       memCopy.obj           15      0                  0                 
       CodeStartBranch.obj   10      0                  0                 
       usDelay.obj           8       0                  0                 
    +--+---------------------+-------+------------------+--------------------+
       Total:                12184   205                599               
                                                                          
    C:/TAPAS_Fandriver/TAPAS-DSP/ti/motorware/motorware_1_01_00_18/sw/modules/iqmath/lib/f28x/32b/IQmath.lib
       IQmathTables.obj      0       2896               0                 
       IQ24div.obj           0       71                 0                 
       IQ24sqrt.obj          0       66                 0                 
       IQ24sinPU.obj         0       41                 0                 
       IQ24cosPU.obj         0       39                 0                 
       IQ24toF.obj           0       20                 0                 
       IQ30toF.obj           0       20                 0                 
    +--+---------------------+-------+------------------+--------------------+
       Total:                0       3153               0                 
                                                                          
    C:/ti/ccsv7/tools/compiler/ti-cgt-c2000_16.9.1.LTS/lib/rts2800_ml.lib
       e_powf.obj            1055    62                 0                 
       e_logf.obj            390     16                 0                 
       fd_mpy28.obj          131     0                  0                 
       fs_div28.obj          131     0                  0                 
       e_sqrtf.obj           118     4                  0                 
       fs_add28.obj          120     0                  0                 
       s_scalbnf.obj         105     6                  0                 
       s_ceilf.obj           105     2                  0                 
       fs_mpy28.obj          90      0                  0                 
       boot28.obj            84      0                  0                 
       exit.obj              41      14                 6                 
       fs_toi28.obj          37      0                  0                 
       cpy_tbl.obj           36      0                  0                 
       fs_toul28.obj         33      0                  0                 
       fd_tol28.obj          31      0                  0                 
       fs_tou28.obj          29      0                  0                 
       memcpy.obj            29      0                  0                 
       fs_tofd28.obj         28      0                  0                 
       i_tofs28.obj          26      0                  0                 
       l_tofs28.obj          26      0                  0                 
       args_main.obj         25      0                  0                 
       _lock.obj             9       10                 4                 
       fs_cmp28.obj          23      0                  0                 
       ul_tofs28.obj         19      0                  0                 
       u_tofs28.obj          16      0                  0                 
       s_copysignf.obj       10      0                  0                 
       errno.obj             0       4                  1                 
       fs_neg28.obj          5       0                  0                 
       pre_init.obj          2       0                  0                 
       startup.obj           1       0                  0                 
    +--+---------------------+-------+------------------+--------------------+
       Total:                2755    118                11                
                                                                          
       Stack:                0       0                  944               
    +--+---------------------+-------+------------------+--------------------+
       Grand Total:          14939   3476               1554              


GLOBAL DATA SYMBOLS: SORTED BY DATA PAGE

address     data page           name
--------    ----------------    ----
00000050       1 (00000040)     __stack

00008c00     230 (00008c00)     _gCounter_updateGlobals
00008c01     230 (00008c00)     _gLEDcnt
00008c02     230 (00008c00)     _Flag_Latch_softwareUpdate
00008c03     230 (00008c00)     _timer0cnt
00008c04     230 (00008c00)     _ctrlHandle
00008c06     230 (00008c00)     _gMaxCurrentSlope
00008c08     230 (00008c00)     _halHandle
00008c0a     230 (00008c00)     _controller_obj
00008c0c     230 (00008c00)     _gFlux_pu_to_VpHz_sf
00008c0e     230 (00008c00)     _gFlux_pu_to_Wb_sf
00008c10     230 (00008c00)     _gTorque_Flux_Iq_pu_to_Nm_sf
00008c12     230 (00008c00)     _gTorque_Ls_Id_Iq_pu_to_Nm_sf
00008c14     230 (00008c00)     _ADCrawValue
00008c16     230 (00008c00)     _gPwmData
00008c1c     230 (00008c00)     _gAdcDataAVG
00008c2c     230 (00008c00)     _gAdcData

00008c40     231 (00008c40)     _gMotorVars

00008d00     234 (00008d00)     _gUserParams

00008dac     236 (00008d80)     ___TI_enable_exit_profile_output
00008dae     236 (00008d80)     ___TI_cleanup_ptr
00008db0     236 (00008d80)     ___TI_dtors_ptr
00008db2     236 (00008d80)     __lock
00008db4     236 (00008d80)     __unlock
00008db6     236 (00008d80)     _cpu
00008db7     236 (00008d80)     _errno

00008dc0     237 (00008dc0)     _hal

003f2dbb    fcb6 (003f2d80)     __IQ24div

003f2e02    fcb8 (003f2e00)     __IQ24sqrt

003f2e44    fcb9 (003f2e40)     __IQ24sinPU
003f2e6d    fcb9 (003f2e40)     __IQ24cosPU

003f2e94    fcba (003f2e80)     __IQ24toF
003f2ea8    fcba (003f2e80)     __IQ30toF

003fdc30    ff70 (003fdc00)     _IQsinTable

003fdd30    ff74 (003fdd00)     _IQcosTable

003fe030    ff80 (003fe000)     _IQsinTableEnd

003fe132    ff84 (003fe100)     _IQcosTableEnd
003fe132    ff84 (003fe100)     _IQdivRoundSatTable

003fe140    ff85 (003fe140)     _IQdivTable

003fe342    ff8d (003fe340)     _IQdivTableEnd
003fe342    ff8d (003fe340)     _IQisqrtRoundSatTable
003fe342    ff8d (003fe340)     _IQsqrtRoundSatTable
003fe352    ff8d (003fe340)     _IQisqrtTable
003fe352    ff8d (003fe340)     _IQsqrtTable

003fe454    ff91 (003fe440)     _IQatan2HalfPITable
003fe454    ff91 (003fe440)     _IQisqrtTableEnd
003fe454    ff91 (003fe440)     _IQsqrtTableEnd

003fe492    ff92 (003fe480)     _IQatan2Table

003fe618    ff98 (003fe600)     _IQ30mpyRndSatTable
003fe618    ff98 (003fe600)     _IQatan2TableEnd
003fe618    ff98 (003fe600)     _IQmpyRndSatTable
003fe624    ff98 (003fe600)     _IQ29mpyRndSatTable
003fe630    ff98 (003fe600)     _IQ28mpyRndSatTable
003fe63c    ff98 (003fe600)     _IQ27mpyRndSatTable

003fe648    ff99 (003fe640)     _IQ26mpyRndSatTable
003fe654    ff99 (003fe640)     _IQ25mpyRndSatTable
003fe660    ff99 (003fe640)     _IQ24mpyRndSatTable
003fe66c    ff99 (003fe640)     _IQ23mpyRndSatTable
003fe678    ff99 (003fe640)     _IQ22mpyRndSatTable

003fe684    ff9a (003fe680)     _IQ21mpyRndSatTable
003fe690    ff9a (003fe680)     _IQ20mpyRndSatTable
003fe69c    ff9a (003fe680)     _IQ19mpyRndSatTable
003fe6a8    ff9a (003fe680)     _IQ18mpyRndSatTable
003fe6b4    ff9a (003fe680)     _IQ17mpyRndSatTable

003fe6c0    ff9b (003fe6c0)     _IQ16mpyRndSatTable
003fe6cc    ff9b (003fe6c0)     _IQ15mpyRndSatTable
003fe6d8    ff9b (003fe6c0)     _IQ14mpyRndSatTable
003fe6e4    ff9b (003fe6c0)     _IQ13mpyRndSatTable
003fe6f0    ff9b (003fe6c0)     _IQ12mpyRndSatTable
003fe6fc    ff9b (003fe6c0)     _IQ11mpyRndSatTable

003fe708    ff9c (003fe700)     _IQ10mpyRndSatTable
003fe714    ff9c (003fe700)     _IQ9mpyRndSatTable
003fe720    ff9c (003fe700)     _IQ8mpyRndSatTable
003fe72c    ff9c (003fe700)     _IQ7mpyRndSatTable
003fe738    ff9c (003fe700)     _IQ6mpyRndSatTable

003fe744    ff9d (003fe740)     _IQ5mpyRndSatTable
003fe750    ff9d (003fe740)     _IQ4mpyRndSatTable
003fe75c    ff9d (003fe740)     _IQ3mpyRndSatTable
003fe768    ff9d (003fe740)     _IQ2mpyRndSatTable
003fe774    ff9d (003fe740)     _IQ1mpyRndSatTable

003fe780    ff9e (003fe780)     _IQmpyRndSatTableEnd


GLOBAL SYMBOLS: SORTED ALPHABETICALLY BY Name 

page  address   name                                             
----  -------   ----                                             
0     003f0000  .text                                            
0     003f2b8f  C$$EXIT                                          
0     003f261a  FD$$MPY                                          
0     003f2c88  FD$$TOL                                          
0     003f2725  FS$$ADD                                          
0     003f2d4a  FS$$CMP                                          
0     003f269d  FS$$DIV                                          
0     003f29b1  FS$$MPY                                          
0     003f2db3  FS$$NEG                                          
0     003f2720  FS$$SUB                                          
0     003f2ce1  FS$$TOFD                                         
0     003f2bdd  FS$$TOI                                          
0     003f2ca7  FS$$TOU                                          
0     003f2c47  FS$$TOUL                                         
0     003f2cfd  I$$TOFS                                          
0     003f2d17  L$$TOFS                                          
0     003f2d74  U$$TOFS                                          
0     003f2d61  UL$$TOFS                                         
0     003f1fe3  _ADC_disable                                     
0     003f1fd9  _ADC_disableBandGap                              
0     003f1fc2  _ADC_disableInt                                  
0     003f1fb8  _ADC_disableNoOverlapMode                        
0     003f1fae  _ADC_disableRefBuffers                           
0     003f1fa4  _ADC_disableVoltRefLoConv                        
0     003f1f9a  _ADC_enable                                      
0     003f1f90  _ADC_enableBandGap                               
0     003f1f7a  _ADC_enableInt                                   
0     003f1f70  _ADC_enableNoOverlapMode                         
0     003f1f66  _ADC_enableRefBuffers                            
0     003f1f5c  _ADC_enableVoltRefLoConv                         
0     003f1f52  _ADC_getDivideSelect                             
0     003f1f4a  _ADC_init                                        
0     003f1f40  _ADC_powerDown                                   
0     003f1f36  _ADC_powerUp                                     
0     003f1f2c  _ADC_reset                                       
0     003f1f1b  _ADC_setDivideSelect                             
0     003f1efa  _ADC_setIntMode                                  
0     003f1ee9  _ADC_setIntPulseGenMode                          
0     003f1ec8  _ADC_setIntSrc                                   
0     003f1ebe  _ADC_setOffTrim                                  
0     003f1ea7  _ADC_setSampleMode                               
0     003f1e94  _ADC_setSampleOverlapMode                        
0     003f1e80  _ADC_setSocChanNumber                            
0     003f1e73  _ADC_setSocFrc                                   
0     003f1e69  _ADC_setSocFrcWord                               
0     003f1e55  _ADC_setSocSampleDelay                           
0     003f1e41  _ADC_setSocTrigSrc                               
0     003f1e30  _ADC_setTempSensorSrc                            
0     003f1e1f  _ADC_setVoltRefSrc                               
0     003f1df5  _ADC_setupSocTrigSrc                             
1     00008c14  _ADCrawValue                                     
0     003f2170  _CLK_disableAdcClock                             
0     003f2169  _CLK_disableClaClock                             
0     003f2163  _CLK_disableClkIn                                
0     003f215f  _CLK_disableCompClock                            
0     003f2158  _CLK_disableCpuTimerClock                        
0     003f2152  _CLK_disableCrystalOsc                           
0     003f214b  _CLK_disableEcanaClock                           
0     003f2144  _CLK_disableEcap1Clock                           
0     003f213d  _CLK_disableEqep1Clock                           
0     003f2136  _CLK_disableEqep2Clock                           
0     003f212f  _CLK_disableGpioInputClock                       
0     003f2128  _CLK_disableHrPwmClock                           
0     003f2121  _CLK_disableI2cClock                             
0     003f211a  _CLK_disableLinAClock                            
0     003f2114  _CLK_disableOsc1                                 
0     003f210e  _CLK_disableOsc1HaltMode                         
0     003f2108  _CLK_disableOsc2                                 
0     003f2102  _CLK_disableOsc2HaltMode                         
0     003f20f8  _CLK_disablePwmClock                             
0     003f20f1  _CLK_disableSciaClock                            
0     003f20ea  _CLK_disableScibClock                            
0     003f20e3  _CLK_disableSpiaClock                            
0     003f20df  _CLK_disableSpibClock                            
0     003f20d8  _CLK_disableTbClockSync                          
0     003f20d2  _CLK_disableWatchDogHaltMode                     
0     003f20cb  _CLK_enableAdcClock                              
0     003f20c4  _CLK_enableClaClock                              
0     003f20be  _CLK_enableClkIn                                 
0     003f20b8  _CLK_enableCompClock                             
0     003f20b2  _CLK_enableCpuTimerClock                         
0     003f20ac  _CLK_enableCrystalOsc                            
0     003f20a5  _CLK_enableEcanaClock                            
0     003f209e  _CLK_enableEcap1Clock                            
0     003f2097  _CLK_enableEqep1Clock                            
0     003f2090  _CLK_enableEqep2Clock                            
0     003f2089  _CLK_enableGpioInputClock                        
0     003f2082  _CLK_enableHrPwmClock                            
0     003f207b  _CLK_enableI2cClock                              
0     003f2074  _CLK_enableLinAClock                             
0     003f206e  _CLK_enableOsc1                                  
0     003f2068  _CLK_enableOsc1HaltMode                          
0     003f2062  _CLK_enableOsc2                                  
0     003f205c  _CLK_enableOsc2HaltMode                          
0     003f2053  _CLK_enablePwmClock                              
0     003f204c  _CLK_enableSciaClock                             
0     003f2045  _CLK_enableScibClock                             
0     003f203e  _CLK_enableSpiaClock                             
0     003f2037  _CLK_enableSpibClock                             
0     003f2030  _CLK_enableTbClockSync                           
0     003f202a  _CLK_enableWatchDogHaltMode                      
0     003f2024  _CLK_init                                        
0     003f201d  _CLK_setClkOutPreScaler                          
0     003f2017  _CLK_setLowSpdPreScaler                          
0     003f2010  _CLK_setOsc2Src                                  
0     003f2009  _CLK_setOscSrc                                   
0     003f2002  _CLK_setTimer2PreScale                           
0     003f1ffb  _CLK_setTimer2Src                                
0     003f1ff4  _CLK_setWatchDogSrc                              
0     003f1fed  _CLK_setXClkInSrc                                
0     003f2bda  _CPU_clearIntFlags                               
0     003f2bd7  _CPU_disableDebugInt                             
0     003f2bd4  _CPU_disableGlobalInts                           
0     003f2bcf  _CPU_disableInt                                  
0     003f2bcc  _CPU_disableInts                                 
0     003f2bc9  _CPU_disableProtectedRegisterWrite               
0     003f2bc6  _CPU_enableDebugInt                              
0     003f2bc3  _CPU_enableGlobalInts                            
0     003f2bbf  _CPU_enableInt                                   
0     003f2bbc  _CPU_enableProtectedRegisterWrite                
0     003f2bb8  _CPU_init                                        
0     003f0f32  _CTRL_getGains                                   
0     003f0f2b  _CTRL_getIab_filt_pu                             
0     003f0f24  _CTRL_getIab_in_pu                               
0     003f0f1d  _CTRL_getIdq_in_pu                               
0     003f0f16  _CTRL_getIdq_ref_pu                              
0     003f0f6b  _CTRL_getMagCurrent_pu                           
0     003f0f68  _CTRL_getMaximumSpeed_pu                         
0     003f0f0f  _CTRL_getVab_in_pu                               
0     003f0f08  _CTRL_getVab_out_pu                              
0     003f0f01  _CTRL_getVdq_out_pu                              
abs   003fa721  _CTRL_getVersion                                 
0     003f0ef8  _CTRL_getWaitTimes                               
abs   003fa6fb  _CTRL_initCtrl                                   
0     0000800a  _CTRL_run                                        
abs   003fa5d1  _CTRL_runTraj                                    
abs   003f9e64  _CTRL_setEstParams                               
0     003f0c72  _CTRL_setGains                                   
0     003f0f65  _CTRL_setMagCurrent_pu                           
0     003f0f62  _CTRL_setMaximumSpeed_pu                         
0     003f0c9a  _CTRL_setParams                                  
0     003f0c5f  _CTRL_setSpd_ref_krpm                            
0     003f0c5c  _CTRL_setSpd_ref_pu                              
abs   003f9d31  _CTRL_setUserMotorParams                         
0     003f0c53  _CTRL_setWaitTimes                               
0     00008000  _CTRL_setup                                      
0     003f0c37  _CTRL_setupClarke_I                              
0     003f0c21  _CTRL_setupClarke_V                              
abs   003f9b43  _CTRL_setupCtrl                                  
abs   003f99a5  _CTRL_setupEstIdleState                          
abs   003f996a  _CTRL_setupEstOnLineState                        
abs   003f9806  _CTRL_setupTraj                                  
0     003f0bbf  _CTRL_setup_user                                 
0     003f0b0c  _CTRL_updateState                                
0     003f27dd  _EPWM4triggerISR                                 
abs   003f9760  _EST_doCurrentCtrl                               
abs   003f9758  _EST_doSpeedCtrl                                 
abs   003f8c0d  _EST_getAngle_pu                                 
abs   003f96be  _EST_getFlux_VpHz                                
abs   003f96ab  _EST_getFlux_pu                                  
abs   003f968e  _EST_getFm_pu                                    
abs   003f9632  _EST_getIdRated                                  
abs   003f95ff  _EST_getLs_coarse_max_pu                         
abs   003f95f5  _EST_getLs_d_H                                   
abs   003f95f0  _EST_getLs_d_pu                                  
abs   003f95ce  _EST_getLs_q_H                                   
abs   003f95c9  _EST_getLs_q_pu                                  
abs   003f95bd  _EST_getMaxCurrentSlope_pu                       
abs   003f95b3  _EST_getOneOverDcBus_pu                          
abs   003f95ad  _EST_getRr_Ohm                                   
abs   003f9513  _EST_getRs_Ohm                                   
abs   003f94c6  _EST_getSpeed_krpm                               
abs   003f861b  _EST_getState                                    
abs   003f9458  _EST_get_krpm_to_pu_sf                           
abs   003f9453  _EST_get_pu_to_krpm_sf                           
abs   003f938d  _EST_isError                                     
abs   003f9386  _EST_isIdle                                      
abs   003f937f  _EST_isLockRotor                                 
abs   003f8679  _EST_isMotorIdentified                           
abs   003f9378  _EST_isOnLine                                    
abs   003f927b  _EST_run                                         
abs   003f8bdb  _EST_setFlag_enableForceAngle                    
abs   003f8bd3  _EST_setFlag_enableRsRecalc                      
abs   003f8b80  _EST_setId_ref_pu                                
abs   003f8b7a  _EST_setIdle                                     
abs   003f8b67  _EST_setIdle_all                                 
abs   003f8b63  _EST_setIq_ref_pu                                
abs   003f8b45  _EST_setLs_d_pu                                  
abs   003f8af1  _EST_setLs_qFmt                                  
abs   003f8ae7  _EST_setLs_q_pu                                  
abs   003f8adb  _EST_setMaxCurrentSlope_pu                       
abs   003f8a18  _EST_setRs_pu                                    
abs   003f89f5  _EST_updateId_ref_pu                             
abs   003f8713  _EST_updateState                                 
abs   003f861d  _EST_useZeroIq_ref                               
0     003f2c44  _FILTER_FO_getDenCoeffs                          
0     003f2c3d  _FILTER_FO_getInitialConditions                  
0     003f2c37  _FILTER_FO_getNumCoeffs                          
0     003f2c31  _FILTER_FO_init                                  
0     003f2c2f  _FILTER_FO_setDenCoeffs                          
0     003f2c2a  _FILTER_FO_setInitialConditions                  
0     003f2c26  _FILTER_FO_setNumCoeffs                          
0     003f2c82  _FLASH_clear3VStatus                             
0     00008627  _FLASH_disablePipelineMode                       
0     00008621  _FLASH_enablePipelineMode                        
0     003f2c7f  _FLASH_get3VStatus                               
0     003f2c7c  _FLASH_getActiveWaitCount                        
0     003f2c78  _FLASH_getActiveWaitStatus                       
0     003f2c75  _FLASH_getPowerMode                              
0     003f2c72  _FLASH_getStandbyWaitCount                       
0     003f2c6e  _FLASH_getStandbyWaitStatus                      
0     003f2c68  _FLASH_init                                      
0     0000861c  _FLASH_setActiveWaitCount                        
0     00008615  _FLASH_setNumPagedReadWaitStates                 
0     0000860e  _FLASH_setNumRandomReadWaitStates                
0     00008607  _FLASH_setOtpWaitStates                          
0     00008600  _FLASH_setPowerMode                              
0     000085fb  _FLASH_setStandbyWaitCount                       
1     00008c02  _Flag_Latch_softwareUpdate                       
0     003f2464  _GPIO_getData                                    
0     003f2459  _GPIO_getPortData                                
0     003f2453  _GPIO_init                                       
0     003f2449  _GPIO_lpmSelect                                  
0     003f2436  _GPIO_read                                       
0     003f241c  _GPIO_setDirection                               
0     003f2411  _GPIO_setExtInt                                  
0     003f2401  _GPIO_setHigh                                    
0     003f23f1  _GPIO_setLow                                     
0     003f23b9  _GPIO_setMode                                    
0     003f23ab  _GPIO_setPortData                                
0     003f2391  _GPIO_setPullup                                  
0     003f2354  _GPIO_setQualification                           
0     003f230d  _GPIO_setQualificationPeriod                     
0     003f22fd  _GPIO_toggle                                     
0     003f05c8  _HAL_AdcCalChanSelect                            
0     003f061f  _HAL_AdcCalConversion                            
0     003f0781  _HAL_AdcOffsetSelfCal                            
0     003f0847  _HAL_OscTempComp                                 
0     003f08a0  _HAL_cal                                         
0     003f0b08  _HAL_disableGlobalInts                           
0     003f0b03  _HAL_disablePwm4Int                              
0     003f09ec  _HAL_disableWdog                                 
0     003f0af1  _HAL_enableAdcInts                               
0     003f0aed  _HAL_enableDebugInt                              
0     003f0ae9  _HAL_enableGlobalInts                            
0     003f0ad8  _HAL_enablePwm4Int                               
0     003f0ac7  _HAL_enablePwmInt                                
0     003f0ab7  _HAL_enableTimer0Int                             
0     003f07b4  _HAL_getOscTrimValue                             
0     003f09f1  _HAL_init                                        
0     003f07c7  _HAL_osc1Comp                                    
0     003f0807  _HAL_osc2Comp                                    
0     003f09d2  _HAL_setDacParameters                            
0     003f08b7  _HAL_setParams                                   
0     003f04f1  _HAL_setupAdcs                                   
0     003f04d5  _HAL_setupClks                                   
0     003f04b7  _HAL_setupFaults                                 
0     0000862d  _HAL_setupFlash                                  
0     003f02e8  _HAL_setupGpios                                  
0     003f029b  _HAL_setupPeripheralClks                         
0     003f027f  _HAL_setupPie                                    
0     003f0240  _HAL_setupPll                                    
0     003f01b3  _HAL_setupPwmDacs                                
0     003f00d6  _HAL_setupPwms                                   
0     003f0090  _HAL_setupSpiA                                   
0     003f005a  _HAL_setupSpiB                                   
0     003f0000  _HAL_setupTimers                                 
0     003fe708  _IQ10mpyRndSatTable                              
0     003fe6fc  _IQ11mpyRndSatTable                              
0     003fe6f0  _IQ12mpyRndSatTable                              
0     003fe6e4  _IQ13mpyRndSatTable                              
0     003fe6d8  _IQ14mpyRndSatTable                              
0     003fe6cc  _IQ15mpyRndSatTable                              
0     003fe6c0  _IQ16mpyRndSatTable                              
0     003fe6b4  _IQ17mpyRndSatTable                              
0     003fe6a8  _IQ18mpyRndSatTable                              
0     003fe69c  _IQ19mpyRndSatTable                              
0     003fe774  _IQ1mpyRndSatTable                               
0     003fe690  _IQ20mpyRndSatTable                              
0     003fe684  _IQ21mpyRndSatTable                              
0     003fe678  _IQ22mpyRndSatTable                              
0     003fe66c  _IQ23mpyRndSatTable                              
0     003fe660  _IQ24mpyRndSatTable                              
0     003fe654  _IQ25mpyRndSatTable                              
0     003fe648  _IQ26mpyRndSatTable                              
0     003fe63c  _IQ27mpyRndSatTable                              
0     003fe630  _IQ28mpyRndSatTable                              
0     003fe624  _IQ29mpyRndSatTable                              
0     003fe768  _IQ2mpyRndSatTable                               
0     003fe618  _IQ30mpyRndSatTable                              
0     003fe75c  _IQ3mpyRndSatTable                               
0     003fe750  _IQ4mpyRndSatTable                               
0     003fe744  _IQ5mpyRndSatTable                               
0     003fe738  _IQ6mpyRndSatTable                               
0     003fe72c  _IQ7mpyRndSatTable                               
0     003fe720  _IQ8mpyRndSatTable                               
0     003fe714  _IQ9mpyRndSatTable                               
0     003fe454  _IQatan2HalfPITable                              
0     003fe492  _IQatan2Table                                    
0     003fe618  _IQatan2TableEnd                                 
0     003fdd30  _IQcosTable                                      
0     003fe132  _IQcosTableEnd                                   
0     003fe132  _IQdivRoundSatTable                              
0     003fe140  _IQdivTable                                      
0     003fe342  _IQdivTableEnd                                   
0     003fe342  _IQisqrtRoundSatTable                            
0     003fe352  _IQisqrtTable                                    
0     003fe454  _IQisqrtTableEnd                                 
0     003fe618  _IQmpyRndSatTable                                
0     003fe780  _IQmpyRndSatTableEnd                             
0     003fdc30  _IQsinTable                                      
0     003fe030  _IQsinTableEnd                                   
0     003fe342  _IQsqrtRoundSatTable                             
0     003fe352  _IQsqrtTable                                     
0     003fe454  _IQsqrtTableEnd                                  
0     003f2a97  _OFFSET_getBeta                                  
0     003f2a86  _OFFSET_init                                     
0     003f2a70  _OFFSET_setBeta                                  
0     003f2a61  _OFFSET_setInitCond                              
0     003f2a5f  _OFFSET_setOffset                                
0     003f2b89  _OSC_init                                        
0     003f2b7c  _OSC_setCoarseTrim                               
0     003f2b6b  _OSC_setFineTrim                                 
0     003f2b62  _OSC_setTrim                                     
0     003f256a  _PIE_clearAllFlags                               
0     003f2567  _PIE_clearAllInts                                
0     003f2564  _PIE_disable                                     
0     003f255d  _PIE_disableAllInts                              
0     003f2559  _PIE_disableCaptureInt                           
0     003f2550  _PIE_disableExtInt                               
0     003f2546  _PIE_disableInt                                  
0     003f2543  _PIE_enable                                      
0     003f2527  _PIE_enableAdcInt                                
0     003f2523  _PIE_enableCaptureInt                            
0     003f2507  _PIE_enableExtInt                                
0     003f24fe  _PIE_enableInt                                   
0     003f24f9  _PIE_enablePwmInt                                
0     003f24f4  _PIE_enablePwmTzInt                              
0     003f24f1  _PIE_enableTimer0Int                             
0     003f24e8  _PIE_forceInt                                    
0     003f24e0  _PIE_getExtIntCount                              
0     003f24d9  _PIE_getIntEnables                               
0     003f24d2  _PIE_getIntFlags                                 
0     003f2dae  _PIE_illegalIsr                                  
0     003f24ca  _PIE_init                                        
0     003f24b9  _PIE_registerPieIntHandler                       
0     003f24ae  _PIE_registerSystemIntHandler                    
0     003f24a3  _PIE_setDefaultIntVectorTable                    
0     003f2492  _PIE_setExtIntPolarity                           
0     003f247f  _PIE_unregisterPieIntHandler                     
0     003f2472  _PIE_unregisterSystemIntHandler                  
0     003f29ab  _PLL_disable                                     
0     003f29a5  _PLL_disableClkDetect                            
0     003f299f  _PLL_disableNormRdy                              
0     003f2999  _PLL_disableOsc                                  
0     003f2993  _PLL_enable                                      
0     003f298d  _PLL_enableClkDetect                             
0     003f2987  _PLL_enableNormRdy                               
0     003f2981  _PLL_enableOsc                                   
0     003f297d  _PLL_getClkFreq                                  
0     003f297a  _PLL_getClkStatus                                
0     003f2977  _PLL_getDivideSelect                             
0     003f2974  _PLL_getLockStatus                               
0     003f296e  _PLL_init                                        
0     003f2968  _PLL_resetClkDetect                              
0     003f2962  _PLL_setClkFreq                                  
0     003f295b  _PLL_setDivideSelect                             
0     003f2956  _PLL_setLockPeriod                               
0     003f1def  _PWM_clearTripZone                               
0     003f1dec  _PWM_decrementDeadBandFallingEdgeDelay           
0     003f1de9  _PWM_decrementDeadBandRisingEdgeDelay            
0     003f1de2  _PWM_disableAutoConvert                          
0     003f1dde  _PWM_disableChopping                             
0     003f1ddb  _PWM_disableCounterLoad                          
0     003f1dd8  _PWM_disableDeadBand                             
0     003f1dd4  _PWM_disableDeadBandHalfCycle                    
0     003f1dcd  _PWM_disableDigitalCompareBlankingWindow         
0     003f1dc6  _PWM_disableDigitalCompareBlankingWindowInversion
0     003f1dbf  _PWM_disableHrPeriod                             
0     003f1db8  _PWM_disableHrPhaseSync                          
0     003f1db4  _PWM_disableInt                                  
0     003f1db0  _PWM_disableSocAPulse                            
0     003f1dac  _PWM_disableSocBPulse                            
0     003f1da5  _PWM_disableTripZoneInt                          
0     003f1d9e  _PWM_disableTripZoneSrc                          
0     003f1d98  _PWM_disableTripZones                            
0     003f1d91  _PWM_enableAutoConvert                           
0     003f1d8d  _PWM_enableChopping                              
0     003f1d8a  _PWM_enableCounterLoad                           
0     003f1d86  _PWM_enableDeadBandHalfCycle                     
0     003f1d7f  _PWM_enableDigitalCompareBlankingWindow          
0     003f1d78  _PWM_enableDigitalCompareBlankingWindowInversion 
0     003f1d71  _PWM_enableHrPeriod                              
0     003f1d6a  _PWM_enableHrPhaseSync                           
0     003f1d66  _PWM_enableInt                                   
0     003f1d62  _PWM_enableSocAPulse                             
0     003f1d5e  _PWM_enableSocBPulse                             
0     003f1d58  _PWM_enableTripZoneInt                           
0     003f1d52  _PWM_enableTripZoneSrc                           
0     003f1d4f  _PWM_getDeadBandFallingEdgeDelay                 
0     003f1d4c  _PWM_getDeadBandRisingEdgeDelay                  
0     003f1d48  _PWM_getIntCount                                 
0     003f1d44  _PWM_getShadowStatus_CmpA                        
0     003f1d40  _PWM_getShadowStatus_CmpB                        
0     003f1d3b  _PWM_getSocACount                                
0     003f1d36  _PWM_getSocBCount                                
0     003f1d33  _PWM_incrementDeadBandFallingEdgeDelay           
0     003f1d30  _PWM_incrementDeadBandRisingEdgeDelay            
0     003f1d2a  _PWM_init                                        
0     003f1d23  _PWM_setActionQualContSWForce_PwmA               
0     003f1d1a  _PWM_setActionQualContSWForce_PwmB               
0     003f1d11  _PWM_setActionQual_CntDown_CmpA_PwmA             
0     003f1d08  _PWM_setActionQual_CntDown_CmpA_PwmB             
0     003f1cff  _PWM_setActionQual_CntDown_CmpB_PwmA             
0     003f1cf6  _PWM_setActionQual_CntDown_CmpB_PwmB             
0     003f1ced  _PWM_setActionQual_CntUp_CmpA_PwmA               
0     003f1ce4  _PWM_setActionQual_CntUp_CmpA_PwmB               
0     003f1cdb  _PWM_setActionQual_CntUp_CmpB_PwmA               
0     003f1cd2  _PWM_setActionQual_CntUp_CmpB_PwmB               
0     003f1cc9  _PWM_setActionQual_Period_PwmA                   
0     003f1cc0  _PWM_setActionQual_Period_PwmB                   
0     003f1cb9  _PWM_setActionQual_Zero_PwmA                     
0     003f1cb2  _PWM_setActionQual_Zero_PwmB                     
0     003f1cab  _PWM_setChoppingClkFreq                          
0     003f1ca4  _PWM_setChoppingDutyCycle                        
0     003f1c9d  _PWM_setChoppingPulseWidth                       
0     003f1c99  _PWM_setClkDiv                                   
0     003f1c97  _PWM_setCount                                    
0     003f1c93  _PWM_setCounterMode                              
0     003f1c90  _PWM_setDeadBandFallingEdgeDelay                 
0     003f1c89  _PWM_setDeadBandInputMode                        
0     003f1c82  _PWM_setDeadBandOutputMode                       
0     003f1c7b  _PWM_setDeadBandPolarity                         
0     003f1c78  _PWM_setDeadBandRisingEdgeDelay                  
0     003f1c5e  _PWM_setDigitalCompareAEvent1                    
0     003f1c4e  _PWM_setDigitalCompareAEvent2                    
0     003f1c34  _PWM_setDigitalCompareBEvent1                    
0     003f1c24  _PWM_setDigitalCompareBEvent2                    
0     003f1c18  _PWM_setDigitalCompareBlankingPulse              
0     003f1c15  _PWM_setDigitalCompareFilterOffset               
0     003f1c0b  _PWM_setDigitalCompareFilterSource               
0     003f1c08  _PWM_setDigitalCompareFilterWindow               
0     003f1bf9  _PWM_setDigitalCompareInput                      
0     003f1bf5  _PWM_setHighSpeedClkDiv                          
0     003f1beb  _PWM_setHrControlMode                            
0     003f1be1  _PWM_setHrEdgeMode                               
0     003f1bd7  _PWM_setHrShadowMode                             
0     003f1bd0  _PWM_setIntMode                                  
0     003f1bc9  _PWM_setIntPeriod                                
0     003f1bc5  _PWM_setLoadMode_CmpA                            
0     003f1bbf  _PWM_setLoadMode_CmpB                            
0     003f1bbd  _PWM_setPeriod                                   
0     003f1bb8  _PWM_setPeriodHr                                 
0     003f1bb4  _PWM_setPeriodLoad                               
0     003f1bb2  _PWM_setPhase                                    
0     003f1bae  _PWM_setPhaseDir                                 
0     003f1baa  _PWM_setRunMode                                  
0     003f1ba4  _PWM_setShadowMode_CmpA                          
0     003f1b9e  _PWM_setShadowMode_CmpB                          
0     003f1b95  _PWM_setSocAPeriod                               
0     003f1b8b  _PWM_setSocAPulseSrc                             
0     003f1b82  _PWM_setSocBPeriod                               
0     003f1b79  _PWM_setSocBPulseSrc                             
0     003f1b76  _PWM_setSwSync                                   
0     003f1b72  _PWM_setSyncMode                                 
0     003f1b68  _PWM_setTripZoneDCEventSelect_DCAEVT1            
0     003f1b5c  _PWM_setTripZoneDCEventSelect_DCAEVT2            
0     003f1b50  _PWM_setTripZoneDCEventSelect_DCBEVT1            
0     003f1b44  _PWM_setTripZoneDCEventSelect_DCBEVT2            
0     003f1b38  _PWM_setTripZoneState_DCAEVT1                    
0     003f1b2c  _PWM_setTripZoneState_DCAEVT2                    
0     003f1b20  _PWM_setTripZoneState_DCBEVT1                    
0     003f1b14  _PWM_setTripZoneState_DCBEVT2                    
0     003f1b0a  _PWM_setTripZoneState_TZA                        
0     003f1afe  _PWM_setTripZoneState_TZB                        
0     003f2b2d  _PWR_disableBrownOutReset                        
0     003f2b23  _PWR_disableWatchDogInt                          
0     003f2b20  _PWR_enableBrownOutReset                         
0     003f2b16  _PWR_enableWatchDogInt                           
0     003f2b0e  _PWR_init                                        
0     003f2afd  _PWR_setLowPowerMode                             
0     003f2aec  _PWR_setNumStandByClocks                         
0     003e864f  _RamfuncsLoadEnd                                 
0     003e8000  _RamfuncsLoadStart                               
0     00008000  _RamfuncsRunStart                                
0     003f2616  _SPI_clearRxFifoInt                              
0     003f2612  _SPI_clearRxFifoOvf                              
0     003f260e  _SPI_clearTxFifoInt                              
0     003f260b  _SPI_disableInt                                  
0     003f2608  _SPI_disableLoopBack                             
0     003f2605  _SPI_disableOverRunInt                           
0     003f2601  _SPI_disableRxFifoInt                            
0     003f25fe  _SPI_disableTx                                   
0     003f25fa  _SPI_disableTxFifoEnh                            
0     003f25f6  _SPI_disableTxFifoInt                            
0     003f25f3  _SPI_enable                                      
0     003f25ef  _SPI_enableChannels                              
0     003f25ec  _SPI_enableInt                                   
0     003f25e9  _SPI_enableLoopBack                              
0     003f25e6  _SPI_enableOverRunInt                            
0     003f25e2  _SPI_enableRxFifo                                
0     003f25de  _SPI_enableRxFifoInt                             
0     003f25db  _SPI_enableTx                                    
0     003f25d7  _SPI_enableTxFifo                                
0     003f25d3  _SPI_enableTxFifoEnh                             
0     003f25cf  _SPI_enableTxFifoInt                             
0     003f25cc  _SPI_getIntFlagStatus                            
0     003f25c8  _SPI_getRxFifoStatus                             
0     003f25c5  _SPI_getTxBufferStatus                           
0     003f25c1  _SPI_getTxFifoStatus                             
0     003f25bb  _SPI_init                                        
0     003f25b8  _SPI_reset                                       
0     003f25b4  _SPI_resetChannels                               
0     003f25b0  _SPI_resetRxFifo                                 
0     003f25ac  _SPI_resetTxFifo                                 
0     003f25aa  _SPI_setBaudRate                                 
0     003f25a6  _SPI_setCharLength                               
0     003f25a4  _SPI_setClkPhase                                 
0     003f25a0  _SPI_setClkPolarity                              
0     003f259e  _SPI_setMode                                     
0     003f2597  _SPI_setPriority                                 
0     003f2590  _SPI_setRxFifoIntLevel                           
0     003f2589  _SPI_setSteInv                                   
0     003f2582  _SPI_setSuspend                                  
0     003f257b  _SPI_setTriWire                                  
0     003f2578  _SPI_setTxDelay                                  
0     003f2571  _SPI_setTxFifoIntLevel                           
0     003f2b5f  _TIMER_clearFlag                                 
0     003f2b5c  _TIMER_disableInt                                
0     003f2b59  _TIMER_enableInt                                 
0     003f2b56  _TIMER_getStatus                                 
0     003f2b50  _TIMER_init                                      
0     003f2b42  _TIMER_setDecimationFactor                       
0     003f2b3e  _TIMER_setEmulationMode                          
0     003f2b30  _TIMER_setPreScaler                              
0     003f12dc  _USER_calcPIgains                                
0     003f12d8  _USER_checkForErrors                             
0     003f12ca  _USER_computeFlux                                
0     003f128e  _USER_computeFlux_pu_to_VpHz_sf                  
0     003f1252  _USER_computeFlux_pu_to_Wb_sf                    
0     003f1216  _USER_computeTorque_Flux_Iq_pu_to_Nm_sf          
0     003f11dc  _USER_computeTorque_Ls_Id_Iq_pu_to_Nm_sf         
0     003f118f  _USER_computeTorque_Nm                           
0     003f1137  _USER_computeTorque_lbin                         
0     003f1134  _USER_getErrorCode                               
0     003f1131  _USER_setErrorCode                               
0     003f0ff1  _USER_setParams                                  
0     003f0f6e  _USER_softwareUpdate1p6                          
0     003f2ae4  _WDOG_clearCounter                               
0     003f2adc  _WDOG_disable                                    
0     003f2ad6  _WDOG_disableInt                                 
0     003f2ad0  _WDOG_disableOverRide                            
0     003f2ac7  _WDOG_enable                                     
0     003f2ac1  _WDOG_enableInt                                  
0     003f2abb  _WDOG_enableOverRide                             
0     003f2ab8  _WDOG_getIntStatus                               
0     003f2ab2  _WDOG_init                                       
0     003f2ab0  _WDOG_setCount                                   
0     003f2aa6  _WDOG_setPreScaler                               
0     003f2e6d  __IQ24cosPU                                      
0     003f2dbb  __IQ24div                                        
0     003f2e44  __IQ24sinPU                                      
0     003f2e02  __IQ24sqrt                                       
0     003f2e94  __IQ24toF                                        
0     003f2ea8  __IQ30toF                                        
1     00000400  __STACK_END                                      
abs   000003b0  __STACK_SIZE                                     
1     00008dae  ___TI_cleanup_ptr                                
1     00008db0  ___TI_dtors_ptr                                  
1     00008dac  ___TI_enable_exit_profile_output                 
abs   ffffffff  ___TI_pprof_out_hndl                             
abs   ffffffff  ___TI_prof_data_size                             
abs   ffffffff  ___TI_prof_data_start                            
abs   ffffffff  ___binit__                                       
abs   ffffffff  ___c_args__                                      
0     003f2ebc  ___cinit__                                       
0     003f2dbb  ___etext__                                       
abs   ffffffff  ___pinit__                                       
0     003f0000  ___text__                                        
0     003f2d31  __args_main                                      
1     00008db2  __lock                                           
0     003f2da5  __nop                                            
0     003f2da1  __register_lock                                  
0     003f2d9d  __register_unlock                                
1     00000050  __stack                                          
0     003f2dba  __system_post_cinit                              
0     003f2db8  __system_pre_init                                
1     00008db4  __unlock                                         
0     003f2b8f  _abort                                           
0     003f2a0b  _c_int00                                         
0     003f2884  _ceil                                            
0     003f2884  _ceilf                                           
1     00008c0a  _controller_obj                                  
0     003f2c02  _copy_in                                         
0     003f2d93  _copysign                                        
0     003f2d93  _copysignf                                       
1     00008db6  _cpu                                             
1     00008c04  _ctrlHandle                                      
1     00008db7  _errno                                           
0     003f2b91  _exit                                            
1     00008c2c  _gAdcData                                        
1     00008c1c  _gAdcDataAVG                                     
1     00008c00  _gCounter_updateGlobals                          
1     00008c0c  _gFlux_pu_to_VpHz_sf                             
1     00008c0e  _gFlux_pu_to_Wb_sf                               
1     00008c01  _gLEDcnt                                         
1     00008c06  _gMaxCurrentSlope                                
1     00008c40  _gMotorVars                                      
1     00008c16  _gPwmData                                        
1     00008c10  _gTorque_Flux_Iq_pu_to_Nm_sf                     
1     00008c12  _gTorque_Ls_Id_Iq_pu_to_Nm_sf                    
1     00008d00  _gUserParams                                     
1     00008dc0  _hal                                             
1     00008c08  _halHandle                                       
0     003f28ed  _ldexp                                           
0     003f28ed  _ldexpf                                          
0     003f2177  _log                                             
0     003f2177  _logf                                            
0     003f185b  _main                                            
0     0000852d  _mainISR                                         
0     003f2d84  _memCopy                                         
0     003f2cc4  _memcpy                                          
0     003f139d  _pow                                             
0     003f139d  _powf                                            
0     003f28ed  _scalbn                                          
0     003f28ed  _scalbnf                                         
0     003f280e  _sqrt                                            
0     003f280e  _sqrtf                                           
0     003f2798  _timer0ISR                                       
1     00008c03  _timer0cnt                                       
0     003f17e2  _updateGlobalVariables_motor                     
0     003f17bc  _updateKpKiGains                                 
0     0000864b  _usDelay                                         
abs   ffffffff  binit                                            
0     003f2ebc  cinit                                            
0     003f7ff6  code_start                                       
0     003f2dbb  etext                                            
abs   ffffffff  pinit                                            


GLOBAL SYMBOLS: SORTED BY Symbol Address 

page  address   name                                             
----  -------   ----                                             
0     00008000  _CTRL_setup                                      
0     00008000  _RamfuncsRunStart                                
0     0000800a  _CTRL_run                                        
0     0000852d  _mainISR                                         
0     000085fb  _FLASH_setStandbyWaitCount                       
0     00008600  _FLASH_setPowerMode                              
0     00008607  _FLASH_setOtpWaitStates                          
0     0000860e  _FLASH_setNumRandomReadWaitStates                
0     00008615  _FLASH_setNumPagedReadWaitStates                 
0     0000861c  _FLASH_setActiveWaitCount                        
0     00008621  _FLASH_enablePipelineMode                        
0     00008627  _FLASH_disablePipelineMode                       
0     0000862d  _HAL_setupFlash                                  
0     0000864b  _usDelay                                         
0     003e8000  _RamfuncsLoadStart                               
0     003e864f  _RamfuncsLoadEnd                                 
0     003f0000  .text                                            
0     003f0000  _HAL_setupTimers                                 
0     003f0000  ___text__                                        
0     003f005a  _HAL_setupSpiB                                   
0     003f0090  _HAL_setupSpiA                                   
0     003f00d6  _HAL_setupPwms                                   
0     003f01b3  _HAL_setupPwmDacs                                
0     003f0240  _HAL_setupPll                                    
0     003f027f  _HAL_setupPie                                    
0     003f029b  _HAL_setupPeripheralClks                         
0     003f02e8  _HAL_setupGpios                                  
0     003f04b7  _HAL_setupFaults                                 
0     003f04d5  _HAL_setupClks                                   
0     003f04f1  _HAL_setupAdcs                                   
0     003f05c8  _HAL_AdcCalChanSelect                            
0     003f061f  _HAL_AdcCalConversion                            
0     003f0781  _HAL_AdcOffsetSelfCal                            
0     003f07b4  _HAL_getOscTrimValue                             
0     003f07c7  _HAL_osc1Comp                                    
0     003f0807  _HAL_osc2Comp                                    
0     003f0847  _HAL_OscTempComp                                 
0     003f08a0  _HAL_cal                                         
0     003f08b7  _HAL_setParams                                   
0     003f09d2  _HAL_setDacParameters                            
0     003f09ec  _HAL_disableWdog                                 
0     003f09f1  _HAL_init                                        
0     003f0ab7  _HAL_enableTimer0Int                             
0     003f0ac7  _HAL_enablePwmInt                                
0     003f0ad8  _HAL_enablePwm4Int                               
0     003f0ae9  _HAL_enableGlobalInts                            
0     003f0aed  _HAL_enableDebugInt                              
0     003f0af1  _HAL_enableAdcInts                               
0     003f0b03  _HAL_disablePwm4Int                              
0     003f0b08  _HAL_disableGlobalInts                           
0     003f0b0c  _CTRL_updateState                                
0     003f0bbf  _CTRL_setup_user                                 
0     003f0c21  _CTRL_setupClarke_V                              
0     003f0c37  _CTRL_setupClarke_I                              
0     003f0c53  _CTRL_setWaitTimes                               
0     003f0c5c  _CTRL_setSpd_ref_pu                              
0     003f0c5f  _CTRL_setSpd_ref_krpm                            
0     003f0c72  _CTRL_setGains                                   
0     003f0c9a  _CTRL_setParams                                  
0     003f0ef8  _CTRL_getWaitTimes                               
0     003f0f01  _CTRL_getVdq_out_pu                              
0     003f0f08  _CTRL_getVab_out_pu                              
0     003f0f0f  _CTRL_getVab_in_pu                               
0     003f0f16  _CTRL_getIdq_ref_pu                              
0     003f0f1d  _CTRL_getIdq_in_pu                               
0     003f0f24  _CTRL_getIab_in_pu                               
0     003f0f2b  _CTRL_getIab_filt_pu                             
0     003f0f32  _CTRL_getGains                                   
0     003f0f62  _CTRL_setMaximumSpeed_pu                         
0     003f0f65  _CTRL_setMagCurrent_pu                           
0     003f0f68  _CTRL_getMaximumSpeed_pu                         
0     003f0f6b  _CTRL_getMagCurrent_pu                           
0     003f0f6e  _USER_softwareUpdate1p6                          
0     003f0ff1  _USER_setParams                                  
0     003f1131  _USER_setErrorCode                               
0     003f1134  _USER_getErrorCode                               
0     003f1137  _USER_computeTorque_lbin                         
0     003f118f  _USER_computeTorque_Nm                           
0     003f11dc  _USER_computeTorque_Ls_Id_Iq_pu_to_Nm_sf         
0     003f1216  _USER_computeTorque_Flux_Iq_pu_to_Nm_sf          
0     003f1252  _USER_computeFlux_pu_to_Wb_sf                    
0     003f128e  _USER_computeFlux_pu_to_VpHz_sf                  
0     003f12ca  _USER_computeFlux                                
0     003f12d8  _USER_checkForErrors                             
0     003f12dc  _USER_calcPIgains                                
0     003f139d  _pow                                             
0     003f139d  _powf                                            
0     003f17bc  _updateKpKiGains                                 
0     003f17e2  _updateGlobalVariables_motor                     
0     003f185b  _main                                            
0     003f1afe  _PWM_setTripZoneState_TZB                        
0     003f1b0a  _PWM_setTripZoneState_TZA                        
0     003f1b14  _PWM_setTripZoneState_DCBEVT2                    
0     003f1b20  _PWM_setTripZoneState_DCBEVT1                    
0     003f1b2c  _PWM_setTripZoneState_DCAEVT2                    
0     003f1b38  _PWM_setTripZoneState_DCAEVT1                    
0     003f1b44  _PWM_setTripZoneDCEventSelect_DCBEVT2            
0     003f1b50  _PWM_setTripZoneDCEventSelect_DCBEVT1            
0     003f1b5c  _PWM_setTripZoneDCEventSelect_DCAEVT2            
0     003f1b68  _PWM_setTripZoneDCEventSelect_DCAEVT1            
0     003f1b72  _PWM_setSyncMode                                 
0     003f1b76  _PWM_setSwSync                                   
0     003f1b79  _PWM_setSocBPulseSrc                             
0     003f1b82  _PWM_setSocBPeriod                               
0     003f1b8b  _PWM_setSocAPulseSrc                             
0     003f1b95  _PWM_setSocAPeriod                               
0     003f1b9e  _PWM_setShadowMode_CmpB                          
0     003f1ba4  _PWM_setShadowMode_CmpA                          
0     003f1baa  _PWM_setRunMode                                  
0     003f1bae  _PWM_setPhaseDir                                 
0     003f1bb2  _PWM_setPhase                                    
0     003f1bb4  _PWM_setPeriodLoad                               
0     003f1bb8  _PWM_setPeriodHr                                 
0     003f1bbd  _PWM_setPeriod                                   
0     003f1bbf  _PWM_setLoadMode_CmpB                            
0     003f1bc5  _PWM_setLoadMode_CmpA                            
0     003f1bc9  _PWM_setIntPeriod                                
0     003f1bd0  _PWM_setIntMode                                  
0     003f1bd7  _PWM_setHrShadowMode                             
0     003f1be1  _PWM_setHrEdgeMode                               
0     003f1beb  _PWM_setHrControlMode                            
0     003f1bf5  _PWM_setHighSpeedClkDiv                          
0     003f1bf9  _PWM_setDigitalCompareInput                      
0     003f1c08  _PWM_setDigitalCompareFilterWindow               
0     003f1c0b  _PWM_setDigitalCompareFilterSource               
0     003f1c15  _PWM_setDigitalCompareFilterOffset               
0     003f1c18  _PWM_setDigitalCompareBlankingPulse              
0     003f1c24  _PWM_setDigitalCompareBEvent2                    
0     003f1c34  _PWM_setDigitalCompareBEvent1                    
0     003f1c4e  _PWM_setDigitalCompareAEvent2                    
0     003f1c5e  _PWM_setDigitalCompareAEvent1                    
0     003f1c78  _PWM_setDeadBandRisingEdgeDelay                  
0     003f1c7b  _PWM_setDeadBandPolarity                         
0     003f1c82  _PWM_setDeadBandOutputMode                       
0     003f1c89  _PWM_setDeadBandInputMode                        
0     003f1c90  _PWM_setDeadBandFallingEdgeDelay                 
0     003f1c93  _PWM_setCounterMode                              
0     003f1c97  _PWM_setCount                                    
0     003f1c99  _PWM_setClkDiv                                   
0     003f1c9d  _PWM_setChoppingPulseWidth                       
0     003f1ca4  _PWM_setChoppingDutyCycle                        
0     003f1cab  _PWM_setChoppingClkFreq                          
0     003f1cb2  _PWM_setActionQual_Zero_PwmB                     
0     003f1cb9  _PWM_setActionQual_Zero_PwmA                     
0     003f1cc0  _PWM_setActionQual_Period_PwmB                   
0     003f1cc9  _PWM_setActionQual_Period_PwmA                   
0     003f1cd2  _PWM_setActionQual_CntUp_CmpB_PwmB               
0     003f1cdb  _PWM_setActionQual_CntUp_CmpB_PwmA               
0     003f1ce4  _PWM_setActionQual_CntUp_CmpA_PwmB               
0     003f1ced  _PWM_setActionQual_CntUp_CmpA_PwmA               
0     003f1cf6  _PWM_setActionQual_CntDown_CmpB_PwmB             
0     003f1cff  _PWM_setActionQual_CntDown_CmpB_PwmA             
0     003f1d08  _PWM_setActionQual_CntDown_CmpA_PwmB             
0     003f1d11  _PWM_setActionQual_CntDown_CmpA_PwmA             
0     003f1d1a  _PWM_setActionQualContSWForce_PwmB               
0     003f1d23  _PWM_setActionQualContSWForce_PwmA               
0     003f1d2a  _PWM_init                                        
0     003f1d30  _PWM_incrementDeadBandRisingEdgeDelay            
0     003f1d33  _PWM_incrementDeadBandFallingEdgeDelay           
0     003f1d36  _PWM_getSocBCount                                
0     003f1d3b  _PWM_getSocACount                                
0     003f1d40  _PWM_getShadowStatus_CmpB                        
0     003f1d44  _PWM_getShadowStatus_CmpA                        
0     003f1d48  _PWM_getIntCount                                 
0     003f1d4c  _PWM_getDeadBandRisingEdgeDelay                  
0     003f1d4f  _PWM_getDeadBandFallingEdgeDelay                 
0     003f1d52  _PWM_enableTripZoneSrc                           
0     003f1d58  _PWM_enableTripZoneInt                           
0     003f1d5e  _PWM_enableSocBPulse                             
0     003f1d62  _PWM_enableSocAPulse                             
0     003f1d66  _PWM_enableInt                                   
0     003f1d6a  _PWM_enableHrPhaseSync                           
0     003f1d71  _PWM_enableHrPeriod                              
0     003f1d78  _PWM_enableDigitalCompareBlankingWindowInversion 
0     003f1d7f  _PWM_enableDigitalCompareBlankingWindow          
0     003f1d86  _PWM_enableDeadBandHalfCycle                     
0     003f1d8a  _PWM_enableCounterLoad                           
0     003f1d8d  _PWM_enableChopping                              
0     003f1d91  _PWM_enableAutoConvert                           
0     003f1d98  _PWM_disableTripZones                            
0     003f1d9e  _PWM_disableTripZoneSrc                          
0     003f1da5  _PWM_disableTripZoneInt                          
0     003f1dac  _PWM_disableSocBPulse                            
0     003f1db0  _PWM_disableSocAPulse                            
0     003f1db4  _PWM_disableInt                                  
0     003f1db8  _PWM_disableHrPhaseSync                          
0     003f1dbf  _PWM_disableHrPeriod                             
0     003f1dc6  _PWM_disableDigitalCompareBlankingWindowInversion
0     003f1dcd  _PWM_disableDigitalCompareBlankingWindow         
0     003f1dd4  _PWM_disableDeadBandHalfCycle                    
0     003f1dd8  _PWM_disableDeadBand                             
0     003f1ddb  _PWM_disableCounterLoad                          
0     003f1dde  _PWM_disableChopping                             
0     003f1de2  _PWM_disableAutoConvert                          
0     003f1de9  _PWM_decrementDeadBandRisingEdgeDelay            
0     003f1dec  _PWM_decrementDeadBandFallingEdgeDelay           
0     003f1def  _PWM_clearTripZone                               
0     003f1df5  _ADC_setupSocTrigSrc                             
0     003f1e1f  _ADC_setVoltRefSrc                               
0     003f1e30  _ADC_setTempSensorSrc                            
0     003f1e41  _ADC_setSocTrigSrc                               
0     003f1e55  _ADC_setSocSampleDelay                           
0     003f1e69  _ADC_setSocFrcWord                               
0     003f1e73  _ADC_setSocFrc                                   
0     003f1e80  _ADC_setSocChanNumber                            
0     003f1e94  _ADC_setSampleOverlapMode                        
0     003f1ea7  _ADC_setSampleMode                               
0     003f1ebe  _ADC_setOffTrim                                  
0     003f1ec8  _ADC_setIntSrc                                   
0     003f1ee9  _ADC_setIntPulseGenMode                          
0     003f1efa  _ADC_setIntMode                                  
0     003f1f1b  _ADC_setDivideSelect                             
0     003f1f2c  _ADC_reset                                       
0     003f1f36  _ADC_powerUp                                     
0     003f1f40  _ADC_powerDown                                   
0     003f1f4a  _ADC_init                                        
0     003f1f52  _ADC_getDivideSelect                             
0     003f1f5c  _ADC_enableVoltRefLoConv                         
0     003f1f66  _ADC_enableRefBuffers                            
0     003f1f70  _ADC_enableNoOverlapMode                         
0     003f1f7a  _ADC_enableInt                                   
0     003f1f90  _ADC_enableBandGap                               
0     003f1f9a  _ADC_enable                                      
0     003f1fa4  _ADC_disableVoltRefLoConv                        
0     003f1fae  _ADC_disableRefBuffers                           
0     003f1fb8  _ADC_disableNoOverlapMode                        
0     003f1fc2  _ADC_disableInt                                  
0     003f1fd9  _ADC_disableBandGap                              
0     003f1fe3  _ADC_disable                                     
0     003f1fed  _CLK_setXClkInSrc                                
0     003f1ff4  _CLK_setWatchDogSrc                              
0     003f1ffb  _CLK_setTimer2Src                                
0     003f2002  _CLK_setTimer2PreScale                           
0     003f2009  _CLK_setOscSrc                                   
0     003f2010  _CLK_setOsc2Src                                  
0     003f2017  _CLK_setLowSpdPreScaler                          
0     003f201d  _CLK_setClkOutPreScaler                          
0     003f2024  _CLK_init                                        
0     003f202a  _CLK_enableWatchDogHaltMode                      
0     003f2030  _CLK_enableTbClockSync                           
0     003f2037  _CLK_enableSpibClock                             
0     003f203e  _CLK_enableSpiaClock                             
0     003f2045  _CLK_enableScibClock                             
0     003f204c  _CLK_enableSciaClock                             
0     003f2053  _CLK_enablePwmClock                              
0     003f205c  _CLK_enableOsc2HaltMode                          
0     003f2062  _CLK_enableOsc2                                  
0     003f2068  _CLK_enableOsc1HaltMode                          
0     003f206e  _CLK_enableOsc1                                  
0     003f2074  _CLK_enableLinAClock                             
0     003f207b  _CLK_enableI2cClock                              
0     003f2082  _CLK_enableHrPwmClock                            
0     003f2089  _CLK_enableGpioInputClock                        
0     003f2090  _CLK_enableEqep2Clock                            
0     003f2097  _CLK_enableEqep1Clock                            
0     003f209e  _CLK_enableEcap1Clock                            
0     003f20a5  _CLK_enableEcanaClock                            
0     003f20ac  _CLK_enableCrystalOsc                            
0     003f20b2  _CLK_enableCpuTimerClock                         
0     003f20b8  _CLK_enableCompClock                             
[...]
0     003f2590  _SPI_setRxFifoIntLevel                           
0     003f2597  _SPI_setPriority                                 
0     003f259e  _SPI_setMode                                     
0     003f25a0  _SPI_setClkPolarity                              
0     003f25a4  _SPI_setClkPhase                                 
0     003f25a6  _SPI_setCharLength                               
0     003f25aa  _SPI_setBaudRate                                 
0     003f25ac  _SPI_resetTxFifo                                 
0     003f25b0  _SPI_resetRxFifo                                 
0     003f25b4  _SPI_resetChannels                               
0     003f25b8  _SPI_reset                                       
0     003f25bb  _SPI_init                                        
0     003f25c1  _SPI_getTxFifoStatus                             
0     003f25c5  _SPI_getTxBufferStatus                           
0     003f25c8  _SPI_getRxFifoStatus                             
0     003f25cc  _SPI_getIntFlagStatus                            
0     003f25cf  _SPI_enableTxFifoInt                             
0     003f25d3  _SPI_enableTxFifoEnh                             
0     003f25d7  _SPI_enableTxFifo                                
0     003f25db  _SPI_enableTx                                    
0     003f25de  _SPI_enableRxFifoInt                             
0     003f25e2  _SPI_enableRxFifo                                
0     003f25e6  _SPI_enableOverRunInt                            
0     003f25e9  _SPI_enableLoopBack                              
0     003f25ec  _SPI_enableInt                                   
0     003f25ef  _SPI_enableChannels                              
0     003f25f3  _SPI_enable                                      
0     003f25f6  _SPI_disableTxFifoInt                            
0     003f25fa  _SPI_disableTxFifoEnh                            
0     003f25fe  _SPI_disableTx                                   
0     003f2601  _SPI_disableRxFifoInt                            
0     003f2605  _SPI_disableOverRunInt                           
0     003f2608  _SPI_disableLoopBack                             
0     003f260b  _SPI_disableInt                                  
0     003f260e  _SPI_clearTxFifoInt                              
0     003f2612  _SPI_clearRxFifoOvf                              
0     003f2616  _SPI_clearRxFifoInt                              
0     003f261a  FD$$MPY                                          
0     003f269d  FS$$DIV                                          
0     003f2720  FS$$SUB                                          
0     003f2725  FS$$ADD                                          
0     003f2798  _timer0ISR                                       
0     003f27dd  _EPWM4triggerISR                                 
0     003f280e  _sqrt                                            
0     003f280e  _sqrtf                                           
0     003f2884  _ceil                                            
0     003f2884  _ceilf                                           
0     003f28ed  _ldexp                                           
0     003f28ed  _ldexpf                                          
0     003f28ed  _scalbn                                          
0     003f28ed  _scalbnf                                         
0     003f2956  _PLL_setLockPeriod                               
0     003f295b  _PLL_setDivideSelect                             
0     003f2962  _PLL_setClkFreq                                  
0     003f2968  _PLL_resetClkDetect                              
0     003f296e  _PLL_init                                        
0     003f2974  _PLL_getLockStatus                               
0     003f2977  _PLL_getDivideSelect                             
0     003f297a  _PLL_getClkStatus                                
0     003f297d  _PLL_getClkFreq                                  
0     003f2981  _PLL_enableOsc                                   
0     003f2987  _PLL_enableNormRdy                               
0     003f298d  _PLL_enableClkDetect                             
0     003f2993  _PLL_enable                                      
0     003f2999  _PLL_disableOsc                                  
0     003f299f  _PLL_disableNormRdy                              
0     003f29a5  _PLL_disableClkDetect                            
0     003f29ab  _PLL_disable                                     
0     003f29b1  FS$$MPY                                          
0     003f2a0b  _c_int00                                         
0     003f2a5f  _OFFSET_setOffset                                
0     003f2a61  _OFFSET_setInitCond                              
0     003f2a70  _OFFSET_setBeta                                  
0     003f2a86  _OFFSET_init                                     
0     003f2a97  _OFFSET_getBeta                                  
0     003f2aa6  _WDOG_setPreScaler                               
0     003f2ab0  _WDOG_setCount                                   
0     003f2ab2  _WDOG_init                                       
0     003f2ab8  _WDOG_getIntStatus                               
0     003f2abb  _WDOG_enableOverRide                             
0     003f2ac1  _WDOG_enableInt                                  
0     003f2ac7  _WDOG_enable                                     
0     003f2ad0  _WDOG_disableOverRide                            
0     003f2ad6  _WDOG_disableInt                                 
0     003f2adc  _WDOG_disable                                    
0     003f2ae4  _WDOG_clearCounter                               
0     003f2aec  _PWR_setNumStandByClocks                         
0     003f2afd  _PWR_setLowPowerMode                             
0     003f2b0e  _PWR_init                                        
0     003f2b16  _PWR_enableWatchDogInt                           
0     003f2b20  _PWR_enableBrownOutReset                         
0     003f2b23  _PWR_disableWatchDogInt                          
0     003f2b2d  _PWR_disableBrownOutReset                        
0     003f2b30  _TIMER_setPreScaler                              
0     003f2b3e  _TIMER_setEmulationMode                          
0     003f2b42  _TIMER_setDecimationFactor                       
0     003f2b50  _TIMER_init                                      
0     003f2b56  _TIMER_getStatus                                 
0     003f2b59  _TIMER_enableInt                                 
0     003f2b5c  _TIMER_disableInt                                
0     003f2b5f  _TIMER_clearFlag                                 
0     003f2b62  _OSC_setTrim                                     
0     003f2b6b  _OSC_setFineTrim                                 
0     003f2b7c  _OSC_setCoarseTrim                               
0     003f2b89  _OSC_init                                        
0     003f2b8f  C$$EXIT                                          
0     003f2b8f  _abort                                           
0     003f2b91  _exit                                            
0     003f2bb8  _CPU_init                                        
0     003f2bbc  _CPU_enableProtectedRegisterWrite                
0     003f2bbf  _CPU_enableInt                                   
0     003f2bc3  _CPU_enableGlobalInts                            
0     003f2bc6  _CPU_enableDebugInt                              
0     003f2bc9  _CPU_disableProtectedRegisterWrite               
0     003f2bcc  _CPU_disableInts                                 
0     003f2bcf  _CPU_disableInt                                  
0     003f2bd4  _CPU_disableGlobalInts                           
0     003f2bd7  _CPU_disableDebugInt                             
0     003f2bda  _CPU_clearIntFlags                               
0     003f2bdd  FS$$TOI                                          
0     003f2c02  _copy_in                                         
0     003f2c26  _FILTER_FO_setNumCoeffs                          
0     003f2c2a  _FILTER_FO_setInitialConditions                  
0     003f2c2f  _FILTER_FO_setDenCoeffs                          
0     003f2c31  _FILTER_FO_init                                  
0     003f2c37  _FILTER_FO_getNumCoeffs                          
0     003f2c3d  _FILTER_FO_getInitialConditions                  
0     003f2c44  _FILTER_FO_getDenCoeffs                          
0     003f2c47  FS$$TOUL                                         
0     003f2c68  _FLASH_init                                      
0     003f2c6e  _FLASH_getStandbyWaitStatus                      
0     003f2c72  _FLASH_getStandbyWaitCount                       
0     003f2c75  _FLASH_getPowerMode                              
0     003f2c78  _FLASH_getActiveWaitStatus                       
0     003f2c7c  _FLASH_getActiveWaitCount                        
0     003f2c7f  _FLASH_get3VStatus                               
0     003f2c82  _FLASH_clear3VStatus                             
0     003f2c88  FD$$TOL                                          
0     003f2ca7  FS$$TOU                                          
0     003f2cc4  _memcpy                                          
0     003f2ce1  FS$$TOFD                                         
0     003f2cfd  I$$TOFS                                          
0     003f2d17  L$$TOFS                                          
0     003f2d31  __args_main                                      
0     003f2d4a  FS$$CMP                                          
0     003f2d61  UL$$TOFS                                         
0     003f2d74  U$$TOFS                                          
0     003f2d84  _memCopy                                         
0     003f2d93  _copysign                                        
0     003f2d93  _copysignf                                       
0     003f2d9d  __register_unlock                                
0     003f2da1  __register_lock                                  
0     003f2da5  __nop                                            
0     003f2dae  _PIE_illegalIsr                                  
0     003f2db3  FS$$NEG                                          
0     003f2db8  __system_pre_init                                
0     003f2dba  __system_post_cinit                              
0     003f2dbb  __IQ24div                                        
0     003f2dbb  ___etext__                                       
0     003f2dbb  etext                                            
0     003f2e02  __IQ24sqrt                                       
0     003f2e44  __IQ24sinPU                                      
0     003f2e6d  __IQ24cosPU                                      
0     003f2e94  __IQ24toF                                        
0     003f2ea8  __IQ30toF                                        
0     003f2ebc  ___cinit__                                       
0     003f2ebc  cinit                                            
0     003f7ff6  code_start                                       
0     003fdc30  _IQsinTable                                      
0     003fdd30  _IQcosTable                                      
0     003fe030  _IQsinTableEnd                                   
0     003fe132  _IQcosTableEnd                                   
0     003fe132  _IQdivRoundSatTable                              
0     003fe140  _IQdivTable                                      
0     003fe342  _IQdivTableEnd                                   
0     003fe342  _IQisqrtRoundSatTable                            
0     003fe342  _IQsqrtRoundSatTable                             
0     003fe352  _IQisqrtTable                                    
0     003fe352  _IQsqrtTable                                     
0     003fe454  _IQatan2HalfPITable                              
0     003fe454  _IQisqrtTableEnd                                 
0     003fe454  _IQsqrtTableEnd                                  
0     003fe492  _IQatan2Table                                    
0     003fe618  _IQ30mpyRndSatTable                              
0     003fe618  _IQatan2TableEnd                                 
0     003fe618  _IQmpyRndSatTable                                
0     003fe624  _IQ29mpyRndSatTable                              
0     003fe630  _IQ28mpyRndSatTable                              
0     003fe63c  _IQ27mpyRndSatTable                              
0     003fe648  _IQ26mpyRndSatTable                              
0     003fe654  _IQ25mpyRndSatTable                              
0     003fe660  _IQ24mpyRndSatTable                              
0     003fe66c  _IQ23mpyRndSatTable                              
0     003fe678  _IQ22mpyRndSatTable                              
0     003fe684  _IQ21mpyRndSatTable                              
0     003fe690  _IQ20mpyRndSatTable                              
0     003fe69c  _IQ19mpyRndSatTable                              
0     003fe6a8  _IQ18mpyRndSatTable                              
0     003fe6b4  _IQ17mpyRndSatTable                              
0     003fe6c0  _IQ16mpyRndSatTable                              
0     003fe6cc  _IQ15mpyRndSatTable                              
0     003fe6d8  _IQ14mpyRndSatTable                              
0     003fe6e4  _IQ13mpyRndSatTable                              
0     003fe6f0  _IQ12mpyRndSatTable                              
0     003fe6fc  _IQ11mpyRndSatTable                              
0     003fe708  _IQ10mpyRndSatTable                              
0     003fe714  _IQ9mpyRndSatTable                               
0     003fe720  _IQ8mpyRndSatTable                               
0     003fe72c  _IQ7mpyRndSatTable                               
0     003fe738  _IQ6mpyRndSatTable                               
0     003fe744  _IQ5mpyRndSatTable                               
0     003fe750  _IQ4mpyRndSatTable                               
0     003fe75c  _IQ3mpyRndSatTable                               
0     003fe768  _IQ2mpyRndSatTable                               
0     003fe774  _IQ1mpyRndSatTable                               
0     003fe780  _IQmpyRndSatTableEnd                             
1     00000050  __stack                                          
1     00000400  __STACK_END                                      
1     00008c00  _gCounter_updateGlobals                          
1     00008c01  _gLEDcnt                                         
1     00008c02  _Flag_Latch_softwareUpdate                       
1     00008c03  _timer0cnt                                       
1     00008c04  _ctrlHandle                                      
1     00008c06  _gMaxCurrentSlope                                
1     00008c08  _halHandle                                       
1     00008c0a  _controller_obj                                  
1     00008c0c  _gFlux_pu_to_VpHz_sf                             
1     00008c0e  _gFlux_pu_to_Wb_sf                               
1     00008c10  _gTorque_Flux_Iq_pu_to_Nm_sf                     
1     00008c12  _gTorque_Ls_Id_Iq_pu_to_Nm_sf                    
1     00008c14  _ADCrawValue                                     
1     00008c16  _gPwmData                                        
1     00008c1c  _gAdcDataAVG                                     
1     00008c2c  _gAdcData                                        
1     00008c40  _gMotorVars                                      
1     00008d00  _gUserParams                                     
1     00008dac  ___TI_enable_exit_profile_output                 
1     00008dae  ___TI_cleanup_ptr                                
1     00008db0  ___TI_dtors_ptr                                  
1     00008db2  __lock                                           
1     00008db4  __unlock                                         
1     00008db6  _cpu                                             
1     00008db7  _errno                                           
1     00008dc0  _hal                                             
abs   000003b0  __STACK_SIZE                                     
abs   003f861b  _EST_getState                                    
abs   003f861d  _EST_useZeroIq_ref                               
abs   003f8679  _EST_isMotorIdentified                           
abs   003f8713  _EST_updateState                                 
abs   003f89f5  _EST_updateId_ref_pu                             
abs   003f8a18  _EST_setRs_pu                                    
abs   003f8adb  _EST_setMaxCurrentSlope_pu                       
abs   003f8ae7  _EST_setLs_q_pu                                  
abs   003f8af1  _EST_setLs_qFmt                                  
abs   003f8b45  _EST_setLs_d_pu                                  
abs   003f8b63  _EST_setIq_ref_pu                                
abs   003f8b67  _EST_setIdle_all                                 
abs   003f8b7a  _EST_setIdle                                     
abs   003f8b80  _EST_setId_ref_pu                                
abs   003f8bd3  _EST_setFlag_enableRsRecalc                      
abs   003f8bdb  _EST_setFlag_enableForceAngle                    
abs   003f8c0d  _EST_getAngle_pu                                 
abs   003f927b  _EST_run                                         
abs   003f9378  _EST_isOnLine                                    
abs   003f937f  _EST_isLockRotor                                 
abs   003f9386  _EST_isIdle                                      
abs   003f938d  _EST_isError                                     
abs   003f9453  _EST_get_pu_to_krpm_sf                           
abs   003f9458  _EST_get_krpm_to_pu_sf                           
abs   003f94c6  _EST_getSpeed_krpm                               
abs   003f9513  _EST_getRs_Ohm                                   
abs   003f95ad  _EST_getRr_Ohm                                   
abs   003f95b3  _EST_getOneOverDcBus_pu                          
abs   003f95bd  _EST_getMaxCurrentSlope_pu                       
abs   003f95c9  _EST_getLs_q_pu                                  
abs   003f95ce  _EST_getLs_q_H                                   
abs   003f95f0  _EST_getLs_d_pu                                  
abs   003f95f5  _EST_getLs_d_H                                   
abs   003f95ff  _EST_getLs_coarse_max_pu                         
abs   003f9632  _EST_getIdRated                                  
abs   003f968e  _EST_getFm_pu                                    
abs   003f96ab  _EST_getFlux_pu                                  
abs   003f96be  _EST_getFlux_VpHz                                
abs   003f9758  _EST_doSpeedCtrl                                 
abs   003f9760  _EST_doCurrentCtrl                               
abs   003f9806  _CTRL_setupTraj                                  
abs   003f996a  _CTRL_setupEstOnLineState                        
abs   003f99a5  _CTRL_setupEstIdleState                          
abs   003f9b43  _CTRL_setupCtrl                                  
abs   003f9d31  _CTRL_setUserMotorParams                         
abs   003f9e64  _CTRL_setEstParams                               
abs   003fa5d1  _CTRL_runTraj                                    
abs   003fa6fb  _CTRL_initCtrl                                   
abs   003fa721  _CTRL_getVersion                                 
abs   ffffffff  ___TI_pprof_out_hndl                             
abs   ffffffff  ___TI_prof_data_size                             
abs   ffffffff  ___TI_prof_data_start                            
abs   ffffffff  ___binit__                                       
abs   ffffffff  ___c_args__                                      
abs   ffffffff  ___pinit__                                       
abs   ffffffff  binit                                            
abs   ffffffff  pinit                                            

[638 symbols]
